============================= test session starts ==============================
platform linux -- Python 3.11.13, pytest-8.4.2, pluggy-1.6.0 -- /usr/local/bin/python
cachedir: .pytest_cache
rootdir: /code
configfile: pytest.ini
plugins: asyncio-1.1.0, anyio-4.10.0
asyncio: mode=Mode.AUTO, asyncio_default_fixture_loop_scope=None, asyncio_default_test_loop_scope=function
collecting ... collected 4 items

tests/plugins/full_plugins_test.py::test_plugins_loaded 
-------------------------------- live log setup --------------------------------
2025-09-05 14:58:01 [    INFO] select pg_catalog.version() (base.py:1840)
2025-09-05 14:58:01 [    INFO] [raw sql] () (base.py:1840)
2025-09-05 14:58:01 [    INFO] select current_schema() (base.py:1840)
2025-09-05 14:58:01 [    INFO] [raw sql] () (base.py:1840)
2025-09-05 14:58:01 [    INFO] show standard_conforming_strings (base.py:1840)
2025-09-05 14:58:01 [    INFO] [raw sql] () (base.py:1840)
2025-09-05 14:58:01 [    INFO] BEGIN (implicit) (base.py:2696)
2025-09-05 14:58:01 [    INFO] SELECT pg_catalog.pg_class.relname 
FROM pg_catalog.pg_class JOIN pg_catalog.pg_namespace ON pg_catalog.pg_namespace.oid = pg_catalog.pg_class.relnamespace 
WHERE pg_catalog.pg_class.relname = $1::VARCHAR AND pg_catalog.pg_class.relkind = ANY (ARRAY[$2::VARCHAR, $3::VARCHAR, $4::VARCHAR, $5::VARCHAR, $6::VARCHAR]) AND pg_catalog.pg_table_is_visible(pg_catalog.pg_class.oid) AND pg_catalog.pg_namespace.nspname != $7::VARCHAR (base.py:1840)
2025-09-05 14:58:01 [    INFO] [generated in 0.00074s] ('users', 'r', 'p', 'f', 'v', 'm', 'pg_catalog') (base.py:1840)
2025-09-05 14:58:01 [    INFO] SELECT pg_catalog.pg_class.relname 
FROM pg_catalog.pg_class JOIN pg_catalog.pg_namespace ON pg_catalog.pg_namespace.oid = pg_catalog.pg_class.relnamespace 
WHERE pg_catalog.pg_class.relname = $1::VARCHAR AND pg_catalog.pg_class.relkind = ANY (ARRAY[$2::VARCHAR, $3::VARCHAR, $4::VARCHAR, $5::VARCHAR, $6::VARCHAR]) AND pg_catalog.pg_table_is_visible(pg_catalog.pg_class.oid) AND pg_catalog.pg_namespace.nspname != $7::VARCHAR (base.py:1840)
2025-09-05 14:58:01 [    INFO] [cached since 0.005261s ago] ('auth_tokens', 'r', 'p', 'f', 'v', 'm', 'pg_catalog') (base.py:1840)
2025-09-05 14:58:01 [    INFO] SELECT pg_catalog.pg_class.relname 
FROM pg_catalog.pg_class JOIN pg_catalog.pg_namespace ON pg_catalog.pg_namespace.oid = pg_catalog.pg_class.relnamespace 
WHERE pg_catalog.pg_class.relname = $1::VARCHAR AND pg_catalog.pg_class.relkind = ANY (ARRAY[$2::VARCHAR, $3::VARCHAR, $4::VARCHAR, $5::VARCHAR, $6::VARCHAR]) AND pg_catalog.pg_table_is_visible(pg_catalog.pg_class.oid) AND pg_catalog.pg_namespace.nspname != $7::VARCHAR (base.py:1840)
2025-09-05 14:58:01 [    INFO] [cached since 0.007107s ago] ('user_sessions', 'r', 'p', 'f', 'v', 'm', 'pg_catalog') (base.py:1840)
2025-09-05 14:58:01 [    INFO] SELECT pg_catalog.pg_class.relname 
FROM pg_catalog.pg_class JOIN pg_catalog.pg_namespace ON pg_catalog.pg_namespace.oid = pg_catalog.pg_class.relnamespace 
WHERE pg_catalog.pg_class.relname = $1::VARCHAR AND pg_catalog.pg_class.relkind = ANY (ARRAY[$2::VARCHAR, $3::VARCHAR, $4::VARCHAR, $5::VARCHAR, $6::VARCHAR]) AND pg_catalog.pg_table_is_visible(pg_catalog.pg_class.oid) AND pg_catalog.pg_namespace.nspname != $7::VARCHAR (base.py:1840)
2025-09-05 14:58:01 [    INFO] [cached since 0.009166s ago] ('user_profile_changes', 'r', 'p', 'f', 'v', 'm', 'pg_catalog') (base.py:1840)
2025-09-05 14:58:01 [    INFO] SELECT pg_catalog.pg_class.relname 
FROM pg_catalog.pg_class JOIN pg_catalog.pg_namespace ON pg_catalog.pg_namespace.oid = pg_catalog.pg_class.relnamespace 
WHERE pg_catalog.pg_class.relname = $1::VARCHAR AND pg_catalog.pg_class.relkind = ANY (ARRAY[$2::VARCHAR, $3::VARCHAR, $4::VARCHAR, $5::VARCHAR, $6::VARCHAR]) AND pg_catalog.pg_table_is_visible(pg_catalog.pg_class.oid) AND pg_catalog.pg_namespace.nspname != $7::VARCHAR (base.py:1840)
2025-09-05 14:58:01 [    INFO] [cached since 0.01121s ago] ('admin_users', 'r', 'p', 'f', 'v', 'm', 'pg_catalog') (base.py:1840)
2025-09-05 14:58:01 [    INFO] SELECT pg_catalog.pg_class.relname 
FROM pg_catalog.pg_class JOIN pg_catalog.pg_namespace ON pg_catalog.pg_namespace.oid = pg_catalog.pg_class.relnamespace 
WHERE pg_catalog.pg_class.relname = $1::VARCHAR AND pg_catalog.pg_class.relkind = ANY (ARRAY[$2::VARCHAR, $3::VARCHAR, $4::VARCHAR, $5::VARCHAR, $6::VARCHAR]) AND pg_catalog.pg_table_is_visible(pg_catalog.pg_class.oid) AND pg_catalog.pg_namespace.nspname != $7::VARCHAR (base.py:1840)
2025-09-05 14:58:01 [    INFO] [cached since 0.01321s ago] ('admin_actions', 'r', 'p', 'f', 'v', 'm', 'pg_catalog') (base.py:1840)
2025-09-05 14:58:01 [    INFO] SELECT pg_catalog.pg_class.relname 
FROM pg_catalog.pg_class JOIN pg_catalog.pg_namespace ON pg_catalog.pg_namespace.oid = pg_catalog.pg_class.relnamespace 
WHERE pg_catalog.pg_class.relname = $1::VARCHAR AND pg_catalog.pg_class.relkind = ANY (ARRAY[$2::VARCHAR, $3::VARCHAR, $4::VARCHAR, $5::VARCHAR, $6::VARCHAR]) AND pg_catalog.pg_table_is_visible(pg_catalog.pg_class.oid) AND pg_catalog.pg_namespace.nspname != $7::VARCHAR (base.py:1840)
2025-09-05 14:58:01 [    INFO] [cached since 0.0153s ago] ('system_configs', 'r', 'p', 'f', 'v', 'm', 'pg_catalog') (base.py:1840)
2025-09-05 14:58:01 [    INFO] SELECT pg_catalog.pg_class.relname 
FROM pg_catalog.pg_class JOIN pg_catalog.pg_namespace ON pg_catalog.pg_namespace.oid = pg_catalog.pg_class.relnamespace 
WHERE pg_catalog.pg_class.relname = $1::VARCHAR AND pg_catalog.pg_class.relkind = ANY (ARRAY[$2::VARCHAR, $3::VARCHAR, $4::VARCHAR, $5::VARCHAR, $6::VARCHAR]) AND pg_catalog.pg_table_is_visible(pg_catalog.pg_class.oid) AND pg_catalog.pg_namespace.nspname != $7::VARCHAR (base.py:1840)
2025-09-05 14:58:01 [    INFO] [cached since 0.01743s ago] ('audit_logs', 'r', 'p', 'f', 'v', 'm', 'pg_catalog') (base.py:1840)
2025-09-05 14:58:01 [    INFO] SELECT pg_catalog.pg_class.relname 
FROM pg_catalog.pg_class JOIN pg_catalog.pg_namespace ON pg_catalog.pg_namespace.oid = pg_catalog.pg_class.relnamespace 
WHERE pg_catalog.pg_class.relname = $1::VARCHAR AND pg_catalog.pg_class.relkind = ANY (ARRAY[$2::VARCHAR, $3::VARCHAR, $4::VARCHAR, $5::VARCHAR, $6::VARCHAR]) AND pg_catalog.pg_table_is_visible(pg_catalog.pg_class.oid) AND pg_catalog.pg_namespace.nspname != $7::VARCHAR (base.py:1840)
2025-09-05 14:58:01 [    INFO] [cached since 0.01924s ago] ('support_tickets', 'r', 'p', 'f', 'v', 'm', 'pg_catalog') (base.py:1840)
2025-09-05 14:58:01 [    INFO] SELECT pg_catalog.pg_class.relname 
FROM pg_catalog.pg_class JOIN pg_catalog.pg_namespace ON pg_catalog.pg_namespace.oid = pg_catalog.pg_class.relnamespace 
WHERE pg_catalog.pg_class.relname = $1::VARCHAR AND pg_catalog.pg_class.relkind = ANY (ARRAY[$2::VARCHAR, $3::VARCHAR, $4::VARCHAR, $5::VARCHAR, $6::VARCHAR]) AND pg_catalog.pg_table_is_visible(pg_catalog.pg_class.oid) AND pg_catalog.pg_namespace.nspname != $7::VARCHAR (base.py:1840)
2025-09-05 14:58:01 [    INFO] [cached since 0.02092s ago] ('support_messages', 'r', 'p', 'f', 'v', 'm', 'pg_catalog') (base.py:1840)
2025-09-05 14:58:01 [    INFO] SELECT pg_catalog.pg_class.relname 
FROM pg_catalog.pg_class JOIN pg_catalog.pg_namespace ON pg_catalog.pg_namespace.oid = pg_catalog.pg_class.relnamespace 
WHERE pg_catalog.pg_class.relname = $1::VARCHAR AND pg_catalog.pg_class.relkind = ANY (ARRAY[$2::VARCHAR, $3::VARCHAR, $4::VARCHAR, $5::VARCHAR, $6::VARCHAR]) AND pg_catalog.pg_table_is_visible(pg_catalog.pg_class.oid) AND pg_catalog.pg_namespace.nspname != $7::VARCHAR (base.py:1840)
2025-09-05 14:58:01 [    INFO] [cached since 0.02233s ago] ('content_moderation', 'r', 'p', 'f', 'v', 'm', 'pg_catalog') (base.py:1840)
2025-09-05 14:58:01 [    INFO] SELECT pg_catalog.pg_class.relname 
FROM pg_catalog.pg_class JOIN pg_catalog.pg_namespace ON pg_catalog.pg_namespace.oid = pg_catalog.pg_class.relnamespace 
WHERE pg_catalog.pg_class.relname = $1::VARCHAR AND pg_catalog.pg_class.relkind = ANY (ARRAY[$2::VARCHAR, $3::VARCHAR, $4::VARCHAR, $5::VARCHAR, $6::VARCHAR]) AND pg_catalog.pg_table_is_visible(pg_catalog.pg_class.oid) AND pg_catalog.pg_namespace.nspname != $7::VARCHAR (base.py:1840)
2025-09-05 14:58:01 [    INFO] [cached since 0.02374s ago] ('system_metrics', 'r', 'p', 'f', 'v', 'm', 'pg_catalog') (base.py:1840)
2025-09-05 14:58:01 [    INFO] SELECT pg_catalog.pg_class.relname 
FROM pg_catalog.pg_class JOIN pg_catalog.pg_namespace ON pg_catalog.pg_namespace.oid = pg_catalog.pg_class.relnamespace 
WHERE pg_catalog.pg_class.relname = $1::VARCHAR AND pg_catalog.pg_class.relkind = ANY (ARRAY[$2::VARCHAR, $3::VARCHAR, $4::VARCHAR, $5::VARCHAR, $6::VARCHAR]) AND pg_catalog.pg_table_is_visible(pg_catalog.pg_class.oid) AND pg_catalog.pg_namespace.nspname != $7::VARCHAR (base.py:1840)
2025-09-05 14:58:01 [    INFO] [cached since 0.02529s ago] ('admin_dashboards', 'r', 'p', 'f', 'v', 'm', 'pg_catalog') (base.py:1840)
2025-09-05 14:58:01 [    INFO] SELECT pg_catalog.pg_class.relname 
FROM pg_catalog.pg_class JOIN pg_catalog.pg_namespace ON pg_catalog.pg_namespace.oid = pg_catalog.pg_class.relnamespace 
WHERE pg_catalog.pg_class.relname = $1::VARCHAR AND pg_catalog.pg_class.relkind = ANY (ARRAY[$2::VARCHAR, $3::VARCHAR, $4::VARCHAR, $5::VARCHAR, $6::VARCHAR]) AND pg_catalog.pg_table_is_visible(pg_catalog.pg_class.oid) AND pg_catalog.pg_namespace.nspname != $7::VARCHAR (base.py:1840)
2025-09-05 14:58:01 [    INFO] [cached since 0.02725s ago] ('admin_notifications', 'r', 'p', 'f', 'v', 'm', 'pg_catalog') (base.py:1840)
2025-09-05 14:58:01 [    INFO] SELECT pg_catalog.pg_class.relname 
FROM pg_catalog.pg_class JOIN pg_catalog.pg_namespace ON pg_catalog.pg_namespace.oid = pg_catalog.pg_class.relnamespace 
WHERE pg_catalog.pg_class.relname = $1::VARCHAR AND pg_catalog.pg_class.relkind = ANY (ARRAY[$2::VARCHAR, $3::VARCHAR, $4::VARCHAR, $5::VARCHAR, $6::VARCHAR]) AND pg_catalog.pg_table_is_visible(pg_catalog.pg_class.oid) AND pg_catalog.pg_namespace.nspname != $7::VARCHAR (base.py:1840)
2025-09-05 14:58:01 [    INFO] [cached since 0.02891s ago] ('ip_blocklist', 'r', 'p', 'f', 'v', 'm', 'pg_catalog') (base.py:1840)
2025-09-05 14:58:01 [    INFO] SELECT pg_catalog.pg_class.relname 
FROM pg_catalog.pg_class JOIN pg_catalog.pg_namespace ON pg_catalog.pg_namespace.oid = pg_catalog.pg_class.relnamespace 
WHERE pg_catalog.pg_class.relname = $1::VARCHAR AND pg_catalog.pg_class.relkind = ANY (ARRAY[$2::VARCHAR, $3::VARCHAR, $4::VARCHAR, $5::VARCHAR, $6::VARCHAR]) AND pg_catalog.pg_table_is_visible(pg_catalog.pg_class.oid) AND pg_catalog.pg_namespace.nspname != $7::VARCHAR (base.py:1840)
2025-09-05 14:58:01 [    INFO] [cached since 0.03047s ago] ('admin_reports', 'r', 'p', 'f', 'v', 'm', 'pg_catalog') (base.py:1840)
2025-09-05 14:58:01 [    INFO] SELECT pg_catalog.pg_class.relname 
FROM pg_catalog.pg_class JOIN pg_catalog.pg_namespace ON pg_catalog.pg_namespace.oid = pg_catalog.pg_class.relnamespace 
WHERE pg_catalog.pg_class.relname = $1::VARCHAR AND pg_catalog.pg_class.relkind = ANY (ARRAY[$2::VARCHAR, $3::VARCHAR, $4::VARCHAR, $5::VARCHAR, $6::VARCHAR]) AND pg_catalog.pg_table_is_visible(pg_catalog.pg_class.oid) AND pg_catalog.pg_namespace.nspname != $7::VARCHAR (base.py:1840)
2025-09-05 14:58:01 [    INFO] [cached since 0.03232s ago] ('payments', 'r', 'p', 'f', 'v', 'm', 'pg_catalog') (base.py:1840)
2025-09-05 14:58:01 [    INFO] SELECT pg_catalog.pg_class.relname 
FROM pg_catalog.pg_class JOIN pg_catalog.pg_namespace ON pg_catalog.pg_namespace.oid = pg_catalog.pg_class.relnamespace 
WHERE pg_catalog.pg_class.relname = $1::VARCHAR AND pg_catalog.pg_class.relkind = ANY (ARRAY[$2::VARCHAR, $3::VARCHAR, $4::VARCHAR, $5::VARCHAR, $6::VARCHAR]) AND pg_catalog.pg_table_is_visible(pg_catalog.pg_class.oid) AND pg_catalog.pg_namespace.nspname != $7::VARCHAR (base.py:1840)
2025-09-05 14:58:01 [    INFO] [cached since 0.03403s ago] ('payment_refunds', 'r', 'p', 'f', 'v', 'm', 'pg_catalog') (base.py:1840)
2025-09-05 14:58:01 [    INFO] SELECT pg_catalog.pg_class.relname 
FROM pg_catalog.pg_class JOIN pg_catalog.pg_namespace ON pg_catalog.pg_namespace.oid = pg_catalog.pg_class.relnamespace 
WHERE pg_catalog.pg_class.relname = $1::VARCHAR AND pg_catalog.pg_class.relkind = ANY (ARRAY[$2::VARCHAR, $3::VARCHAR, $4::VARCHAR, $5::VARCHAR, $6::VARCHAR]) AND pg_catalog.pg_table_is_visible(pg_catalog.pg_class.oid) AND pg_catalog.pg_namespace.nspname != $7::VARCHAR (base.py:1840)
2025-09-05 14:58:01 [    INFO] [cached since 0.03584s ago] ('payment_webhooks', 'r', 'p', 'f', 'v', 'm', 'pg_catalog') (base.py:1840)
2025-09-05 14:58:01 [    INFO] SELECT pg_catalog.pg_class.relname 
FROM pg_catalog.pg_class JOIN pg_catalog.pg_namespace ON pg_catalog.pg_namespace.oid = pg_catalog.pg_class.relnamespace 
WHERE pg_catalog.pg_class.relname = $1::VARCHAR AND pg_catalog.pg_class.relkind = ANY (ARRAY[$2::VARCHAR, $3::VARCHAR, $4::VARCHAR, $5::VARCHAR, $6::VARCHAR]) AND pg_catalog.pg_table_is_visible(pg_catalog.pg_class.oid) AND pg_catalog.pg_namespace.nspname != $7::VARCHAR (base.py:1840)
2025-09-05 14:58:01 [    INFO] [cached since 0.03747s ago] ('withdrawal_requests', 'r', 'p', 'f', 'v', 'm', 'pg_catalog') (base.py:1840)
2025-09-05 14:58:01 [    INFO] SELECT pg_catalog.pg_class.relname 
FROM pg_catalog.pg_class JOIN pg_catalog.pg_namespace ON pg_catalog.pg_namespace.oid = pg_catalog.pg_class.relnamespace 
WHERE pg_catalog.pg_class.relname = $1::VARCHAR AND pg_catalog.pg_class.relkind = ANY (ARRAY[$2::VARCHAR, $3::VARCHAR, $4::VARCHAR, $5::VARCHAR, $6::VARCHAR]) AND pg_catalog.pg_table_is_visible(pg_catalog.pg_class.oid) AND pg_catalog.pg_namespace.nspname != $7::VARCHAR (base.py:1840)
2025-09-05 14:58:01 [    INFO] [cached since 0.03895s ago] ('sellers', 'r', 'p', 'f', 'v', 'm', 'pg_catalog') (base.py:1840)
2025-09-05 14:58:01 [    INFO] SELECT pg_catalog.pg_class.relname 
FROM pg_catalog.pg_class JOIN pg_catalog.pg_namespace ON pg_catalog.pg_namespace.oid = pg_catalog.pg_class.relnamespace 
WHERE pg_catalog.pg_class.relname = $1::VARCHAR AND pg_catalog.pg_class.relkind = ANY (ARRAY[$2::VARCHAR, $3::VARCHAR, $4::VARCHAR, $5::VARCHAR, $6::VARCHAR]) AND pg_catalog.pg_table_is_visible(pg_catalog.pg_class.oid) AND pg_catalog.pg_namespace.nspname != $7::VARCHAR (base.py:1840)
2025-09-05 14:58:01 [    INFO] [cached since 0.04062s ago] ('orders', 'r', 'p', 'f', 'v', 'm', 'pg_catalog') (base.py:1840)
2025-09-05 14:58:01 [    INFO] SELECT pg_catalog.pg_class.relname 
FROM pg_catalog.pg_class JOIN pg_catalog.pg_namespace ON pg_catalog.pg_namespace.oid = pg_catalog.pg_class.relnamespace 
WHERE pg_catalog.pg_class.relname = $1::VARCHAR AND pg_catalog.pg_class.relkind = ANY (ARRAY[$2::VARCHAR, $3::VARCHAR, $4::VARCHAR, $5::VARCHAR, $6::VARCHAR]) AND pg_catalog.pg_table_is_visible(pg_catalog.pg_class.oid) AND pg_catalog.pg_namespace.nspname != $7::VARCHAR (base.py:1840)
2025-09-05 14:58:01 [    INFO] [cached since 0.04213s ago] ('ads', 'r', 'p', 'f', 'v', 'm', 'pg_catalog') (base.py:1840)
2025-09-05 14:58:01 [    INFO] SELECT pg_catalog.pg_class.relname 
FROM pg_catalog.pg_class JOIN pg_catalog.pg_namespace ON pg_catalog.pg_namespace.oid = pg_catalog.pg_class.relnamespace 
WHERE pg_catalog.pg_class.relname = $1::VARCHAR AND pg_catalog.pg_class.relkind = ANY (ARRAY[$2::VARCHAR, $3::VARCHAR, $4::VARCHAR, $5::VARCHAR, $6::VARCHAR]) AND pg_catalog.pg_table_is_visible(pg_catalog.pg_class.oid) AND pg_catalog.pg_namespace.nspname != $7::VARCHAR (base.py:1840)
2025-09-05 14:58:01 [    INFO] [cached since 0.04392s ago] ('ad_campaigns', 'r', 'p', 'f', 'v', 'm', 'pg_catalog') (base.py:1840)
2025-09-05 14:58:01 [    INFO] SELECT pg_catalog.pg_class.relname 
FROM pg_catalog.pg_class JOIN pg_catalog.pg_namespace ON pg_catalog.pg_namespace.oid = pg_catalog.pg_class.relnamespace 
WHERE pg_catalog.pg_class.relname = $1::VARCHAR AND pg_catalog.pg_class.relkind = ANY (ARRAY[$2::VARCHAR, $3::VARCHAR, $4::VARCHAR, $5::VARCHAR, $6::VARCHAR]) AND pg_catalog.pg_table_is_visible(pg_catalog.pg_class.oid) AND pg_catalog.pg_namespace.nspname != $7::VARCHAR (base.py:1840)
2025-09-05 14:58:01 [    INFO] [cached since 0.04529s ago] ('ad_impressions', 'r', 'p', 'f', 'v', 'm', 'pg_catalog') (base.py:1840)
2025-09-05 14:58:01 [    INFO] SELECT pg_catalog.pg_class.relname 
FROM pg_catalog.pg_class JOIN pg_catalog.pg_namespace ON pg_catalog.pg_namespace.oid = pg_catalog.pg_class.relnamespace 
WHERE pg_catalog.pg_class.relname = $1::VARCHAR AND pg_catalog.pg_class.relkind = ANY (ARRAY[$2::VARCHAR, $3::VARCHAR, $4::VARCHAR, $5::VARCHAR, $6::VARCHAR]) AND pg_catalog.pg_table_is_visible(pg_catalog.pg_class.oid) AND pg_catalog.pg_namespace.nspname != $7::VARCHAR (base.py:1840)
2025-09-05 14:58:01 [    INFO] [cached since 0.047s ago] ('ad_clicks', 'r', 'p', 'f', 'v', 'm', 'pg_catalog') (base.py:1840)
2025-09-05 14:58:01 [    INFO] SELECT pg_catalog.pg_class.relname 
FROM pg_catalog.pg_class JOIN pg_catalog.pg_namespace ON pg_catalog.pg_namespace.oid = pg_catalog.pg_class.relnamespace 
WHERE pg_catalog.pg_class.relname = $1::VARCHAR AND pg_catalog.pg_class.relkind = ANY (ARRAY[$2::VARCHAR, $3::VARCHAR, $4::VARCHAR, $5::VARCHAR, $6::VARCHAR]) AND pg_catalog.pg_table_is_visible(pg_catalog.pg_class.oid) AND pg_catalog.pg_namespace.nspname != $7::VARCHAR (base.py:1840)
2025-09-05 14:58:01 [    INFO] [cached since 0.04946s ago] ('ad_conversions', 'r', 'p', 'f', 'v', 'm', 'pg_catalog') (base.py:1840)
2025-09-05 14:58:01 [    INFO] SELECT pg_catalog.pg_class.relname 
FROM pg_catalog.pg_class JOIN pg_catalog.pg_namespace ON pg_catalog.pg_namespace.oid = pg_catalog.pg_class.relnamespace 
WHERE pg_catalog.pg_class.relname = $1::VARCHAR AND pg_catalog.pg_class.relkind = ANY (ARRAY[$2::VARCHAR, $3::VARCHAR, $4::VARCHAR, $5::VARCHAR, $6::VARCHAR]) AND pg_catalog.pg_table_is_visible(pg_catalog.pg_class.oid) AND pg_catalog.pg_namespace.nspname != $7::VARCHAR (base.py:1840)
2025-09-05 14:58:01 [    INFO] [cached since 0.05133s ago] ('ad_bids', 'r', 'p', 'f', 'v', 'm', 'pg_catalog') (base.py:1840)
2025-09-05 14:58:01 [    INFO] SELECT pg_catalog.pg_class.relname 
FROM pg_catalog.pg_class JOIN pg_catalog.pg_namespace ON pg_catalog.pg_namespace.oid = pg_catalog.pg_class.relnamespace 
WHERE pg_catalog.pg_class.relname = $1::VARCHAR AND pg_catalog.pg_class.relkind = ANY (ARRAY[$2::VARCHAR, $3::VARCHAR, $4::VARCHAR, $5::VARCHAR, $6::VARCHAR]) AND pg_catalog.pg_table_is_visible(pg_catalog.pg_class.oid) AND pg_catalog.pg_namespace.nspname != $7::VARCHAR (base.py:1840)
2025-09-05 14:58:01 [    INFO] [cached since 0.05289s ago] ('ad_spaces', 'r', 'p', 'f', 'v', 'm', 'pg_catalog') (base.py:1840)
2025-09-05 14:58:01 [    INFO] SELECT pg_catalog.pg_class.relname 
FROM pg_catalog.pg_class JOIN pg_catalog.pg_namespace ON pg_catalog.pg_namespace.oid = pg_catalog.pg_class.relnamespace 
WHERE pg_catalog.pg_class.relname = $1::VARCHAR AND pg_catalog.pg_class.relkind = ANY (ARRAY[$2::VARCHAR, $3::VARCHAR, $4::VARCHAR, $5::VARCHAR, $6::VARCHAR]) AND pg_catalog.pg_table_is_visible(pg_catalog.pg_class.oid) AND pg_catalog.pg_namespace.nspname != $7::VARCHAR (base.py:1840)
2025-09-05 14:58:01 [    INFO] [cached since 0.05427s ago] ('ad_blocklist', 'r', 'p', 'f', 'v', 'm', 'pg_catalog') (base.py:1840)
2025-09-05 14:58:01 [    INFO] SELECT pg_catalog.pg_class.relname 
FROM pg_catalog.pg_class JOIN pg_catalog.pg_namespace ON pg_catalog.pg_namespace.oid = pg_catalog.pg_class.relnamespace 
WHERE pg_catalog.pg_class.relname = $1::VARCHAR AND pg_catalog.pg_class.relkind = ANY (ARRAY[$2::VARCHAR, $3::VARCHAR, $4::VARCHAR, $5::VARCHAR, $6::VARCHAR]) AND pg_catalog.pg_table_is_visible(pg_catalog.pg_class.oid) AND pg_catalog.pg_namespace.nspname != $7::VARCHAR (base.py:1840)
2025-09-05 14:58:01 [    INFO] [cached since 0.05569s ago] ('ad_analytics', 'r', 'p', 'f', 'v', 'm', 'pg_catalog') (base.py:1840)
2025-09-05 14:58:01 [    INFO] SELECT pg_catalog.pg_class.relname 
FROM pg_catalog.pg_class JOIN pg_catalog.pg_namespace ON pg_catalog.pg_namespace.oid = pg_catalog.pg_class.relnamespace 
WHERE pg_catalog.pg_class.relname = $1::VARCHAR AND pg_catalog.pg_class.relkind = ANY (ARRAY[$2::VARCHAR, $3::VARCHAR, $4::VARCHAR, $5::VARCHAR, $6::VARCHAR]) AND pg_catalog.pg_table_is_visible(pg_catalog.pg_class.oid) AND pg_catalog.pg_namespace.nspname != $7::VARCHAR (base.py:1840)
2025-09-05 14:58:01 [    INFO] [cached since 0.05731s ago] ('ai_tasks', 'r', 'p', 'f', 'v', 'm', 'pg_catalog') (base.py:1840)
2025-09-05 14:58:01 [    INFO] SELECT pg_catalog.pg_type.typname 
FROM pg_catalog.pg_type JOIN pg_catalog.pg_namespace ON pg_catalog.pg_namespace.oid = pg_catalog.pg_type.typnamespace 
WHERE pg_catalog.pg_type.typname = $1::VARCHAR AND pg_catalog.pg_type_is_visible(pg_catalog.pg_type.oid) AND pg_catalog.pg_namespace.nspname != $2::VARCHAR (base.py:1840)
2025-09-05 14:58:01 [    INFO] [generated in 0.00067s] ('adminrole', 'pg_catalog') (base.py:1840)
2025-09-05 14:58:01 [    INFO] SELECT pg_catalog.pg_type.typname 
FROM pg_catalog.pg_type JOIN pg_catalog.pg_namespace ON pg_catalog.pg_namespace.oid = pg_catalog.pg_type.typnamespace 
WHERE pg_catalog.pg_type.typname = $1::VARCHAR AND pg_catalog.pg_type_is_visible(pg_catalog.pg_type.oid) AND pg_catalog.pg_namespace.nspname != $2::VARCHAR (base.py:1840)
2025-09-05 14:58:01 [    INFO] [cached since 0.003889s ago] ('adminactiontype', 'pg_catalog') (base.py:1840)
2025-09-05 14:58:01 [    INFO] SELECT pg_catalog.pg_type.typname 
FROM pg_catalog.pg_type JOIN pg_catalog.pg_namespace ON pg_catalog.pg_namespace.oid = pg_catalog.pg_type.typnamespace 
WHERE pg_catalog.pg_type.typname = $1::VARCHAR AND pg_catalog.pg_type_is_visible(pg_catalog.pg_type.oid) AND pg_catalog.pg_namespace.nspname != $2::VARCHAR (base.py:1840)
2025-09-05 14:58:01 [    INFO] [cached since 0.006348s ago] ('adminactionstatus', 'pg_catalog') (base.py:1840)
2025-09-05 14:58:01 [    INFO] SELECT pg_catalog.pg_type.typname 
FROM pg_catalog.pg_type JOIN pg_catalog.pg_namespace ON pg_catalog.pg_namespace.oid = pg_catalog.pg_type.typnamespace 
WHERE pg_catalog.pg_type.typname = $1::VARCHAR AND pg_catalog.pg_type_is_visible(pg_catalog.pg_type.oid) AND pg_catalog.pg_namespace.nspname != $2::VARCHAR (base.py:1840)
2025-09-05 14:58:01 [    INFO] [cached since 0.008749s ago] ('paymentstatus', 'pg_catalog') (base.py:1840)
2025-09-05 14:58:01 [    INFO] SELECT pg_catalog.pg_type.typname 
FROM pg_catalog.pg_type JOIN pg_catalog.pg_namespace ON pg_catalog.pg_namespace.oid = pg_catalog.pg_type.typnamespace 
WHERE pg_catalog.pg_type.typname = $1::VARCHAR AND pg_catalog.pg_type_is_visible(pg_catalog.pg_type.oid) AND pg_catalog.pg_namespace.nspname != $2::VARCHAR (base.py:1840)
2025-09-05 14:58:01 [    INFO] [cached since 0.01094s ago] ('paymentmethod', 'pg_catalog') (base.py:1840)
2025-09-05 14:58:01 [    INFO] SELECT pg_catalog.pg_type.typname 
FROM pg_catalog.pg_type JOIN pg_catalog.pg_namespace ON pg_catalog.pg_namespace.oid = pg_catalog.pg_type.typnamespace 
WHERE pg_catalog.pg_type.typname = $1::VARCHAR AND pg_catalog.pg_type_is_visible(pg_catalog.pg_type.oid) AND pg_catalog.pg_namespace.nspname != $2::VARCHAR (base.py:1840)
2025-09-05 14:58:01 [    INFO] [cached since 0.01303s ago] ('paymenttype', 'pg_catalog') (base.py:1840)
2025-09-05 14:58:01 [    INFO] SELECT pg_catalog.pg_type.typname 
FROM pg_catalog.pg_type JOIN pg_catalog.pg_namespace ON pg_catalog.pg_namespace.oid = pg_catalog.pg_type.typnamespace 
WHERE pg_catalog.pg_type.typname = $1::VARCHAR AND pg_catalog.pg_type_is_visible(pg_catalog.pg_type.oid) AND pg_catalog.pg_namespace.nspname != $2::VARCHAR (base.py:1840)
2025-09-05 14:58:01 [    INFO] [cached since 0.01528s ago] ('orderstatus', 'pg_catalog') (base.py:1840)
2025-09-05 14:58:01 [    INFO] SELECT pg_catalog.pg_type.typname 
FROM pg_catalog.pg_type JOIN pg_catalog.pg_namespace ON pg_catalog.pg_namespace.oid = pg_catalog.pg_type.typnamespace 
WHERE pg_catalog.pg_type.typname = $1::VARCHAR AND pg_catalog.pg_type_is_visible(pg_catalog.pg_type.oid) AND pg_catalog.pg_namespace.nspname != $2::VARCHAR (base.py:1840)
2025-09-05 14:58:01 [    INFO] [cached since 0.01753s ago] ('adtype', 'pg_catalog') (base.py:1840)
2025-09-05 14:58:01 [    INFO] SELECT pg_catalog.pg_type.typname 
FROM pg_catalog.pg_type JOIN pg_catalog.pg_namespace ON pg_catalog.pg_namespace.oid = pg_catalog.pg_type.typnamespace 
WHERE pg_catalog.pg_type.typname = $1::VARCHAR AND pg_catalog.pg_type_is_visible(pg_catalog.pg_type.oid) AND pg_catalog.pg_namespace.nspname != $2::VARCHAR (base.py:1840)
2025-09-05 14:58:01 [    INFO] [cached since 0.01991s ago] ('adstatus', 'pg_catalog') (base.py:1840)
2025-09-05 14:58:01 [    INFO] SELECT pg_catalog.pg_type.typname 
FROM pg_catalog.pg_type JOIN pg_catalog.pg_namespace ON pg_catalog.pg_namespace.oid = pg_catalog.pg_type.typnamespace 
WHERE pg_catalog.pg_type.typname = $1::VARCHAR AND pg_catalog.pg_type_is_visible(pg_catalog.pg_type.oid) AND pg_catalog.pg_namespace.nspname != $2::VARCHAR (base.py:1840)
2025-09-05 14:58:01 [    INFO] [cached since 0.02197s ago] ('biddingtype', 'pg_catalog') (base.py:1840)
2025-09-05 14:58:01 [    INFO] COMMIT (base.py:2702)
2025-09-05 14:58:01 [    INFO] BEGIN (implicit) (base.py:2696)
2025-09-05 14:58:01 [    INFO] SELECT pg_catalog.pg_class.relname 
FROM pg_catalog.pg_class JOIN pg_catalog.pg_namespace ON pg_catalog.pg_namespace.oid = pg_catalog.pg_class.relnamespace 
WHERE pg_catalog.pg_class.relname = $1::VARCHAR AND pg_catalog.pg_class.relkind = ANY (ARRAY[$2::VARCHAR, $3::VARCHAR, $4::VARCHAR, $5::VARCHAR, $6::VARCHAR]) AND pg_catalog.pg_table_is_visible(pg_catalog.pg_class.oid) AND pg_catalog.pg_namespace.nspname != $7::VARCHAR (base.py:1840)
2025-09-05 14:58:01 [    INFO] [cached since 0.2309s ago] ('users', 'r', 'p', 'f', 'v', 'm', 'pg_catalog') (base.py:1840)
2025-09-05 14:58:01 [    INFO] SELECT pg_catalog.pg_class.relname 
FROM pg_catalog.pg_class JOIN pg_catalog.pg_namespace ON pg_catalog.pg_namespace.oid = pg_catalog.pg_class.relnamespace 
WHERE pg_catalog.pg_class.relname = $1::VARCHAR AND pg_catalog.pg_class.relkind = ANY (ARRAY[$2::VARCHAR, $3::VARCHAR, $4::VARCHAR, $5::VARCHAR, $6::VARCHAR]) AND pg_catalog.pg_table_is_visible(pg_catalog.pg_class.oid) AND pg_catalog.pg_namespace.nspname != $7::VARCHAR (base.py:1840)
2025-09-05 14:58:01 [    INFO] [cached since 0.233s ago] ('auth_tokens', 'r', 'p', 'f', 'v', 'm', 'pg_catalog') (base.py:1840)
2025-09-05 14:58:01 [    INFO] SELECT pg_catalog.pg_class.relname 
FROM pg_catalog.pg_class JOIN pg_catalog.pg_namespace ON pg_catalog.pg_namespace.oid = pg_catalog.pg_class.relnamespace 
WHERE pg_catalog.pg_class.relname = $1::VARCHAR AND pg_catalog.pg_class.relkind = ANY (ARRAY[$2::VARCHAR, $3::VARCHAR, $4::VARCHAR, $5::VARCHAR, $6::VARCHAR]) AND pg_catalog.pg_table_is_visible(pg_catalog.pg_class.oid) AND pg_catalog.pg_namespace.nspname != $7::VARCHAR (base.py:1840)
2025-09-05 14:58:01 [    INFO] [cached since 0.235s ago] ('user_sessions', 'r', 'p', 'f', 'v', 'm', 'pg_catalog') (base.py:1840)
2025-09-05 14:58:01 [    INFO] SELECT pg_catalog.pg_class.relname 
FROM pg_catalog.pg_class JOIN pg_catalog.pg_namespace ON pg_catalog.pg_namespace.oid = pg_catalog.pg_class.relnamespace 
WHERE pg_catalog.pg_class.relname = $1::VARCHAR AND pg_catalog.pg_class.relkind = ANY (ARRAY[$2::VARCHAR, $3::VARCHAR, $4::VARCHAR, $5::VARCHAR, $6::VARCHAR]) AND pg_catalog.pg_table_is_visible(pg_catalog.pg_class.oid) AND pg_catalog.pg_namespace.nspname != $7::VARCHAR (base.py:1840)
2025-09-05 14:58:01 [    INFO] [cached since 0.2365s ago] ('user_profile_changes', 'r', 'p', 'f', 'v', 'm', 'pg_catalog') (base.py:1840)
2025-09-05 14:58:01 [    INFO] SELECT pg_catalog.pg_class.relname 
FROM pg_catalog.pg_class JOIN pg_catalog.pg_namespace ON pg_catalog.pg_namespace.oid = pg_catalog.pg_class.relnamespace 
WHERE pg_catalog.pg_class.relname = $1::VARCHAR AND pg_catalog.pg_class.relkind = ANY (ARRAY[$2::VARCHAR, $3::VARCHAR, $4::VARCHAR, $5::VARCHAR, $6::VARCHAR]) AND pg_catalog.pg_table_is_visible(pg_catalog.pg_class.oid) AND pg_catalog.pg_namespace.nspname != $7::VARCHAR (base.py:1840)
2025-09-05 14:58:01 [    INFO] [cached since 0.238s ago] ('admin_users', 'r', 'p', 'f', 'v', 'm', 'pg_catalog') (base.py:1840)
2025-09-05 14:58:01 [    INFO] SELECT pg_catalog.pg_class.relname 
FROM pg_catalog.pg_class JOIN pg_catalog.pg_namespace ON pg_catalog.pg_namespace.oid = pg_catalog.pg_class.relnamespace 
WHERE pg_catalog.pg_class.relname = $1::VARCHAR AND pg_catalog.pg_class.relkind = ANY (ARRAY[$2::VARCHAR, $3::VARCHAR, $4::VARCHAR, $5::VARCHAR, $6::VARCHAR]) AND pg_catalog.pg_table_is_visible(pg_catalog.pg_class.oid) AND pg_catalog.pg_namespace.nspname != $7::VARCHAR (base.py:1840)
2025-09-05 14:58:01 [    INFO] [cached since 0.2399s ago] ('admin_actions', 'r', 'p', 'f', 'v', 'm', 'pg_catalog') (base.py:1840)
2025-09-05 14:58:01 [    INFO] SELECT pg_catalog.pg_class.relname 
FROM pg_catalog.pg_class JOIN pg_catalog.pg_namespace ON pg_catalog.pg_namespace.oid = pg_catalog.pg_class.relnamespace 
WHERE pg_catalog.pg_class.relname = $1::VARCHAR AND pg_catalog.pg_class.relkind = ANY (ARRAY[$2::VARCHAR, $3::VARCHAR, $4::VARCHAR, $5::VARCHAR, $6::VARCHAR]) AND pg_catalog.pg_table_is_visible(pg_catalog.pg_class.oid) AND pg_catalog.pg_namespace.nspname != $7::VARCHAR (base.py:1840)
2025-09-05 14:58:01 [    INFO] [cached since 0.2423s ago] ('system_configs', 'r', 'p', 'f', 'v', 'm', 'pg_catalog') (base.py:1840)
2025-09-05 14:58:01 [    INFO] SELECT pg_catalog.pg_class.relname 
FROM pg_catalog.pg_class JOIN pg_catalog.pg_namespace ON pg_catalog.pg_namespace.oid = pg_catalog.pg_class.relnamespace 
WHERE pg_catalog.pg_class.relname = $1::VARCHAR AND pg_catalog.pg_class.relkind = ANY (ARRAY[$2::VARCHAR, $3::VARCHAR, $4::VARCHAR, $5::VARCHAR, $6::VARCHAR]) AND pg_catalog.pg_table_is_visible(pg_catalog.pg_class.oid) AND pg_catalog.pg_namespace.nspname != $7::VARCHAR (base.py:1840)
2025-09-05 14:58:01 [    INFO] [cached since 0.2443s ago] ('audit_logs', 'r', 'p', 'f', 'v', 'm', 'pg_catalog') (base.py:1840)
2025-09-05 14:58:01 [    INFO] SELECT pg_catalog.pg_class.relname 
FROM pg_catalog.pg_class JOIN pg_catalog.pg_namespace ON pg_catalog.pg_namespace.oid = pg_catalog.pg_class.relnamespace 
WHERE pg_catalog.pg_class.relname = $1::VARCHAR AND pg_catalog.pg_class.relkind = ANY (ARRAY[$2::VARCHAR, $3::VARCHAR, $4::VARCHAR, $5::VARCHAR, $6::VARCHAR]) AND pg_catalog.pg_table_is_visible(pg_catalog.pg_class.oid) AND pg_catalog.pg_namespace.nspname != $7::VARCHAR (base.py:1840)
2025-09-05 14:58:01 [    INFO] [cached since 0.2461s ago] ('support_tickets', 'r', 'p', 'f', 'v', 'm', 'pg_catalog') (base.py:1840)
2025-09-05 14:58:01 [    INFO] SELECT pg_catalog.pg_class.relname 
FROM pg_catalog.pg_class JOIN pg_catalog.pg_namespace ON pg_catalog.pg_namespace.oid = pg_catalog.pg_class.relnamespace 
WHERE pg_catalog.pg_class.relname = $1::VARCHAR AND pg_catalog.pg_class.relkind = ANY (ARRAY[$2::VARCHAR, $3::VARCHAR, $4::VARCHAR, $5::VARCHAR, $6::VARCHAR]) AND pg_catalog.pg_table_is_visible(pg_catalog.pg_class.oid) AND pg_catalog.pg_namespace.nspname != $7::VARCHAR (base.py:1840)
2025-09-05 14:58:01 [    INFO] [cached since 0.2476s ago] ('support_messages', 'r', 'p', 'f', 'v', 'm', 'pg_catalog') (base.py:1840)
2025-09-05 14:58:01 [    INFO] SELECT pg_catalog.pg_class.relname 
FROM pg_catalog.pg_class JOIN pg_catalog.pg_namespace ON pg_catalog.pg_namespace.oid = pg_catalog.pg_class.relnamespace 
WHERE pg_catalog.pg_class.relname = $1::VARCHAR AND pg_catalog.pg_class.relkind = ANY (ARRAY[$2::VARCHAR, $3::VARCHAR, $4::VARCHAR, $5::VARCHAR, $6::VARCHAR]) AND pg_catalog.pg_table_is_visible(pg_catalog.pg_class.oid) AND pg_catalog.pg_namespace.nspname != $7::VARCHAR (base.py:1840)
2025-09-05 14:58:01 [    INFO] [cached since 0.249s ago] ('content_moderation', 'r', 'p', 'f', 'v', 'm', 'pg_catalog') (base.py:1840)
2025-09-05 14:58:01 [    INFO] SELECT pg_catalog.pg_class.relname 
FROM pg_catalog.pg_class JOIN pg_catalog.pg_namespace ON pg_catalog.pg_namespace.oid = pg_catalog.pg_class.relnamespace 
WHERE pg_catalog.pg_class.relname = $1::VARCHAR AND pg_catalog.pg_class.relkind = ANY (ARRAY[$2::VARCHAR, $3::VARCHAR, $4::VARCHAR, $5::VARCHAR, $6::VARCHAR]) AND pg_catalog.pg_table_is_visible(pg_catalog.pg_class.oid) AND pg_catalog.pg_namespace.nspname != $7::VARCHAR (base.py:1840)
2025-09-05 14:58:01 [    INFO] [cached since 0.2508s ago] ('system_metrics', 'r', 'p', 'f', 'v', 'm', 'pg_catalog') (base.py:1840)
2025-09-05 14:58:01 [    INFO] SELECT pg_catalog.pg_class.relname 
FROM pg_catalog.pg_class JOIN pg_catalog.pg_namespace ON pg_catalog.pg_namespace.oid = pg_catalog.pg_class.relnamespace 
WHERE pg_catalog.pg_class.relname = $1::VARCHAR AND pg_catalog.pg_class.relkind = ANY (ARRAY[$2::VARCHAR, $3::VARCHAR, $4::VARCHAR, $5::VARCHAR, $6::VARCHAR]) AND pg_catalog.pg_table_is_visible(pg_catalog.pg_class.oid) AND pg_catalog.pg_namespace.nspname != $7::VARCHAR (base.py:1840)
2025-09-05 14:58:01 [    INFO] [cached since 0.2523s ago] ('admin_dashboards', 'r', 'p', 'f', 'v', 'm', 'pg_catalog') (base.py:1840)
2025-09-05 14:58:01 [    INFO] SELECT pg_catalog.pg_class.relname 
FROM pg_catalog.pg_class JOIN pg_catalog.pg_namespace ON pg_catalog.pg_namespace.oid = pg_catalog.pg_class.relnamespace 
WHERE pg_catalog.pg_class.relname = $1::VARCHAR AND pg_catalog.pg_class.relkind = ANY (ARRAY[$2::VARCHAR, $3::VARCHAR, $4::VARCHAR, $5::VARCHAR, $6::VARCHAR]) AND pg_catalog.pg_table_is_visible(pg_catalog.pg_class.oid) AND pg_catalog.pg_namespace.nspname != $7::VARCHAR (base.py:1840)
2025-09-05 14:58:01 [    INFO] [cached since 0.2537s ago] ('admin_notifications', 'r', 'p', 'f', 'v', 'm', 'pg_catalog') (base.py:1840)
2025-09-05 14:58:01 [    INFO] SELECT pg_catalog.pg_class.relname 
FROM pg_catalog.pg_class JOIN pg_catalog.pg_namespace ON pg_catalog.pg_namespace.oid = pg_catalog.pg_class.relnamespace 
WHERE pg_catalog.pg_class.relname = $1::VARCHAR AND pg_catalog.pg_class.relkind = ANY (ARRAY[$2::VARCHAR, $3::VARCHAR, $4::VARCHAR, $5::VARCHAR, $6::VARCHAR]) AND pg_catalog.pg_table_is_visible(pg_catalog.pg_class.oid) AND pg_catalog.pg_namespace.nspname != $7::VARCHAR (base.py:1840)
2025-09-05 14:58:01 [    INFO] [cached since 0.2554s ago] ('ip_blocklist', 'r', 'p', 'f', 'v', 'm', 'pg_catalog') (base.py:1840)
2025-09-05 14:58:01 [    INFO] SELECT pg_catalog.pg_class.relname 
FROM pg_catalog.pg_class JOIN pg_catalog.pg_namespace ON pg_catalog.pg_namespace.oid = pg_catalog.pg_class.relnamespace 
WHERE pg_catalog.pg_class.relname = $1::VARCHAR AND pg_catalog.pg_class.relkind = ANY (ARRAY[$2::VARCHAR, $3::VARCHAR, $4::VARCHAR, $5::VARCHAR, $6::VARCHAR]) AND pg_catalog.pg_table_is_visible(pg_catalog.pg_class.oid) AND pg_catalog.pg_namespace.nspname != $7::VARCHAR (base.py:1840)
2025-09-05 14:58:01 [    INFO] [cached since 0.257s ago] ('admin_reports', 'r', 'p', 'f', 'v', 'm', 'pg_catalog') (base.py:1840)
2025-09-05 14:58:01 [    INFO] SELECT pg_catalog.pg_class.relname 
FROM pg_catalog.pg_class JOIN pg_catalog.pg_namespace ON pg_catalog.pg_namespace.oid = pg_catalog.pg_class.relnamespace 
WHERE pg_catalog.pg_class.relname = $1::VARCHAR AND pg_catalog.pg_class.relkind = ANY (ARRAY[$2::VARCHAR, $3::VARCHAR, $4::VARCHAR, $5::VARCHAR, $6::VARCHAR]) AND pg_catalog.pg_table_is_visible(pg_catalog.pg_class.oid) AND pg_catalog.pg_namespace.nspname != $7::VARCHAR (base.py:1840)
2025-09-05 14:58:01 [    INFO] [cached since 0.2584s ago] ('payments', 'r', 'p', 'f', 'v', 'm', 'pg_catalog') (base.py:1840)
2025-09-05 14:58:01 [    INFO] SELECT pg_catalog.pg_class.relname 
FROM pg_catalog.pg_class JOIN pg_catalog.pg_namespace ON pg_catalog.pg_namespace.oid = pg_catalog.pg_class.relnamespace 
WHERE pg_catalog.pg_class.relname = $1::VARCHAR AND pg_catalog.pg_class.relkind = ANY (ARRAY[$2::VARCHAR, $3::VARCHAR, $4::VARCHAR, $5::VARCHAR, $6::VARCHAR]) AND pg_catalog.pg_table_is_visible(pg_catalog.pg_class.oid) AND pg_catalog.pg_namespace.nspname != $7::VARCHAR (base.py:1840)
2025-09-05 14:58:01 [    INFO] [cached since 0.2601s ago] ('payment_refunds', 'r', 'p', 'f', 'v', 'm', 'pg_catalog') (base.py:1840)
2025-09-05 14:58:01 [    INFO] SELECT pg_catalog.pg_class.relname 
FROM pg_catalog.pg_class JOIN pg_catalog.pg_namespace ON pg_catalog.pg_namespace.oid = pg_catalog.pg_class.relnamespace 
WHERE pg_catalog.pg_class.relname = $1::VARCHAR AND pg_catalog.pg_class.relkind = ANY (ARRAY[$2::VARCHAR, $3::VARCHAR, $4::VARCHAR, $5::VARCHAR, $6::VARCHAR]) AND pg_catalog.pg_table_is_visible(pg_catalog.pg_class.oid) AND pg_catalog.pg_namespace.nspname != $7::VARCHAR (base.py:1840)
2025-09-05 14:58:01 [    INFO] [cached since 0.2615s ago] ('payment_webhooks', 'r', 'p', 'f', 'v', 'm', 'pg_catalog') (base.py:1840)
2025-09-05 14:58:01 [    INFO] SELECT pg_catalog.pg_class.relname 
FROM pg_catalog.pg_class JOIN pg_catalog.pg_namespace ON pg_catalog.pg_namespace.oid = pg_catalog.pg_class.relnamespace 
WHERE pg_catalog.pg_class.relname = $1::VARCHAR AND pg_catalog.pg_class.relkind = ANY (ARRAY[$2::VARCHAR, $3::VARCHAR, $4::VARCHAR, $5::VARCHAR, $6::VARCHAR]) AND pg_catalog.pg_table_is_visible(pg_catalog.pg_class.oid) AND pg_catalog.pg_namespace.nspname != $7::VARCHAR (base.py:1840)
2025-09-05 14:58:01 [    INFO] [cached since 0.2628s ago] ('withdrawal_requests', 'r', 'p', 'f', 'v', 'm', 'pg_catalog') (base.py:1840)
2025-09-05 14:58:01 [    INFO] SELECT pg_catalog.pg_class.relname 
FROM pg_catalog.pg_class JOIN pg_catalog.pg_namespace ON pg_catalog.pg_namespace.oid = pg_catalog.pg_class.relnamespace 
WHERE pg_catalog.pg_class.relname = $1::VARCHAR AND pg_catalog.pg_class.relkind = ANY (ARRAY[$2::VARCHAR, $3::VARCHAR, $4::VARCHAR, $5::VARCHAR, $6::VARCHAR]) AND pg_catalog.pg_table_is_visible(pg_catalog.pg_class.oid) AND pg_catalog.pg_namespace.nspname != $7::VARCHAR (base.py:1840)
2025-09-05 14:58:01 [    INFO] [cached since 0.264s ago] ('sellers', 'r', 'p', 'f', 'v', 'm', 'pg_catalog') (base.py:1840)
2025-09-05 14:58:01 [    INFO] SELECT pg_catalog.pg_class.relname 
FROM pg_catalog.pg_class JOIN pg_catalog.pg_namespace ON pg_catalog.pg_namespace.oid = pg_catalog.pg_class.relnamespace 
WHERE pg_catalog.pg_class.relname = $1::VARCHAR AND pg_catalog.pg_class.relkind = ANY (ARRAY[$2::VARCHAR, $3::VARCHAR, $4::VARCHAR, $5::VARCHAR, $6::VARCHAR]) AND pg_catalog.pg_table_is_visible(pg_catalog.pg_class.oid) AND pg_catalog.pg_namespace.nspname != $7::VARCHAR (base.py:1840)
2025-09-05 14:58:01 [    INFO] [cached since 0.266s ago] ('orders', 'r', 'p', 'f', 'v', 'm', 'pg_catalog') (base.py:1840)
2025-09-05 14:58:01 [    INFO] SELECT pg_catalog.pg_class.relname 
FROM pg_catalog.pg_class JOIN pg_catalog.pg_namespace ON pg_catalog.pg_namespace.oid = pg_catalog.pg_class.relnamespace 
WHERE pg_catalog.pg_class.relname = $1::VARCHAR AND pg_catalog.pg_class.relkind = ANY (ARRAY[$2::VARCHAR, $3::VARCHAR, $4::VARCHAR, $5::VARCHAR, $6::VARCHAR]) AND pg_catalog.pg_table_is_visible(pg_catalog.pg_class.oid) AND pg_catalog.pg_namespace.nspname != $7::VARCHAR (base.py:1840)
2025-09-05 14:58:01 [    INFO] [cached since 0.2677s ago] ('ads', 'r', 'p', 'f', 'v', 'm', 'pg_catalog') (base.py:1840)
2025-09-05 14:58:01 [    INFO] SELECT pg_catalog.pg_class.relname 
FROM pg_catalog.pg_class JOIN pg_catalog.pg_namespace ON pg_catalog.pg_namespace.oid = pg_catalog.pg_class.relnamespace 
WHERE pg_catalog.pg_class.relname = $1::VARCHAR AND pg_catalog.pg_class.relkind = ANY (ARRAY[$2::VARCHAR, $3::VARCHAR, $4::VARCHAR, $5::VARCHAR, $6::VARCHAR]) AND pg_catalog.pg_table_is_visible(pg_catalog.pg_class.oid) AND pg_catalog.pg_namespace.nspname != $7::VARCHAR (base.py:1840)
2025-09-05 14:58:01 [    INFO] [cached since 0.2691s ago] ('ad_campaigns', 'r', 'p', 'f', 'v', 'm', 'pg_catalog') (base.py:1840)
2025-09-05 14:58:01 [    INFO] SELECT pg_catalog.pg_class.relname 
FROM pg_catalog.pg_class JOIN pg_catalog.pg_namespace ON pg_catalog.pg_namespace.oid = pg_catalog.pg_class.relnamespace 
WHERE pg_catalog.pg_class.relname = $1::VARCHAR AND pg_catalog.pg_class.relkind = ANY (ARRAY[$2::VARCHAR, $3::VARCHAR, $4::VARCHAR, $5::VARCHAR, $6::VARCHAR]) AND pg_catalog.pg_table_is_visible(pg_catalog.pg_class.oid) AND pg_catalog.pg_namespace.nspname != $7::VARCHAR (base.py:1840)
2025-09-05 14:58:01 [    INFO] [cached since 0.2707s ago] ('ad_impressions', 'r', 'p', 'f', 'v', 'm', 'pg_catalog') (base.py:1840)
2025-09-05 14:58:01 [    INFO] SELECT pg_catalog.pg_class.relname 
FROM pg_catalog.pg_class JOIN pg_catalog.pg_namespace ON pg_catalog.pg_namespace.oid = pg_catalog.pg_class.relnamespace 
WHERE pg_catalog.pg_class.relname = $1::VARCHAR AND pg_catalog.pg_class.relkind = ANY (ARRAY[$2::VARCHAR, $3::VARCHAR, $4::VARCHAR, $5::VARCHAR, $6::VARCHAR]) AND pg_catalog.pg_table_is_visible(pg_catalog.pg_class.oid) AND pg_catalog.pg_namespace.nspname != $7::VARCHAR (base.py:1840)
2025-09-05 14:58:01 [    INFO] [cached since 0.272s ago] ('ad_clicks', 'r', 'p', 'f', 'v', 'm', 'pg_catalog') (base.py:1840)
2025-09-05 14:58:01 [    INFO] SELECT pg_catalog.pg_class.relname 
FROM pg_catalog.pg_class JOIN pg_catalog.pg_namespace ON pg_catalog.pg_namespace.oid = pg_catalog.pg_class.relnamespace 
WHERE pg_catalog.pg_class.relname = $1::VARCHAR AND pg_catalog.pg_class.relkind = ANY (ARRAY[$2::VARCHAR, $3::VARCHAR, $4::VARCHAR, $5::VARCHAR, $6::VARCHAR]) AND pg_catalog.pg_table_is_visible(pg_catalog.pg_class.oid) AND pg_catalog.pg_namespace.nspname != $7::VARCHAR (base.py:1840)
2025-09-05 14:58:01 [    INFO] [cached since 0.2734s ago] ('ad_conversions', 'r', 'p', 'f', 'v', 'm', 'pg_catalog') (base.py:1840)
2025-09-05 14:58:01 [    INFO] SELECT pg_catalog.pg_class.relname 
FROM pg_catalog.pg_class JOIN pg_catalog.pg_namespace ON pg_catalog.pg_namespace.oid = pg_catalog.pg_class.relnamespace 
WHERE pg_catalog.pg_class.relname = $1::VARCHAR AND pg_catalog.pg_class.relkind = ANY (ARRAY[$2::VARCHAR, $3::VARCHAR, $4::VARCHAR, $5::VARCHAR, $6::VARCHAR]) AND pg_catalog.pg_table_is_visible(pg_catalog.pg_class.oid) AND pg_catalog.pg_namespace.nspname != $7::VARCHAR (base.py:1840)
2025-09-05 14:58:01 [    INFO] [cached since 0.2749s ago] ('ad_bids', 'r', 'p', 'f', 'v', 'm', 'pg_catalog') (base.py:1840)
2025-09-05 14:58:01 [    INFO] SELECT pg_catalog.pg_class.relname 
FROM pg_catalog.pg_class JOIN pg_catalog.pg_namespace ON pg_catalog.pg_namespace.oid = pg_catalog.pg_class.relnamespace 
WHERE pg_catalog.pg_class.relname = $1::VARCHAR AND pg_catalog.pg_class.relkind = ANY (ARRAY[$2::VARCHAR, $3::VARCHAR, $4::VARCHAR, $5::VARCHAR, $6::VARCHAR]) AND pg_catalog.pg_table_is_visible(pg_catalog.pg_class.oid) AND pg_catalog.pg_namespace.nspname != $7::VARCHAR (base.py:1840)
2025-09-05 14:58:01 [    INFO] [cached since 0.2765s ago] ('ad_spaces', 'r', 'p', 'f', 'v', 'm', 'pg_catalog') (base.py:1840)
2025-09-05 14:58:01 [    INFO] SELECT pg_catalog.pg_class.relname 
FROM pg_catalog.pg_class JOIN pg_catalog.pg_namespace ON pg_catalog.pg_namespace.oid = pg_catalog.pg_class.relnamespace 
WHERE pg_catalog.pg_class.relname = $1::VARCHAR AND pg_catalog.pg_class.relkind = ANY (ARRAY[$2::VARCHAR, $3::VARCHAR, $4::VARCHAR, $5::VARCHAR, $6::VARCHAR]) AND pg_catalog.pg_table_is_visible(pg_catalog.pg_class.oid) AND pg_catalog.pg_namespace.nspname != $7::VARCHAR (base.py:1840)
2025-09-05 14:58:01 [    INFO] [cached since 0.278s ago] ('ad_blocklist', 'r', 'p', 'f', 'v', 'm', 'pg_catalog') (base.py:1840)
2025-09-05 14:58:01 [    INFO] SELECT pg_catalog.pg_class.relname 
FROM pg_catalog.pg_class JOIN pg_catalog.pg_namespace ON pg_catalog.pg_namespace.oid = pg_catalog.pg_class.relnamespace 
WHERE pg_catalog.pg_class.relname = $1::VARCHAR AND pg_catalog.pg_class.relkind = ANY (ARRAY[$2::VARCHAR, $3::VARCHAR, $4::VARCHAR, $5::VARCHAR, $6::VARCHAR]) AND pg_catalog.pg_table_is_visible(pg_catalog.pg_class.oid) AND pg_catalog.pg_namespace.nspname != $7::VARCHAR (base.py:1840)
2025-09-05 14:58:01 [    INFO] [cached since 0.2793s ago] ('ad_analytics', 'r', 'p', 'f', 'v', 'm', 'pg_catalog') (base.py:1840)
2025-09-05 14:58:01 [    INFO] SELECT pg_catalog.pg_class.relname 
FROM pg_catalog.pg_class JOIN pg_catalog.pg_namespace ON pg_catalog.pg_namespace.oid = pg_catalog.pg_class.relnamespace 
WHERE pg_catalog.pg_class.relname = $1::VARCHAR AND pg_catalog.pg_class.relkind = ANY (ARRAY[$2::VARCHAR, $3::VARCHAR, $4::VARCHAR, $5::VARCHAR, $6::VARCHAR]) AND pg_catalog.pg_table_is_visible(pg_catalog.pg_class.oid) AND pg_catalog.pg_namespace.nspname != $7::VARCHAR (base.py:1840)
2025-09-05 14:58:01 [    INFO] [cached since 0.2811s ago] ('ai_tasks', 'r', 'p', 'f', 'v', 'm', 'pg_catalog') (base.py:1840)
2025-09-05 14:58:01 [    INFO] SELECT pg_catalog.pg_class.relname 
FROM pg_catalog.pg_class JOIN pg_catalog.pg_namespace ON pg_catalog.pg_namespace.oid = pg_catalog.pg_class.relnamespace 
WHERE pg_catalog.pg_class.relname = $1::VARCHAR AND pg_catalog.pg_class.relkind = ANY (ARRAY[$2::VARCHAR, $3::VARCHAR, $4::VARCHAR, $5::VARCHAR, $6::VARCHAR]) AND pg_catalog.pg_table_is_visible(pg_catalog.pg_class.oid) AND pg_catalog.pg_namespace.nspname != $7::VARCHAR (base.py:1840)
2025-09-05 14:58:01 [    INFO] [cached since 0.2827s ago] ('carts', 'r', 'p', 'f', 'v', 'm', 'pg_catalog') (base.py:1840)
2025-09-05 14:58:01 [    INFO] SELECT pg_catalog.pg_class.relname 
FROM pg_catalog.pg_class JOIN pg_catalog.pg_namespace ON pg_catalog.pg_namespace.oid = pg_catalog.pg_class.relnamespace 
WHERE pg_catalog.pg_class.relname = $1::VARCHAR AND pg_catalog.pg_class.relkind = ANY (ARRAY[$2::VARCHAR, $3::VARCHAR, $4::VARCHAR, $5::VARCHAR, $6::VARCHAR]) AND pg_catalog.pg_table_is_visible(pg_catalog.pg_class.oid) AND pg_catalog.pg_namespace.nspname != $7::VARCHAR (base.py:1840)
2025-09-05 14:58:01 [    INFO] [cached since 0.2842s ago] ('cart_items', 'r', 'p', 'f', 'v', 'm', 'pg_catalog') (base.py:1840)
2025-09-05 14:58:01 [    INFO] SELECT pg_catalog.pg_class.relname 
FROM pg_catalog.pg_class JOIN pg_catalog.pg_namespace ON pg_catalog.pg_namespace.oid = pg_catalog.pg_class.relnamespace 
WHERE pg_catalog.pg_class.relname = $1::VARCHAR AND pg_catalog.pg_class.relkind = ANY (ARRAY[$2::VARCHAR, $3::VARCHAR, $4::VARCHAR, $5::VARCHAR, $6::VARCHAR]) AND pg_catalog.pg_table_is_visible(pg_catalog.pg_class.oid) AND pg_catalog.pg_namespace.nspname != $7::VARCHAR (base.py:1840)
2025-09-05 14:58:01 [    INFO] [cached since 0.2856s ago] ('cms_pages', 'r', 'p', 'f', 'v', 'm', 'pg_catalog') (base.py:1840)
2025-09-05 14:58:01 [    INFO] SELECT pg_catalog.pg_type.typname 
FROM pg_catalog.pg_type JOIN pg_catalog.pg_namespace ON pg_catalog.pg_namespace.oid = pg_catalog.pg_type.typnamespace 
WHERE pg_catalog.pg_type.typname = $1::VARCHAR AND pg_catalog.pg_type_is_visible(pg_catalog.pg_type.oid) AND pg_catalog.pg_namespace.nspname != $2::VARCHAR (base.py:1840)
2025-09-05 14:58:01 [    INFO] [cached since 0.2278s ago] ('adminrole', 'pg_catalog') (base.py:1840)
2025-09-05 14:58:01 [    INFO] SELECT pg_catalog.pg_type.typname 
FROM pg_catalog.pg_type JOIN pg_catalog.pg_namespace ON pg_catalog.pg_namespace.oid = pg_catalog.pg_type.typnamespace 
WHERE pg_catalog.pg_type.typname = $1::VARCHAR AND pg_catalog.pg_type_is_visible(pg_catalog.pg_type.oid) AND pg_catalog.pg_namespace.nspname != $2::VARCHAR (base.py:1840)
2025-09-05 14:58:01 [    INFO] [cached since 0.2297s ago] ('adminactiontype', 'pg_catalog') (base.py:1840)
2025-09-05 14:58:01 [    INFO] SELECT pg_catalog.pg_type.typname 
FROM pg_catalog.pg_type JOIN pg_catalog.pg_namespace ON pg_catalog.pg_namespace.oid = pg_catalog.pg_type.typnamespace 
WHERE pg_catalog.pg_type.typname = $1::VARCHAR AND pg_catalog.pg_type_is_visible(pg_catalog.pg_type.oid) AND pg_catalog.pg_namespace.nspname != $2::VARCHAR (base.py:1840)
2025-09-05 14:58:01 [    INFO] [cached since 0.2315s ago] ('adminactionstatus', 'pg_catalog') (base.py:1840)
2025-09-05 14:58:01 [    INFO] SELECT pg_catalog.pg_type.typname 
FROM pg_catalog.pg_type JOIN pg_catalog.pg_namespace ON pg_catalog.pg_namespace.oid = pg_catalog.pg_type.typnamespace 
WHERE pg_catalog.pg_type.typname = $1::VARCHAR AND pg_catalog.pg_type_is_visible(pg_catalog.pg_type.oid) AND pg_catalog.pg_namespace.nspname != $2::VARCHAR (base.py:1840)
2025-09-05 14:58:01 [    INFO] [cached since 0.2337s ago] ('paymentstatus', 'pg_catalog') (base.py:1840)
2025-09-05 14:58:01 [    INFO] SELECT pg_catalog.pg_type.typname 
FROM pg_catalog.pg_type JOIN pg_catalog.pg_namespace ON pg_catalog.pg_namespace.oid = pg_catalog.pg_type.typnamespace 
WHERE pg_catalog.pg_type.typname = $1::VARCHAR AND pg_catalog.pg_type_is_visible(pg_catalog.pg_type.oid) AND pg_catalog.pg_namespace.nspname != $2::VARCHAR (base.py:1840)
2025-09-05 14:58:01 [    INFO] [cached since 0.2357s ago] ('paymentmethod', 'pg_catalog') (base.py:1840)
2025-09-05 14:58:01 [    INFO] SELECT pg_catalog.pg_type.typname 
FROM pg_catalog.pg_type JOIN pg_catalog.pg_namespace ON pg_catalog.pg_namespace.oid = pg_catalog.pg_type.typnamespace 
WHERE pg_catalog.pg_type.typname = $1::VARCHAR AND pg_catalog.pg_type_is_visible(pg_catalog.pg_type.oid) AND pg_catalog.pg_namespace.nspname != $2::VARCHAR (base.py:1840)
2025-09-05 14:58:01 [    INFO] [cached since 0.2376s ago] ('paymenttype', 'pg_catalog') (base.py:1840)
2025-09-05 14:58:01 [    INFO] SELECT pg_catalog.pg_type.typname 
FROM pg_catalog.pg_type JOIN pg_catalog.pg_namespace ON pg_catalog.pg_namespace.oid = pg_catalog.pg_type.typnamespace 
WHERE pg_catalog.pg_type.typname = $1::VARCHAR AND pg_catalog.pg_type_is_visible(pg_catalog.pg_type.oid) AND pg_catalog.pg_namespace.nspname != $2::VARCHAR (base.py:1840)
2025-09-05 14:58:01 [    INFO] [cached since 0.2393s ago] ('orderstatus', 'pg_catalog') (base.py:1840)
2025-09-05 14:58:01 [    INFO] SELECT pg_catalog.pg_type.typname 
FROM pg_catalog.pg_type JOIN pg_catalog.pg_namespace ON pg_catalog.pg_namespace.oid = pg_catalog.pg_type.typnamespace 
WHERE pg_catalog.pg_type.typname = $1::VARCHAR AND pg_catalog.pg_type_is_visible(pg_catalog.pg_type.oid) AND pg_catalog.pg_namespace.nspname != $2::VARCHAR (base.py:1840)
2025-09-05 14:58:01 [    INFO] [cached since 0.2411s ago] ('adtype', 'pg_catalog') (base.py:1840)
2025-09-05 14:58:01 [    INFO] SELECT pg_catalog.pg_type.typname 
FROM pg_catalog.pg_type JOIN pg_catalog.pg_namespace ON pg_catalog.pg_namespace.oid = pg_catalog.pg_type.typnamespace 
WHERE pg_catalog.pg_type.typname = $1::VARCHAR AND pg_catalog.pg_type_is_visible(pg_catalog.pg_type.oid) AND pg_catalog.pg_namespace.nspname != $2::VARCHAR (base.py:1840)
2025-09-05 14:58:01 [    INFO] [cached since 0.2427s ago] ('adstatus', 'pg_catalog') (base.py:1840)
2025-09-05 14:58:01 [    INFO] SELECT pg_catalog.pg_type.typname 
FROM pg_catalog.pg_type JOIN pg_catalog.pg_namespace ON pg_catalog.pg_namespace.oid = pg_catalog.pg_type.typnamespace 
WHERE pg_catalog.pg_type.typname = $1::VARCHAR AND pg_catalog.pg_type_is_visible(pg_catalog.pg_type.oid) AND pg_catalog.pg_namespace.nspname != $2::VARCHAR (base.py:1840)
2025-09-05 14:58:01 [    INFO] [cached since 0.2446s ago] ('biddingtype', 'pg_catalog') (base.py:1840)
2025-09-05 14:58:01 [    INFO] COMMIT (base.py:2702)
2025-09-05 14:58:01 [    INFO] BEGIN (implicit) (base.py:2696)
2025-09-05 14:58:01 [    INFO] SELECT pg_catalog.pg_class.relname 
FROM pg_catalog.pg_class JOIN pg_catalog.pg_namespace ON pg_catalog.pg_namespace.oid = pg_catalog.pg_class.relnamespace 
WHERE pg_catalog.pg_class.relname = $1::VARCHAR AND pg_catalog.pg_class.relkind = ANY (ARRAY[$2::VARCHAR, $3::VARCHAR, $4::VARCHAR, $5::VARCHAR, $6::VARCHAR]) AND pg_catalog.pg_table_is_visible(pg_catalog.pg_class.oid) AND pg_catalog.pg_namespace.nspname != $7::VARCHAR (base.py:1840)
2025-09-05 14:58:01 [    INFO] [cached since 0.3927s ago] ('users', 'r', 'p', 'f', 'v', 'm', 'pg_catalog') (base.py:1840)
2025-09-05 14:58:01 [    INFO] SELECT pg_catalog.pg_class.relname 
FROM pg_catalog.pg_class JOIN pg_catalog.pg_namespace ON pg_catalog.pg_namespace.oid = pg_catalog.pg_class.relnamespace 
WHERE pg_catalog.pg_class.relname = $1::VARCHAR AND pg_catalog.pg_class.relkind = ANY (ARRAY[$2::VARCHAR, $3::VARCHAR, $4::VARCHAR, $5::VARCHAR, $6::VARCHAR]) AND pg_catalog.pg_table_is_visible(pg_catalog.pg_class.oid) AND pg_catalog.pg_namespace.nspname != $7::VARCHAR (base.py:1840)
2025-09-05 14:58:01 [    INFO] [cached since 0.3949s ago] ('auth_tokens', 'r', 'p', 'f', 'v', 'm', 'pg_catalog') (base.py:1840)
2025-09-05 14:58:01 [    INFO] SELECT pg_catalog.pg_class.relname 
FROM pg_catalog.pg_class JOIN pg_catalog.pg_namespace ON pg_catalog.pg_namespace.oid = pg_catalog.pg_class.relnamespace 
WHERE pg_catalog.pg_class.relname = $1::VARCHAR AND pg_catalog.pg_class.relkind = ANY (ARRAY[$2::VARCHAR, $3::VARCHAR, $4::VARCHAR, $5::VARCHAR, $6::VARCHAR]) AND pg_catalog.pg_table_is_visible(pg_catalog.pg_class.oid) AND pg_catalog.pg_namespace.nspname != $7::VARCHAR (base.py:1840)
2025-09-05 14:58:01 [    INFO] [cached since 0.3967s ago] ('user_sessions', 'r', 'p', 'f', 'v', 'm', 'pg_catalog') (base.py:1840)
2025-09-05 14:58:01 [    INFO] SELECT pg_catalog.pg_class.relname 
FROM pg_catalog.pg_class JOIN pg_catalog.pg_namespace ON pg_catalog.pg_namespace.oid = pg_catalog.pg_class.relnamespace 
WHERE pg_catalog.pg_class.relname = $1::VARCHAR AND pg_catalog.pg_class.relkind = ANY (ARRAY[$2::VARCHAR, $3::VARCHAR, $4::VARCHAR, $5::VARCHAR, $6::VARCHAR]) AND pg_catalog.pg_table_is_visible(pg_catalog.pg_class.oid) AND pg_catalog.pg_namespace.nspname != $7::VARCHAR (base.py:1840)
2025-09-05 14:58:01 [    INFO] [cached since 0.3981s ago] ('user_profile_changes', 'r', 'p', 'f', 'v', 'm', 'pg_catalog') (base.py:1840)
2025-09-05 14:58:01 [    INFO] SELECT pg_catalog.pg_class.relname 
FROM pg_catalog.pg_class JOIN pg_catalog.pg_namespace ON pg_catalog.pg_namespace.oid = pg_catalog.pg_class.relnamespace 
WHERE pg_catalog.pg_class.relname = $1::VARCHAR AND pg_catalog.pg_class.relkind = ANY (ARRAY[$2::VARCHAR, $3::VARCHAR, $4::VARCHAR, $5::VARCHAR, $6::VARCHAR]) AND pg_catalog.pg_table_is_visible(pg_catalog.pg_class.oid) AND pg_catalog.pg_namespace.nspname != $7::VARCHAR (base.py:1840)
2025-09-05 14:58:01 [    INFO] [cached since 0.3995s ago] ('admin_users', 'r', 'p', 'f', 'v', 'm', 'pg_catalog') (base.py:1840)
2025-09-05 14:58:01 [    INFO] SELECT pg_catalog.pg_class.relname 
FROM pg_catalog.pg_class JOIN pg_catalog.pg_namespace ON pg_catalog.pg_namespace.oid = pg_catalog.pg_class.relnamespace 
WHERE pg_catalog.pg_class.relname = $1::VARCHAR AND pg_catalog.pg_class.relkind = ANY (ARRAY[$2::VARCHAR, $3::VARCHAR, $4::VARCHAR, $5::VARCHAR, $6::VARCHAR]) AND pg_catalog.pg_table_is_visible(pg_catalog.pg_class.oid) AND pg_catalog.pg_namespace.nspname != $7::VARCHAR (base.py:1840)
2025-09-05 14:58:01 [    INFO] [cached since 0.401s ago] ('admin_actions', 'r', 'p', 'f', 'v', 'm', 'pg_catalog') (base.py:1840)
2025-09-05 14:58:01 [    INFO] SELECT pg_catalog.pg_class.relname 
FROM pg_catalog.pg_class JOIN pg_catalog.pg_namespace ON pg_catalog.pg_namespace.oid = pg_catalog.pg_class.relnamespace 
WHERE pg_catalog.pg_class.relname = $1::VARCHAR AND pg_catalog.pg_class.relkind = ANY (ARRAY[$2::VARCHAR, $3::VARCHAR, $4::VARCHAR, $5::VARCHAR, $6::VARCHAR]) AND pg_catalog.pg_table_is_visible(pg_catalog.pg_class.oid) AND pg_catalog.pg_namespace.nspname != $7::VARCHAR (base.py:1840)
2025-09-05 14:58:01 [    INFO] [cached since 0.4025s ago] ('system_configs', 'r', 'p', 'f', 'v', 'm', 'pg_catalog') (base.py:1840)
2025-09-05 14:58:01 [    INFO] SELECT pg_catalog.pg_class.relname 
FROM pg_catalog.pg_class JOIN pg_catalog.pg_namespace ON pg_catalog.pg_namespace.oid = pg_catalog.pg_class.relnamespace 
WHERE pg_catalog.pg_class.relname = $1::VARCHAR AND pg_catalog.pg_class.relkind = ANY (ARRAY[$2::VARCHAR, $3::VARCHAR, $4::VARCHAR, $5::VARCHAR, $6::VARCHAR]) AND pg_catalog.pg_table_is_visible(pg_catalog.pg_class.oid) AND pg_catalog.pg_namespace.nspname != $7::VARCHAR (base.py:1840)
2025-09-05 14:58:01 [    INFO] [cached since 0.4043s ago] ('audit_logs', 'r', 'p', 'f', 'v', 'm', 'pg_catalog') (base.py:1840)
2025-09-05 14:58:01 [    INFO] SELECT pg_catalog.pg_class.relname 
FROM pg_catalog.pg_class JOIN pg_catalog.pg_namespace ON pg_catalog.pg_namespace.oid = pg_catalog.pg_class.relnamespace 
WHERE pg_catalog.pg_class.relname = $1::VARCHAR AND pg_catalog.pg_class.relkind = ANY (ARRAY[$2::VARCHAR, $3::VARCHAR, $4::VARCHAR, $5::VARCHAR, $6::VARCHAR]) AND pg_catalog.pg_table_is_visible(pg_catalog.pg_class.oid) AND pg_catalog.pg_namespace.nspname != $7::VARCHAR (base.py:1840)
2025-09-05 14:58:01 [    INFO] [cached since 0.4061s ago] ('support_tickets', 'r', 'p', 'f', 'v', 'm', 'pg_catalog') (base.py:1840)
2025-09-05 14:58:01 [    INFO] SELECT pg_catalog.pg_class.relname 
FROM pg_catalog.pg_class JOIN pg_catalog.pg_namespace ON pg_catalog.pg_namespace.oid = pg_catalog.pg_class.relnamespace 
WHERE pg_catalog.pg_class.relname = $1::VARCHAR AND pg_catalog.pg_class.relkind = ANY (ARRAY[$2::VARCHAR, $3::VARCHAR, $4::VARCHAR, $5::VARCHAR, $6::VARCHAR]) AND pg_catalog.pg_table_is_visible(pg_catalog.pg_class.oid) AND pg_catalog.pg_namespace.nspname != $7::VARCHAR (base.py:1840)
2025-09-05 14:58:01 [    INFO] [cached since 0.4075s ago] ('support_messages', 'r', 'p', 'f', 'v', 'm', 'pg_catalog') (base.py:1840)
2025-09-05 14:58:01 [    INFO] SELECT pg_catalog.pg_class.relname 
FROM pg_catalog.pg_class JOIN pg_catalog.pg_namespace ON pg_catalog.pg_namespace.oid = pg_catalog.pg_class.relnamespace 
WHERE pg_catalog.pg_class.relname = $1::VARCHAR AND pg_catalog.pg_class.relkind = ANY (ARRAY[$2::VARCHAR, $3::VARCHAR, $4::VARCHAR, $5::VARCHAR, $6::VARCHAR]) AND pg_catalog.pg_table_is_visible(pg_catalog.pg_class.oid) AND pg_catalog.pg_namespace.nspname != $7::VARCHAR (base.py:1840)
2025-09-05 14:58:01 [    INFO] [cached since 0.4093s ago] ('content_moderation', 'r', 'p', 'f', 'v', 'm', 'pg_catalog') (base.py:1840)
2025-09-05 14:58:01 [    INFO] SELECT pg_catalog.pg_class.relname 
FROM pg_catalog.pg_class JOIN pg_catalog.pg_namespace ON pg_catalog.pg_namespace.oid = pg_catalog.pg_class.relnamespace 
WHERE pg_catalog.pg_class.relname = $1::VARCHAR AND pg_catalog.pg_class.relkind = ANY (ARRAY[$2::VARCHAR, $3::VARCHAR, $4::VARCHAR, $5::VARCHAR, $6::VARCHAR]) AND pg_catalog.pg_table_is_visible(pg_catalog.pg_class.oid) AND pg_catalog.pg_namespace.nspname != $7::VARCHAR (base.py:1840)
2025-09-05 14:58:01 [    INFO] [cached since 0.4108s ago] ('system_metrics', 'r', 'p', 'f', 'v', 'm', 'pg_catalog') (base.py:1840)
2025-09-05 14:58:01 [    INFO] SELECT pg_catalog.pg_class.relname 
FROM pg_catalog.pg_class JOIN pg_catalog.pg_namespace ON pg_catalog.pg_namespace.oid = pg_catalog.pg_class.relnamespace 
WHERE pg_catalog.pg_class.relname = $1::VARCHAR AND pg_catalog.pg_class.relkind = ANY (ARRAY[$2::VARCHAR, $3::VARCHAR, $4::VARCHAR, $5::VARCHAR, $6::VARCHAR]) AND pg_catalog.pg_table_is_visible(pg_catalog.pg_class.oid) AND pg_catalog.pg_namespace.nspname != $7::VARCHAR (base.py:1840)
2025-09-05 14:58:01 [    INFO] [cached since 0.4124s ago] ('admin_dashboards', 'r', 'p', 'f', 'v', 'm', 'pg_catalog') (base.py:1840)
2025-09-05 14:58:01 [    INFO] SELECT pg_catalog.pg_class.relname 
FROM pg_catalog.pg_class JOIN pg_catalog.pg_namespace ON pg_catalog.pg_namespace.oid = pg_catalog.pg_class.relnamespace 
WHERE pg_catalog.pg_class.relname = $1::VARCHAR AND pg_catalog.pg_class.relkind = ANY (ARRAY[$2::VARCHAR, $3::VARCHAR, $4::VARCHAR, $5::VARCHAR, $6::VARCHAR]) AND pg_catalog.pg_table_is_visible(pg_catalog.pg_class.oid) AND pg_catalog.pg_namespace.nspname != $7::VARCHAR (base.py:1840)
2025-09-05 14:58:01 [    INFO] [cached since 0.4139s ago] ('admin_notifications', 'r', 'p', 'f', 'v', 'm', 'pg_catalog') (base.py:1840)
2025-09-05 14:58:01 [    INFO] SELECT pg_catalog.pg_class.relname 
FROM pg_catalog.pg_class JOIN pg_catalog.pg_namespace ON pg_catalog.pg_namespace.oid = pg_catalog.pg_class.relnamespace 
WHERE pg_catalog.pg_class.relname = $1::VARCHAR AND pg_catalog.pg_class.relkind = ANY (ARRAY[$2::VARCHAR, $3::VARCHAR, $4::VARCHAR, $5::VARCHAR, $6::VARCHAR]) AND pg_catalog.pg_table_is_visible(pg_catalog.pg_class.oid) AND pg_catalog.pg_namespace.nspname != $7::VARCHAR (base.py:1840)
2025-09-05 14:58:01 [    INFO] [cached since 0.4153s ago] ('ip_blocklist', 'r', 'p', 'f', 'v', 'm', 'pg_catalog') (base.py:1840)
2025-09-05 14:58:01 [    INFO] SELECT pg_catalog.pg_class.relname 
FROM pg_catalog.pg_class JOIN pg_catalog.pg_namespace ON pg_catalog.pg_namespace.oid = pg_catalog.pg_class.relnamespace 
WHERE pg_catalog.pg_class.relname = $1::VARCHAR AND pg_catalog.pg_class.relkind = ANY (ARRAY[$2::VARCHAR, $3::VARCHAR, $4::VARCHAR, $5::VARCHAR, $6::VARCHAR]) AND pg_catalog.pg_table_is_visible(pg_catalog.pg_class.oid) AND pg_catalog.pg_namespace.nspname != $7::VARCHAR (base.py:1840)
2025-09-05 14:58:01 [    INFO] [cached since 0.4168s ago] ('admin_reports', 'r', 'p', 'f', 'v', 'm', 'pg_catalog') (base.py:1840)
2025-09-05 14:58:01 [    INFO] SELECT pg_catalog.pg_class.relname 
FROM pg_catalog.pg_class JOIN pg_catalog.pg_namespace ON pg_catalog.pg_namespace.oid = pg_catalog.pg_class.relnamespace 
WHERE pg_catalog.pg_class.relname = $1::VARCHAR AND pg_catalog.pg_class.relkind = ANY (ARRAY[$2::VARCHAR, $3::VARCHAR, $4::VARCHAR, $5::VARCHAR, $6::VARCHAR]) AND pg_catalog.pg_table_is_visible(pg_catalog.pg_class.oid) AND pg_catalog.pg_namespace.nspname != $7::VARCHAR (base.py:1840)
2025-09-05 14:58:01 [    INFO] [cached since 0.4183s ago] ('payments', 'r', 'p', 'f', 'v', 'm', 'pg_catalog') (base.py:1840)
2025-09-05 14:58:01 [    INFO] SELECT pg_catalog.pg_class.relname 
FROM pg_catalog.pg_class JOIN pg_catalog.pg_namespace ON pg_catalog.pg_namespace.oid = pg_catalog.pg_class.relnamespace 
WHERE pg_catalog.pg_class.relname = $1::VARCHAR AND pg_catalog.pg_class.relkind = ANY (ARRAY[$2::VARCHAR, $3::VARCHAR, $4::VARCHAR, $5::VARCHAR, $6::VARCHAR]) AND pg_catalog.pg_table_is_visible(pg_catalog.pg_class.oid) AND pg_catalog.pg_namespace.nspname != $7::VARCHAR (base.py:1840)
2025-09-05 14:58:01 [    INFO] [cached since 0.4197s ago] ('payment_refunds', 'r', 'p', 'f', 'v', 'm', 'pg_catalog') (base.py:1840)
2025-09-05 14:58:01 [    INFO] SELECT pg_catalog.pg_class.relname 
FROM pg_catalog.pg_class JOIN pg_catalog.pg_namespace ON pg_catalog.pg_namespace.oid = pg_catalog.pg_class.relnamespace 
WHERE pg_catalog.pg_class.relname = $1::VARCHAR AND pg_catalog.pg_class.relkind = ANY (ARRAY[$2::VARCHAR, $3::VARCHAR, $4::VARCHAR, $5::VARCHAR, $6::VARCHAR]) AND pg_catalog.pg_table_is_visible(pg_catalog.pg_class.oid) AND pg_catalog.pg_namespace.nspname != $7::VARCHAR (base.py:1840)
2025-09-05 14:58:01 [    INFO] [cached since 0.4221s ago] ('payment_webhooks', 'r', 'p', 'f', 'v', 'm', 'pg_catalog') (base.py:1840)
2025-09-05 14:58:01 [    INFO] SELECT pg_catalog.pg_class.relname 
FROM pg_catalog.pg_class JOIN pg_catalog.pg_namespace ON pg_catalog.pg_namespace.oid = pg_catalog.pg_class.relnamespace 
WHERE pg_catalog.pg_class.relname = $1::VARCHAR AND pg_catalog.pg_class.relkind = ANY (ARRAY[$2::VARCHAR, $3::VARCHAR, $4::VARCHAR, $5::VARCHAR, $6::VARCHAR]) AND pg_catalog.pg_table_is_visible(pg_catalog.pg_class.oid) AND pg_catalog.pg_namespace.nspname != $7::VARCHAR (base.py:1840)
2025-09-05 14:58:01 [    INFO] [cached since 0.4238s ago] ('withdrawal_requests', 'r', 'p', 'f', 'v', 'm', 'pg_catalog') (base.py:1840)
2025-09-05 14:58:01 [    INFO] SELECT pg_catalog.pg_class.relname 
FROM pg_catalog.pg_class JOIN pg_catalog.pg_namespace ON pg_catalog.pg_namespace.oid = pg_catalog.pg_class.relnamespace 
WHERE pg_catalog.pg_class.relname = $1::VARCHAR AND pg_catalog.pg_class.relkind = ANY (ARRAY[$2::VARCHAR, $3::VARCHAR, $4::VARCHAR, $5::VARCHAR, $6::VARCHAR]) AND pg_catalog.pg_table_is_visible(pg_catalog.pg_class.oid) AND pg_catalog.pg_namespace.nspname != $7::VARCHAR (base.py:1840)
2025-09-05 14:58:01 [    INFO] [cached since 0.4257s ago] ('sellers', 'r', 'p', 'f', 'v', 'm', 'pg_catalog') (base.py:1840)
2025-09-05 14:58:01 [    INFO] SELECT pg_catalog.pg_class.relname 
FROM pg_catalog.pg_class JOIN pg_catalog.pg_namespace ON pg_catalog.pg_namespace.oid = pg_catalog.pg_class.relnamespace 
WHERE pg_catalog.pg_class.relname = $1::VARCHAR AND pg_catalog.pg_class.relkind = ANY (ARRAY[$2::VARCHAR, $3::VARCHAR, $4::VARCHAR, $5::VARCHAR, $6::VARCHAR]) AND pg_catalog.pg_table_is_visible(pg_catalog.pg_class.oid) AND pg_catalog.pg_namespace.nspname != $7::VARCHAR (base.py:1840)
2025-09-05 14:58:01 [    INFO] [cached since 0.4275s ago] ('orders', 'r', 'p', 'f', 'v', 'm', 'pg_catalog') (base.py:1840)
2025-09-05 14:58:01 [    INFO] SELECT pg_catalog.pg_class.relname 
FROM pg_catalog.pg_class JOIN pg_catalog.pg_namespace ON pg_catalog.pg_namespace.oid = pg_catalog.pg_class.relnamespace 
WHERE pg_catalog.pg_class.relname = $1::VARCHAR AND pg_catalog.pg_class.relkind = ANY (ARRAY[$2::VARCHAR, $3::VARCHAR, $4::VARCHAR, $5::VARCHAR, $6::VARCHAR]) AND pg_catalog.pg_table_is_visible(pg_catalog.pg_class.oid) AND pg_catalog.pg_namespace.nspname != $7::VARCHAR (base.py:1840)
2025-09-05 14:58:01 [    INFO] [cached since 0.4291s ago] ('ads', 'r', 'p', 'f', 'v', 'm', 'pg_catalog') (base.py:1840)
2025-09-05 14:58:01 [    INFO] SELECT pg_catalog.pg_class.relname 
FROM pg_catalog.pg_class JOIN pg_catalog.pg_namespace ON pg_catalog.pg_namespace.oid = pg_catalog.pg_class.relnamespace 
WHERE pg_catalog.pg_class.relname = $1::VARCHAR AND pg_catalog.pg_class.relkind = ANY (ARRAY[$2::VARCHAR, $3::VARCHAR, $4::VARCHAR, $5::VARCHAR, $6::VARCHAR]) AND pg_catalog.pg_table_is_visible(pg_catalog.pg_class.oid) AND pg_catalog.pg_namespace.nspname != $7::VARCHAR (base.py:1840)
2025-09-05 14:58:01 [    INFO] [cached since 0.4304s ago] ('ad_campaigns', 'r', 'p', 'f', 'v', 'm', 'pg_catalog') (base.py:1840)
2025-09-05 14:58:01 [    INFO] SELECT pg_catalog.pg_class.relname 
FROM pg_catalog.pg_class JOIN pg_catalog.pg_namespace ON pg_catalog.pg_namespace.oid = pg_catalog.pg_class.relnamespace 
WHERE pg_catalog.pg_class.relname = $1::VARCHAR AND pg_catalog.pg_class.relkind = ANY (ARRAY[$2::VARCHAR, $3::VARCHAR, $4::VARCHAR, $5::VARCHAR, $6::VARCHAR]) AND pg_catalog.pg_table_is_visible(pg_catalog.pg_class.oid) AND pg_catalog.pg_namespace.nspname != $7::VARCHAR (base.py:1840)
2025-09-05 14:58:01 [    INFO] [cached since 0.4318s ago] ('ad_impressions', 'r', 'p', 'f', 'v', 'm', 'pg_catalog') (base.py:1840)
2025-09-05 14:58:01 [    INFO] SELECT pg_catalog.pg_class.relname 
FROM pg_catalog.pg_class JOIN pg_catalog.pg_namespace ON pg_catalog.pg_namespace.oid = pg_catalog.pg_class.relnamespace 
WHERE pg_catalog.pg_class.relname = $1::VARCHAR AND pg_catalog.pg_class.relkind = ANY (ARRAY[$2::VARCHAR, $3::VARCHAR, $4::VARCHAR, $5::VARCHAR, $6::VARCHAR]) AND pg_catalog.pg_table_is_visible(pg_catalog.pg_class.oid) AND pg_catalog.pg_namespace.nspname != $7::VARCHAR (base.py:1840)
2025-09-05 14:58:01 [    INFO] [cached since 0.4335s ago] ('ad_clicks', 'r', 'p', 'f', 'v', 'm', 'pg_catalog') (base.py:1840)
2025-09-05 14:58:01 [    INFO] SELECT pg_catalog.pg_class.relname 
FROM pg_catalog.pg_class JOIN pg_catalog.pg_namespace ON pg_catalog.pg_namespace.oid = pg_catalog.pg_class.relnamespace 
WHERE pg_catalog.pg_class.relname = $1::VARCHAR AND pg_catalog.pg_class.relkind = ANY (ARRAY[$2::VARCHAR, $3::VARCHAR, $4::VARCHAR, $5::VARCHAR, $6::VARCHAR]) AND pg_catalog.pg_table_is_visible(pg_catalog.pg_class.oid) AND pg_catalog.pg_namespace.nspname != $7::VARCHAR (base.py:1840)
2025-09-05 14:58:01 [    INFO] [cached since 0.4347s ago] ('ad_conversions', 'r', 'p', 'f', 'v', 'm', 'pg_catalog') (base.py:1840)
2025-09-05 14:58:01 [    INFO] SELECT pg_catalog.pg_class.relname 
FROM pg_catalog.pg_class JOIN pg_catalog.pg_namespace ON pg_catalog.pg_namespace.oid = pg_catalog.pg_class.relnamespace 
WHERE pg_catalog.pg_class.relname = $1::VARCHAR AND pg_catalog.pg_class.relkind = ANY (ARRAY[$2::VARCHAR, $3::VARCHAR, $4::VARCHAR, $5::VARCHAR, $6::VARCHAR]) AND pg_catalog.pg_table_is_visible(pg_catalog.pg_class.oid) AND pg_catalog.pg_namespace.nspname != $7::VARCHAR (base.py:1840)
2025-09-05 14:58:01 [    INFO] [cached since 0.436s ago] ('ad_bids', 'r', 'p', 'f', 'v', 'm', 'pg_catalog') (base.py:1840)
2025-09-05 14:58:01 [    INFO] SELECT pg_catalog.pg_class.relname 
FROM pg_catalog.pg_class JOIN pg_catalog.pg_namespace ON pg_catalog.pg_namespace.oid = pg_catalog.pg_class.relnamespace 
WHERE pg_catalog.pg_class.relname = $1::VARCHAR AND pg_catalog.pg_class.relkind = ANY (ARRAY[$2::VARCHAR, $3::VARCHAR, $4::VARCHAR, $5::VARCHAR, $6::VARCHAR]) AND pg_catalog.pg_table_is_visible(pg_catalog.pg_class.oid) AND pg_catalog.pg_namespace.nspname != $7::VARCHAR (base.py:1840)
2025-09-05 14:58:01 [    INFO] [cached since 0.4379s ago] ('ad_spaces', 'r', 'p', 'f', 'v', 'm', 'pg_catalog') (base.py:1840)
2025-09-05 14:58:01 [    INFO] SELECT pg_catalog.pg_class.relname 
FROM pg_catalog.pg_class JOIN pg_catalog.pg_namespace ON pg_catalog.pg_namespace.oid = pg_catalog.pg_class.relnamespace 
WHERE pg_catalog.pg_class.relname = $1::VARCHAR AND pg_catalog.pg_class.relkind = ANY (ARRAY[$2::VARCHAR, $3::VARCHAR, $4::VARCHAR, $5::VARCHAR, $6::VARCHAR]) AND pg_catalog.pg_table_is_visible(pg_catalog.pg_class.oid) AND pg_catalog.pg_namespace.nspname != $7::VARCHAR (base.py:1840)
2025-09-05 14:58:01 [    INFO] [cached since 0.4391s ago] ('ad_blocklist', 'r', 'p', 'f', 'v', 'm', 'pg_catalog') (base.py:1840)
2025-09-05 14:58:01 [    INFO] SELECT pg_catalog.pg_class.relname 
FROM pg_catalog.pg_class JOIN pg_catalog.pg_namespace ON pg_catalog.pg_namespace.oid = pg_catalog.pg_class.relnamespace 
WHERE pg_catalog.pg_class.relname = $1::VARCHAR AND pg_catalog.pg_class.relkind = ANY (ARRAY[$2::VARCHAR, $3::VARCHAR, $4::VARCHAR, $5::VARCHAR, $6::VARCHAR]) AND pg_catalog.pg_table_is_visible(pg_catalog.pg_class.oid) AND pg_catalog.pg_namespace.nspname != $7::VARCHAR (base.py:1840)
2025-09-05 14:58:01 [    INFO] [cached since 0.4405s ago] ('ad_analytics', 'r', 'p', 'f', 'v', 'm', 'pg_catalog') (base.py:1840)
2025-09-05 14:58:01 [    INFO] SELECT pg_catalog.pg_class.relname 
FROM pg_catalog.pg_class JOIN pg_catalog.pg_namespace ON pg_catalog.pg_namespace.oid = pg_catalog.pg_class.relnamespace 
WHERE pg_catalog.pg_class.relname = $1::VARCHAR AND pg_catalog.pg_class.relkind = ANY (ARRAY[$2::VARCHAR, $3::VARCHAR, $4::VARCHAR, $5::VARCHAR, $6::VARCHAR]) AND pg_catalog.pg_table_is_visible(pg_catalog.pg_class.oid) AND pg_catalog.pg_namespace.nspname != $7::VARCHAR (base.py:1840)
2025-09-05 14:58:01 [    INFO] [cached since 0.4419s ago] ('ai_tasks', 'r', 'p', 'f', 'v', 'm', 'pg_catalog') (base.py:1840)
2025-09-05 14:58:01 [    INFO] SELECT pg_catalog.pg_class.relname 
FROM pg_catalog.pg_class JOIN pg_catalog.pg_namespace ON pg_catalog.pg_namespace.oid = pg_catalog.pg_class.relnamespace 
WHERE pg_catalog.pg_class.relname = $1::VARCHAR AND pg_catalog.pg_class.relkind = ANY (ARRAY[$2::VARCHAR, $3::VARCHAR, $4::VARCHAR, $5::VARCHAR, $6::VARCHAR]) AND pg_catalog.pg_table_is_visible(pg_catalog.pg_class.oid) AND pg_catalog.pg_namespace.nspname != $7::VARCHAR (base.py:1840)
2025-09-05 14:58:01 [    INFO] [cached since 0.4435s ago] ('carts', 'r', 'p', 'f', 'v', 'm', 'pg_catalog') (base.py:1840)
2025-09-05 14:58:01 [    INFO] SELECT pg_catalog.pg_class.relname 
FROM pg_catalog.pg_class JOIN pg_catalog.pg_namespace ON pg_catalog.pg_namespace.oid = pg_catalog.pg_class.relnamespace 
WHERE pg_catalog.pg_class.relname = $1::VARCHAR AND pg_catalog.pg_class.relkind = ANY (ARRAY[$2::VARCHAR, $3::VARCHAR, $4::VARCHAR, $5::VARCHAR, $6::VARCHAR]) AND pg_catalog.pg_table_is_visible(pg_catalog.pg_class.oid) AND pg_catalog.pg_namespace.nspname != $7::VARCHAR (base.py:1840)
2025-09-05 14:58:01 [    INFO] [cached since 0.4451s ago] ('cart_items', 'r', 'p', 'f', 'v', 'm', 'pg_catalog') (base.py:1840)
2025-09-05 14:58:01 [    INFO] SELECT pg_catalog.pg_class.relname 
FROM pg_catalog.pg_class JOIN pg_catalog.pg_namespace ON pg_catalog.pg_namespace.oid = pg_catalog.pg_class.relnamespace 
WHERE pg_catalog.pg_class.relname = $1::VARCHAR AND pg_catalog.pg_class.relkind = ANY (ARRAY[$2::VARCHAR, $3::VARCHAR, $4::VARCHAR, $5::VARCHAR, $6::VARCHAR]) AND pg_catalog.pg_table_is_visible(pg_catalog.pg_class.oid) AND pg_catalog.pg_namespace.nspname != $7::VARCHAR (base.py:1840)
2025-09-05 14:58:01 [    INFO] [cached since 0.4466s ago] ('cms_pages', 'r', 'p', 'f', 'v', 'm', 'pg_catalog') (base.py:1840)
2025-09-05 14:58:01 [    INFO] SELECT pg_catalog.pg_class.relname 
FROM pg_catalog.pg_class JOIN pg_catalog.pg_namespace ON pg_catalog.pg_namespace.oid = pg_catalog.pg_class.relnamespace 
WHERE pg_catalog.pg_class.relname = $1::VARCHAR AND pg_catalog.pg_class.relkind = ANY (ARRAY[$2::VARCHAR, $3::VARCHAR, $4::VARCHAR, $5::VARCHAR, $6::VARCHAR]) AND pg_catalog.pg_table_is_visible(pg_catalog.pg_class.oid) AND pg_catalog.pg_namespace.nspname != $7::VARCHAR (base.py:1840)
2025-09-05 14:58:01 [    INFO] [cached since 0.4479s ago] ('banned_items', 'r', 'p', 'f', 'v', 'm', 'pg_catalog') (base.py:1840)
2025-09-05 14:58:01 [    INFO] SELECT pg_catalog.pg_class.relname 
FROM pg_catalog.pg_class JOIN pg_catalog.pg_namespace ON pg_catalog.pg_namespace.oid = pg_catalog.pg_class.relnamespace 
WHERE pg_catalog.pg_class.relname = $1::VARCHAR AND pg_catalog.pg_class.relkind = ANY (ARRAY[$2::VARCHAR, $3::VARCHAR, $4::VARCHAR, $5::VARCHAR, $6::VARCHAR]) AND pg_catalog.pg_table_is_visible(pg_catalog.pg_class.oid) AND pg_catalog.pg_namespace.nspname != $7::VARCHAR (base.py:1840)
2025-09-05 14:58:01 [    INFO] [cached since 0.4494s ago] ('compliance_audit_logs', 'r', 'p', 'f', 'v', 'm', 'pg_catalog') (base.py:1840)
2025-09-05 14:58:01 [    INFO] SELECT pg_catalog.pg_type.typname 
FROM pg_catalog.pg_type JOIN pg_catalog.pg_namespace ON pg_catalog.pg_namespace.oid = pg_catalog.pg_type.typnamespace 
WHERE pg_catalog.pg_type.typname = $1::VARCHAR AND pg_catalog.pg_type_is_visible(pg_catalog.pg_type.oid) AND pg_catalog.pg_namespace.nspname != $2::VARCHAR (base.py:1840)
2025-09-05 14:58:01 [    INFO] [cached since 0.3918s ago] ('adminrole', 'pg_catalog') (base.py:1840)
2025-09-05 14:58:01 [    INFO] SELECT pg_catalog.pg_type.typname 
FROM pg_catalog.pg_type JOIN pg_catalog.pg_namespace ON pg_catalog.pg_namespace.oid = pg_catalog.pg_type.typnamespace 
WHERE pg_catalog.pg_type.typname = $1::VARCHAR AND pg_catalog.pg_type_is_visible(pg_catalog.pg_type.oid) AND pg_catalog.pg_namespace.nspname != $2::VARCHAR (base.py:1840)
2025-09-05 14:58:01 [    INFO] [cached since 0.3942s ago] ('adminactiontype', 'pg_catalog') (base.py:1840)
2025-09-05 14:58:01 [    INFO] SELECT pg_catalog.pg_type.typname 
FROM pg_catalog.pg_type JOIN pg_catalog.pg_namespace ON pg_catalog.pg_namespace.oid = pg_catalog.pg_type.typnamespace 
WHERE pg_catalog.pg_type.typname = $1::VARCHAR AND pg_catalog.pg_type_is_visible(pg_catalog.pg_type.oid) AND pg_catalog.pg_namespace.nspname != $2::VARCHAR (base.py:1840)
2025-09-05 14:58:01 [    INFO] [cached since 0.3961s ago] ('adminactionstatus', 'pg_catalog') (base.py:1840)
2025-09-05 14:58:01 [    INFO] SELECT pg_catalog.pg_type.typname 
FROM pg_catalog.pg_type JOIN pg_catalog.pg_namespace ON pg_catalog.pg_namespace.oid = pg_catalog.pg_type.typnamespace 
WHERE pg_catalog.pg_type.typname = $1::VARCHAR AND pg_catalog.pg_type_is_visible(pg_catalog.pg_type.oid) AND pg_catalog.pg_namespace.nspname != $2::VARCHAR (base.py:1840)
2025-09-05 14:58:01 [    INFO] [cached since 0.3981s ago] ('paymentstatus', 'pg_catalog') (base.py:1840)
2025-09-05 14:58:01 [    INFO] SELECT pg_catalog.pg_type.typname 
FROM pg_catalog.pg_type JOIN pg_catalog.pg_namespace ON pg_catalog.pg_namespace.oid = pg_catalog.pg_type.typnamespace 
WHERE pg_catalog.pg_type.typname = $1::VARCHAR AND pg_catalog.pg_type_is_visible(pg_catalog.pg_type.oid) AND pg_catalog.pg_namespace.nspname != $2::VARCHAR (base.py:1840)
2025-09-05 14:58:01 [    INFO] [cached since 0.4s ago] ('paymentmethod', 'pg_catalog') (base.py:1840)
2025-09-05 14:58:01 [    INFO] SELECT pg_catalog.pg_type.typname 
FROM pg_catalog.pg_type JOIN pg_catalog.pg_namespace ON pg_catalog.pg_namespace.oid = pg_catalog.pg_type.typnamespace 
WHERE pg_catalog.pg_type.typname = $1::VARCHAR AND pg_catalog.pg_type_is_visible(pg_catalog.pg_type.oid) AND pg_catalog.pg_namespace.nspname != $2::VARCHAR (base.py:1840)
2025-09-05 14:58:01 [    INFO] [cached since 0.4017s ago] ('paymenttype', 'pg_catalog') (base.py:1840)
2025-09-05 14:58:01 [    INFO] SELECT pg_catalog.pg_type.typname 
FROM pg_catalog.pg_type JOIN pg_catalog.pg_namespace ON pg_catalog.pg_namespace.oid = pg_catalog.pg_type.typnamespace 
WHERE pg_catalog.pg_type.typname = $1::VARCHAR AND pg_catalog.pg_type_is_visible(pg_catalog.pg_type.oid) AND pg_catalog.pg_namespace.nspname != $2::VARCHAR (base.py:1840)
2025-09-05 14:58:01 [    INFO] [cached since 0.4034s ago] ('orderstatus', 'pg_catalog') (base.py:1840)
2025-09-05 14:58:01 [    INFO] SELECT pg_catalog.pg_type.typname 
FROM pg_catalog.pg_type JOIN pg_catalog.pg_namespace ON pg_catalog.pg_namespace.oid = pg_catalog.pg_type.typnamespace 
WHERE pg_catalog.pg_type.typname = $1::VARCHAR AND pg_catalog.pg_type_is_visible(pg_catalog.pg_type.oid) AND pg_catalog.pg_namespace.nspname != $2::VARCHAR (base.py:1840)
2025-09-05 14:58:01 [    INFO] [cached since 0.4052s ago] ('adtype', 'pg_catalog') (base.py:1840)
2025-09-05 14:58:01 [    INFO] SELECT pg_catalog.pg_type.typname 
FROM pg_catalog.pg_type JOIN pg_catalog.pg_namespace ON pg_catalog.pg_namespace.oid = pg_catalog.pg_type.typnamespace 
WHERE pg_catalog.pg_type.typname = $1::VARCHAR AND pg_catalog.pg_type_is_visible(pg_catalog.pg_type.oid) AND pg_catalog.pg_namespace.nspname != $2::VARCHAR (base.py:1840)
2025-09-05 14:58:01 [    INFO] [cached since 0.4069s ago] ('adstatus', 'pg_catalog') (base.py:1840)
2025-09-05 14:58:01 [    INFO] SELECT pg_catalog.pg_type.typname 
FROM pg_catalog.pg_type JOIN pg_catalog.pg_namespace ON pg_catalog.pg_namespace.oid = pg_catalog.pg_type.typnamespace 
WHERE pg_catalog.pg_type.typname = $1::VARCHAR AND pg_catalog.pg_type_is_visible(pg_catalog.pg_type.oid) AND pg_catalog.pg_namespace.nspname != $2::VARCHAR (base.py:1840)
2025-09-05 14:58:01 [    INFO] [cached since 0.409s ago] ('biddingtype', 'pg_catalog') (base.py:1840)
2025-09-05 14:58:01 [    INFO] COMMIT (base.py:2702)
2025-09-05 14:58:01 [    INFO] BEGIN (implicit) (base.py:2696)
2025-09-05 14:58:01 [    INFO] SELECT pg_catalog.pg_class.relname 
FROM pg_catalog.pg_class JOIN pg_catalog.pg_namespace ON pg_catalog.pg_namespace.oid = pg_catalog.pg_class.relnamespace 
WHERE pg_catalog.pg_class.relname = $1::VARCHAR AND pg_catalog.pg_class.relkind = ANY (ARRAY[$2::VARCHAR, $3::VARCHAR, $4::VARCHAR, $5::VARCHAR, $6::VARCHAR]) AND pg_catalog.pg_table_is_visible(pg_catalog.pg_class.oid) AND pg_catalog.pg_namespace.nspname != $7::VARCHAR (base.py:1840)
2025-09-05 14:58:01 [    INFO] [cached since 0.5195s ago] ('users', 'r', 'p', 'f', 'v', 'm', 'pg_catalog') (base.py:1840)
2025-09-05 14:58:01 [    INFO] SELECT pg_catalog.pg_class.relname 
FROM pg_catalog.pg_class JOIN pg_catalog.pg_namespace ON pg_catalog.pg_namespace.oid = pg_catalog.pg_class.relnamespace 
WHERE pg_catalog.pg_class.relname = $1::VARCHAR AND pg_catalog.pg_class.relkind = ANY (ARRAY[$2::VARCHAR, $3::VARCHAR, $4::VARCHAR, $5::VARCHAR, $6::VARCHAR]) AND pg_catalog.pg_table_is_visible(pg_catalog.pg_class.oid) AND pg_catalog.pg_namespace.nspname != $7::VARCHAR (base.py:1840)
2025-09-05 14:58:01 [    INFO] [cached since 0.5216s ago] ('auth_tokens', 'r', 'p', 'f', 'v', 'm', 'pg_catalog') (base.py:1840)
2025-09-05 14:58:01 [    INFO] SELECT pg_catalog.pg_class.relname 
FROM pg_catalog.pg_class JOIN pg_catalog.pg_namespace ON pg_catalog.pg_namespace.oid = pg_catalog.pg_class.relnamespace 
WHERE pg_catalog.pg_class.relname = $1::VARCHAR AND pg_catalog.pg_class.relkind = ANY (ARRAY[$2::VARCHAR, $3::VARCHAR, $4::VARCHAR, $5::VARCHAR, $6::VARCHAR]) AND pg_catalog.pg_table_is_visible(pg_catalog.pg_class.oid) AND pg_catalog.pg_namespace.nspname != $7::VARCHAR (base.py:1840)
2025-09-05 14:58:01 [    INFO] [cached since 0.5231s ago] ('user_sessions', 'r', 'p', 'f', 'v', 'm', 'pg_catalog') (base.py:1840)
2025-09-05 14:58:01 [    INFO] SELECT pg_catalog.pg_class.relname 
FROM pg_catalog.pg_class JOIN pg_catalog.pg_namespace ON pg_catalog.pg_namespace.oid = pg_catalog.pg_class.relnamespace 
WHERE pg_catalog.pg_class.relname = $1::VARCHAR AND pg_catalog.pg_class.relkind = ANY (ARRAY[$2::VARCHAR, $3::VARCHAR, $4::VARCHAR, $5::VARCHAR, $6::VARCHAR]) AND pg_catalog.pg_table_is_visible(pg_catalog.pg_class.oid) AND pg_catalog.pg_namespace.nspname != $7::VARCHAR (base.py:1840)
2025-09-05 14:58:01 [    INFO] [cached since 0.5246s ago] ('user_profile_changes', 'r', 'p', 'f', 'v', 'm', 'pg_catalog') (base.py:1840)
2025-09-05 14:58:01 [    INFO] SELECT pg_catalog.pg_class.relname 
FROM pg_catalog.pg_class JOIN pg_catalog.pg_namespace ON pg_catalog.pg_namespace.oid = pg_catalog.pg_class.relnamespace 
WHERE pg_catalog.pg_class.relname = $1::VARCHAR AND pg_catalog.pg_class.relkind = ANY (ARRAY[$2::VARCHAR, $3::VARCHAR, $4::VARCHAR, $5::VARCHAR, $6::VARCHAR]) AND pg_catalog.pg_table_is_visible(pg_catalog.pg_class.oid) AND pg_catalog.pg_namespace.nspname != $7::VARCHAR (base.py:1840)
2025-09-05 14:58:01 [    INFO] [cached since 0.5261s ago] ('admin_users', 'r', 'p', 'f', 'v', 'm', 'pg_catalog') (base.py:1840)
2025-09-05 14:58:01 [    INFO] SELECT pg_catalog.pg_class.relname 
FROM pg_catalog.pg_class JOIN pg_catalog.pg_namespace ON pg_catalog.pg_namespace.oid = pg_catalog.pg_class.relnamespace 
WHERE pg_catalog.pg_class.relname = $1::VARCHAR AND pg_catalog.pg_class.relkind = ANY (ARRAY[$2::VARCHAR, $3::VARCHAR, $4::VARCHAR, $5::VARCHAR, $6::VARCHAR]) AND pg_catalog.pg_table_is_visible(pg_catalog.pg_class.oid) AND pg_catalog.pg_namespace.nspname != $7::VARCHAR (base.py:1840)
2025-09-05 14:58:01 [    INFO] [cached since 0.5275s ago] ('admin_actions', 'r', 'p', 'f', 'v', 'm', 'pg_catalog') (base.py:1840)
2025-09-05 14:58:01 [    INFO] SELECT pg_catalog.pg_class.relname 
FROM pg_catalog.pg_class JOIN pg_catalog.pg_namespace ON pg_catalog.pg_namespace.oid = pg_catalog.pg_class.relnamespace 
WHERE pg_catalog.pg_class.relname = $1::VARCHAR AND pg_catalog.pg_class.relkind = ANY (ARRAY[$2::VARCHAR, $3::VARCHAR, $4::VARCHAR, $5::VARCHAR, $6::VARCHAR]) AND pg_catalog.pg_table_is_visible(pg_catalog.pg_class.oid) AND pg_catalog.pg_namespace.nspname != $7::VARCHAR (base.py:1840)
2025-09-05 14:58:01 [    INFO] [cached since 0.529s ago] ('system_configs', 'r', 'p', 'f', 'v', 'm', 'pg_catalog') (base.py:1840)
2025-09-05 14:58:01 [    INFO] SELECT pg_catalog.pg_class.relname 
FROM pg_catalog.pg_class JOIN pg_catalog.pg_namespace ON pg_catalog.pg_namespace.oid = pg_catalog.pg_class.relnamespace 
WHERE pg_catalog.pg_class.relname = $1::VARCHAR AND pg_catalog.pg_class.relkind = ANY (ARRAY[$2::VARCHAR, $3::VARCHAR, $4::VARCHAR, $5::VARCHAR, $6::VARCHAR]) AND pg_catalog.pg_table_is_visible(pg_catalog.pg_class.oid) AND pg_catalog.pg_namespace.nspname != $7::VARCHAR (base.py:1840)
2025-09-05 14:58:01 [    INFO] [cached since 0.5308s ago] ('audit_logs', 'r', 'p', 'f', 'v', 'm', 'pg_catalog') (base.py:1840)
2025-09-05 14:58:01 [    INFO] SELECT pg_catalog.pg_class.relname 
FROM pg_catalog.pg_class JOIN pg_catalog.pg_namespace ON pg_catalog.pg_namespace.oid = pg_catalog.pg_class.relnamespace 
WHERE pg_catalog.pg_class.relname = $1::VARCHAR AND pg_catalog.pg_class.relkind = ANY (ARRAY[$2::VARCHAR, $3::VARCHAR, $4::VARCHAR, $5::VARCHAR, $6::VARCHAR]) AND pg_catalog.pg_table_is_visible(pg_catalog.pg_class.oid) AND pg_catalog.pg_namespace.nspname != $7::VARCHAR (base.py:1840)
2025-09-05 14:58:01 [    INFO] [cached since 0.5324s ago] ('support_tickets', 'r', 'p', 'f', 'v', 'm', 'pg_catalog') (base.py:1840)
2025-09-05 14:58:01 [    INFO] SELECT pg_catalog.pg_class.relname 
FROM pg_catalog.pg_class JOIN pg_catalog.pg_namespace ON pg_catalog.pg_namespace.oid = pg_catalog.pg_class.relnamespace 
WHERE pg_catalog.pg_class.relname = $1::VARCHAR AND pg_catalog.pg_class.relkind = ANY (ARRAY[$2::VARCHAR, $3::VARCHAR, $4::VARCHAR, $5::VARCHAR, $6::VARCHAR]) AND pg_catalog.pg_table_is_visible(pg_catalog.pg_class.oid) AND pg_catalog.pg_namespace.nspname != $7::VARCHAR (base.py:1840)
2025-09-05 14:58:01 [    INFO] [cached since 0.5339s ago] ('support_messages', 'r', 'p', 'f', 'v', 'm', 'pg_catalog') (base.py:1840)
2025-09-05 14:58:01 [    INFO] SELECT pg_catalog.pg_class.relname 
FROM pg_catalog.pg_class JOIN pg_catalog.pg_namespace ON pg_catalog.pg_namespace.oid = pg_catalog.pg_class.relnamespace 
WHERE pg_catalog.pg_class.relname = $1::VARCHAR AND pg_catalog.pg_class.relkind = ANY (ARRAY[$2::VARCHAR, $3::VARCHAR, $4::VARCHAR, $5::VARCHAR, $6::VARCHAR]) AND pg_catalog.pg_table_is_visible(pg_catalog.pg_class.oid) AND pg_catalog.pg_namespace.nspname != $7::VARCHAR (base.py:1840)
2025-09-05 14:58:01 [    INFO] [cached since 0.5354s ago] ('content_moderation', 'r', 'p', 'f', 'v', 'm', 'pg_catalog') (base.py:1840)
2025-09-05 14:58:01 [    INFO] SELECT pg_catalog.pg_class.relname 
FROM pg_catalog.pg_class JOIN pg_catalog.pg_namespace ON pg_catalog.pg_namespace.oid = pg_catalog.pg_class.relnamespace 
WHERE pg_catalog.pg_class.relname = $1::VARCHAR AND pg_catalog.pg_class.relkind = ANY (ARRAY[$2::VARCHAR, $3::VARCHAR, $4::VARCHAR, $5::VARCHAR, $6::VARCHAR]) AND pg_catalog.pg_table_is_visible(pg_catalog.pg_class.oid) AND pg_catalog.pg_namespace.nspname != $7::VARCHAR (base.py:1840)
2025-09-05 14:58:01 [    INFO] [cached since 0.537s ago] ('system_metrics', 'r', 'p', 'f', 'v', 'm', 'pg_catalog') (base.py:1840)
2025-09-05 14:58:01 [    INFO] SELECT pg_catalog.pg_class.relname 
FROM pg_catalog.pg_class JOIN pg_catalog.pg_namespace ON pg_catalog.pg_namespace.oid = pg_catalog.pg_class.relnamespace 
WHERE pg_catalog.pg_class.relname = $1::VARCHAR AND pg_catalog.pg_class.relkind = ANY (ARRAY[$2::VARCHAR, $3::VARCHAR, $4::VARCHAR, $5::VARCHAR, $6::VARCHAR]) AND pg_catalog.pg_table_is_visible(pg_catalog.pg_class.oid) AND pg_catalog.pg_namespace.nspname != $7::VARCHAR (base.py:1840)
2025-09-05 14:58:01 [    INFO] [cached since 0.5385s ago] ('admin_dashboards', 'r', 'p', 'f', 'v', 'm', 'pg_catalog') (base.py:1840)
2025-09-05 14:58:01 [    INFO] SELECT pg_catalog.pg_class.relname 
FROM pg_catalog.pg_class JOIN pg_catalog.pg_namespace ON pg_catalog.pg_namespace.oid = pg_catalog.pg_class.relnamespace 
WHERE pg_catalog.pg_class.relname = $1::VARCHAR AND pg_catalog.pg_class.relkind = ANY (ARRAY[$2::VARCHAR, $3::VARCHAR, $4::VARCHAR, $5::VARCHAR, $6::VARCHAR]) AND pg_catalog.pg_table_is_visible(pg_catalog.pg_class.oid) AND pg_catalog.pg_namespace.nspname != $7::VARCHAR (base.py:1840)
2025-09-05 14:58:01 [    INFO] [cached since 0.5404s ago] ('admin_notifications', 'r', 'p', 'f', 'v', 'm', 'pg_catalog') (base.py:1840)
2025-09-05 14:58:01 [    INFO] SELECT pg_catalog.pg_class.relname 
FROM pg_catalog.pg_class JOIN pg_catalog.pg_namespace ON pg_catalog.pg_namespace.oid = pg_catalog.pg_class.relnamespace 
WHERE pg_catalog.pg_class.relname = $1::VARCHAR AND pg_catalog.pg_class.relkind = ANY (ARRAY[$2::VARCHAR, $3::VARCHAR, $4::VARCHAR, $5::VARCHAR, $6::VARCHAR]) AND pg_catalog.pg_table_is_visible(pg_catalog.pg_class.oid) AND pg_catalog.pg_namespace.nspname != $7::VARCHAR (base.py:1840)
2025-09-05 14:58:01 [    INFO] [cached since 0.5419s ago] ('ip_blocklist', 'r', 'p', 'f', 'v', 'm', 'pg_catalog') (base.py:1840)
2025-09-05 14:58:01 [    INFO] SELECT pg_catalog.pg_class.relname 
FROM pg_catalog.pg_class JOIN pg_catalog.pg_namespace ON pg_catalog.pg_namespace.oid = pg_catalog.pg_class.relnamespace 
WHERE pg_catalog.pg_class.relname = $1::VARCHAR AND pg_catalog.pg_class.relkind = ANY (ARRAY[$2::VARCHAR, $3::VARCHAR, $4::VARCHAR, $5::VARCHAR, $6::VARCHAR]) AND pg_catalog.pg_table_is_visible(pg_catalog.pg_class.oid) AND pg_catalog.pg_namespace.nspname != $7::VARCHAR (base.py:1840)
2025-09-05 14:58:01 [    INFO] [cached since 0.5432s ago] ('admin_reports', 'r', 'p', 'f', 'v', 'm', 'pg_catalog') (base.py:1840)
2025-09-05 14:58:01 [    INFO] SELECT pg_catalog.pg_class.relname 
FROM pg_catalog.pg_class JOIN pg_catalog.pg_namespace ON pg_catalog.pg_namespace.oid = pg_catalog.pg_class.relnamespace 
WHERE pg_catalog.pg_class.relname = $1::VARCHAR AND pg_catalog.pg_class.relkind = ANY (ARRAY[$2::VARCHAR, $3::VARCHAR, $4::VARCHAR, $5::VARCHAR, $6::VARCHAR]) AND pg_catalog.pg_table_is_visible(pg_catalog.pg_class.oid) AND pg_catalog.pg_namespace.nspname != $7::VARCHAR (base.py:1840)
2025-09-05 14:58:01 [    INFO] [cached since 0.5447s ago] ('payments', 'r', 'p', 'f', 'v', 'm', 'pg_catalog') (base.py:1840)
2025-09-05 14:58:01 [    INFO] SELECT pg_catalog.pg_class.relname 
FROM pg_catalog.pg_class JOIN pg_catalog.pg_namespace ON pg_catalog.pg_namespace.oid = pg_catalog.pg_class.relnamespace 
WHERE pg_catalog.pg_class.relname = $1::VARCHAR AND pg_catalog.pg_class.relkind = ANY (ARRAY[$2::VARCHAR, $3::VARCHAR, $4::VARCHAR, $5::VARCHAR, $6::VARCHAR]) AND pg_catalog.pg_table_is_visible(pg_catalog.pg_class.oid) AND pg_catalog.pg_namespace.nspname != $7::VARCHAR (base.py:1840)
2025-09-05 14:58:01 [    INFO] [cached since 0.5466s ago] ('payment_refunds', 'r', 'p', 'f', 'v', 'm', 'pg_catalog') (base.py:1840)
2025-09-05 14:58:01 [    INFO] SELECT pg_catalog.pg_class.relname 
FROM pg_catalog.pg_class JOIN pg_catalog.pg_namespace ON pg_catalog.pg_namespace.oid = pg_catalog.pg_class.relnamespace 
WHERE pg_catalog.pg_class.relname = $1::VARCHAR AND pg_catalog.pg_class.relkind = ANY (ARRAY[$2::VARCHAR, $3::VARCHAR, $4::VARCHAR, $5::VARCHAR, $6::VARCHAR]) AND pg_catalog.pg_table_is_visible(pg_catalog.pg_class.oid) AND pg_catalog.pg_namespace.nspname != $7::VARCHAR (base.py:1840)
2025-09-05 14:58:01 [    INFO] [cached since 0.5481s ago] ('payment_webhooks', 'r', 'p', 'f', 'v', 'm', 'pg_catalog') (base.py:1840)
2025-09-05 14:58:01 [    INFO] SELECT pg_catalog.pg_class.relname 
FROM pg_catalog.pg_class JOIN pg_catalog.pg_namespace ON pg_catalog.pg_namespace.oid = pg_catalog.pg_class.relnamespace 
WHERE pg_catalog.pg_class.relname = $1::VARCHAR AND pg_catalog.pg_class.relkind = ANY (ARRAY[$2::VARCHAR, $3::VARCHAR, $4::VARCHAR, $5::VARCHAR, $6::VARCHAR]) AND pg_catalog.pg_table_is_visible(pg_catalog.pg_class.oid) AND pg_catalog.pg_namespace.nspname != $7::VARCHAR (base.py:1840)
2025-09-05 14:58:01 [    INFO] [cached since 0.5495s ago] ('withdrawal_requests', 'r', 'p', 'f', 'v', 'm', 'pg_catalog') (base.py:1840)
2025-09-05 14:58:01 [    INFO] SELECT pg_catalog.pg_class.relname 
FROM pg_catalog.pg_class JOIN pg_catalog.pg_namespace ON pg_catalog.pg_namespace.oid = pg_catalog.pg_class.relnamespace 
WHERE pg_catalog.pg_class.relname = $1::VARCHAR AND pg_catalog.pg_class.relkind = ANY (ARRAY[$2::VARCHAR, $3::VARCHAR, $4::VARCHAR, $5::VARCHAR, $6::VARCHAR]) AND pg_catalog.pg_table_is_visible(pg_catalog.pg_class.oid) AND pg_catalog.pg_namespace.nspname != $7::VARCHAR (base.py:1840)
2025-09-05 14:58:01 [    INFO] [cached since 0.5509s ago] ('sellers', 'r', 'p', 'f', 'v', 'm', 'pg_catalog') (base.py:1840)
2025-09-05 14:58:01 [    INFO] SELECT pg_catalog.pg_class.relname 
FROM pg_catalog.pg_class JOIN pg_catalog.pg_namespace ON pg_catalog.pg_namespace.oid = pg_catalog.pg_class.relnamespace 
WHERE pg_catalog.pg_class.relname = $1::VARCHAR AND pg_catalog.pg_class.relkind = ANY (ARRAY[$2::VARCHAR, $3::VARCHAR, $4::VARCHAR, $5::VARCHAR, $6::VARCHAR]) AND pg_catalog.pg_table_is_visible(pg_catalog.pg_class.oid) AND pg_catalog.pg_namespace.nspname != $7::VARCHAR (base.py:1840)
2025-09-05 14:58:01 [    INFO] [cached since 0.5524s ago] ('orders', 'r', 'p', 'f', 'v', 'm', 'pg_catalog') (base.py:1840)
2025-09-05 14:58:01 [    INFO] SELECT pg_catalog.pg_class.relname 
FROM pg_catalog.pg_class JOIN pg_catalog.pg_namespace ON pg_catalog.pg_namespace.oid = pg_catalog.pg_class.relnamespace 
WHERE pg_catalog.pg_class.relname = $1::VARCHAR AND pg_catalog.pg_class.relkind = ANY (ARRAY[$2::VARCHAR, $3::VARCHAR, $4::VARCHAR, $5::VARCHAR, $6::VARCHAR]) AND pg_catalog.pg_table_is_visible(pg_catalog.pg_class.oid) AND pg_catalog.pg_namespace.nspname != $7::VARCHAR (base.py:1840)
2025-09-05 14:58:01 [    INFO] [cached since 0.5537s ago] ('ads', 'r', 'p', 'f', 'v', 'm', 'pg_catalog') (base.py:1840)
2025-09-05 14:58:01 [    INFO] SELECT pg_catalog.pg_class.relname 
FROM pg_catalog.pg_class JOIN pg_catalog.pg_namespace ON pg_catalog.pg_namespace.oid = pg_catalog.pg_class.relnamespace 
WHERE pg_catalog.pg_class.relname = $1::VARCHAR AND pg_catalog.pg_class.relkind = ANY (ARRAY[$2::VARCHAR, $3::VARCHAR, $4::VARCHAR, $5::VARCHAR, $6::VARCHAR]) AND pg_catalog.pg_table_is_visible(pg_catalog.pg_class.oid) AND pg_catalog.pg_namespace.nspname != $7::VARCHAR (base.py:1840)
2025-09-05 14:58:01 [    INFO] [cached since 0.5551s ago] ('ad_campaigns', 'r', 'p', 'f', 'v', 'm', 'pg_catalog') (base.py:1840)
2025-09-05 14:58:01 [    INFO] SELECT pg_catalog.pg_class.relname 
FROM pg_catalog.pg_class JOIN pg_catalog.pg_namespace ON pg_catalog.pg_namespace.oid = pg_catalog.pg_class.relnamespace 
WHERE pg_catalog.pg_class.relname = $1::VARCHAR AND pg_catalog.pg_class.relkind = ANY (ARRAY[$2::VARCHAR, $3::VARCHAR, $4::VARCHAR, $5::VARCHAR, $6::VARCHAR]) AND pg_catalog.pg_table_is_visible(pg_catalog.pg_class.oid) AND pg_catalog.pg_namespace.nspname != $7::VARCHAR (base.py:1840)
2025-09-05 14:58:01 [    INFO] [cached since 0.5564s ago] ('ad_impressions', 'r', 'p', 'f', 'v', 'm', 'pg_catalog') (base.py:1840)
2025-09-05 14:58:01 [    INFO] SELECT pg_catalog.pg_class.relname 
FROM pg_catalog.pg_class JOIN pg_catalog.pg_namespace ON pg_catalog.pg_namespace.oid = pg_catalog.pg_class.relnamespace 
WHERE pg_catalog.pg_class.relname = $1::VARCHAR AND pg_catalog.pg_class.relkind = ANY (ARRAY[$2::VARCHAR, $3::VARCHAR, $4::VARCHAR, $5::VARCHAR, $6::VARCHAR]) AND pg_catalog.pg_table_is_visible(pg_catalog.pg_class.oid) AND pg_catalog.pg_namespace.nspname != $7::VARCHAR (base.py:1840)
2025-09-05 14:58:01 [    INFO] [cached since 0.5576s ago] ('ad_clicks', 'r', 'p', 'f', 'v', 'm', 'pg_catalog') (base.py:1840)
2025-09-05 14:58:01 [    INFO] SELECT pg_catalog.pg_class.relname 
FROM pg_catalog.pg_class JOIN pg_catalog.pg_namespace ON pg_catalog.pg_namespace.oid = pg_catalog.pg_class.relnamespace 
WHERE pg_catalog.pg_class.relname = $1::VARCHAR AND pg_catalog.pg_class.relkind = ANY (ARRAY[$2::VARCHAR, $3::VARCHAR, $4::VARCHAR, $5::VARCHAR, $6::VARCHAR]) AND pg_catalog.pg_table_is_visible(pg_catalog.pg_class.oid) AND pg_catalog.pg_namespace.nspname != $7::VARCHAR (base.py:1840)
2025-09-05 14:58:01 [    INFO] [cached since 0.5589s ago] ('ad_conversions', 'r', 'p', 'f', 'v', 'm', 'pg_catalog') (base.py:1840)
2025-09-05 14:58:01 [    INFO] SELECT pg_catalog.pg_class.relname 
FROM pg_catalog.pg_class JOIN pg_catalog.pg_namespace ON pg_catalog.pg_namespace.oid = pg_catalog.pg_class.relnamespace 
WHERE pg_catalog.pg_class.relname = $1::VARCHAR AND pg_catalog.pg_class.relkind = ANY (ARRAY[$2::VARCHAR, $3::VARCHAR, $4::VARCHAR, $5::VARCHAR, $6::VARCHAR]) AND pg_catalog.pg_table_is_visible(pg_catalog.pg_class.oid) AND pg_catalog.pg_namespace.nspname != $7::VARCHAR (base.py:1840)
2025-09-05 14:58:01 [    INFO] [cached since 0.5605s ago] ('ad_bids', 'r', 'p', 'f', 'v', 'm', 'pg_catalog') (base.py:1840)
2025-09-05 14:58:01 [    INFO] SELECT pg_catalog.pg_class.relname 
FROM pg_catalog.pg_class JOIN pg_catalog.pg_namespace ON pg_catalog.pg_namespace.oid = pg_catalog.pg_class.relnamespace 
WHERE pg_catalog.pg_class.relname = $1::VARCHAR AND pg_catalog.pg_class.relkind = ANY (ARRAY[$2::VARCHAR, $3::VARCHAR, $4::VARCHAR, $5::VARCHAR, $6::VARCHAR]) AND pg_catalog.pg_table_is_visible(pg_catalog.pg_class.oid) AND pg_catalog.pg_namespace.nspname != $7::VARCHAR (base.py:1840)
2025-09-05 14:58:01 [    INFO] [cached since 0.5623s ago] ('ad_spaces', 'r', 'p', 'f', 'v', 'm', 'pg_catalog') (base.py:1840)
2025-09-05 14:58:01 [    INFO] SELECT pg_catalog.pg_class.relname 
FROM pg_catalog.pg_class JOIN pg_catalog.pg_namespace ON pg_catalog.pg_namespace.oid = pg_catalog.pg_class.relnamespace 
WHERE pg_catalog.pg_class.relname = $1::VARCHAR AND pg_catalog.pg_class.relkind = ANY (ARRAY[$2::VARCHAR, $3::VARCHAR, $4::VARCHAR, $5::VARCHAR, $6::VARCHAR]) AND pg_catalog.pg_table_is_visible(pg_catalog.pg_class.oid) AND pg_catalog.pg_namespace.nspname != $7::VARCHAR (base.py:1840)
2025-09-05 14:58:01 [    INFO] [cached since 0.5639s ago] ('ad_blocklist', 'r', 'p', 'f', 'v', 'm', 'pg_catalog') (base.py:1840)
2025-09-05 14:58:01 [    INFO] SELECT pg_catalog.pg_class.relname 
FROM pg_catalog.pg_class JOIN pg_catalog.pg_namespace ON pg_catalog.pg_namespace.oid = pg_catalog.pg_class.relnamespace 
WHERE pg_catalog.pg_class.relname = $1::VARCHAR AND pg_catalog.pg_class.relkind = ANY (ARRAY[$2::VARCHAR, $3::VARCHAR, $4::VARCHAR, $5::VARCHAR, $6::VARCHAR]) AND pg_catalog.pg_table_is_visible(pg_catalog.pg_class.oid) AND pg_catalog.pg_namespace.nspname != $7::VARCHAR (base.py:1840)
2025-09-05 14:58:01 [    INFO] [cached since 0.5659s ago] ('ad_analytics', 'r', 'p', 'f', 'v', 'm', 'pg_catalog') (base.py:1840)
2025-09-05 14:58:01 [    INFO] SELECT pg_catalog.pg_class.relname 
FROM pg_catalog.pg_class JOIN pg_catalog.pg_namespace ON pg_catalog.pg_namespace.oid = pg_catalog.pg_class.relnamespace 
WHERE pg_catalog.pg_class.relname = $1::VARCHAR AND pg_catalog.pg_class.relkind = ANY (ARRAY[$2::VARCHAR, $3::VARCHAR, $4::VARCHAR, $5::VARCHAR, $6::VARCHAR]) AND pg_catalog.pg_table_is_visible(pg_catalog.pg_class.oid) AND pg_catalog.pg_namespace.nspname != $7::VARCHAR (base.py:1840)
2025-09-05 14:58:01 [    INFO] [cached since 0.568s ago] ('ai_tasks', 'r', 'p', 'f', 'v', 'm', 'pg_catalog') (base.py:1840)
2025-09-05 14:58:01 [    INFO] SELECT pg_catalog.pg_class.relname 
FROM pg_catalog.pg_class JOIN pg_catalog.pg_namespace ON pg_catalog.pg_namespace.oid = pg_catalog.pg_class.relnamespace 
WHERE pg_catalog.pg_class.relname = $1::VARCHAR AND pg_catalog.pg_class.relkind = ANY (ARRAY[$2::VARCHAR, $3::VARCHAR, $4::VARCHAR, $5::VARCHAR, $6::VARCHAR]) AND pg_catalog.pg_table_is_visible(pg_catalog.pg_class.oid) AND pg_catalog.pg_namespace.nspname != $7::VARCHAR (base.py:1840)
2025-09-05 14:58:01 [    INFO] [cached since 0.5713s ago] ('carts', 'r', 'p', 'f', 'v', 'm', 'pg_catalog') (base.py:1840)
2025-09-05 14:58:01 [    INFO] SELECT pg_catalog.pg_class.relname 
FROM pg_catalog.pg_class JOIN pg_catalog.pg_namespace ON pg_catalog.pg_namespace.oid = pg_catalog.pg_class.relnamespace 
WHERE pg_catalog.pg_class.relname = $1::VARCHAR AND pg_catalog.pg_class.relkind = ANY (ARRAY[$2::VARCHAR, $3::VARCHAR, $4::VARCHAR, $5::VARCHAR, $6::VARCHAR]) AND pg_catalog.pg_table_is_visible(pg_catalog.pg_class.oid) AND pg_catalog.pg_namespace.nspname != $7::VARCHAR (base.py:1840)
2025-09-05 14:58:01 [    INFO] [cached since 0.5734s ago] ('cart_items', 'r', 'p', 'f', 'v', 'm', 'pg_catalog') (base.py:1840)
2025-09-05 14:58:01 [    INFO] SELECT pg_catalog.pg_class.relname 
FROM pg_catalog.pg_class JOIN pg_catalog.pg_namespace ON pg_catalog.pg_namespace.oid = pg_catalog.pg_class.relnamespace 
WHERE pg_catalog.pg_class.relname = $1::VARCHAR AND pg_catalog.pg_class.relkind = ANY (ARRAY[$2::VARCHAR, $3::VARCHAR, $4::VARCHAR, $5::VARCHAR, $6::VARCHAR]) AND pg_catalog.pg_table_is_visible(pg_catalog.pg_class.oid) AND pg_catalog.pg_namespace.nspname != $7::VARCHAR (base.py:1840)
2025-09-05 14:58:01 [    INFO] [cached since 0.5754s ago] ('cms_pages', 'r', 'p', 'f', 'v', 'm', 'pg_catalog') (base.py:1840)
2025-09-05 14:58:01 [    INFO] SELECT pg_catalog.pg_class.relname 
FROM pg_catalog.pg_class JOIN pg_catalog.pg_namespace ON pg_catalog.pg_namespace.oid = pg_catalog.pg_class.relnamespace 
WHERE pg_catalog.pg_class.relname = $1::VARCHAR AND pg_catalog.pg_class.relkind = ANY (ARRAY[$2::VARCHAR, $3::VARCHAR, $4::VARCHAR, $5::VARCHAR, $6::VARCHAR]) AND pg_catalog.pg_table_is_visible(pg_catalog.pg_class.oid) AND pg_catalog.pg_namespace.nspname != $7::VARCHAR (base.py:1840)
2025-09-05 14:58:01 [    INFO] [cached since 0.5776s ago] ('banned_items', 'r', 'p', 'f', 'v', 'm', 'pg_catalog') (base.py:1840)
2025-09-05 14:58:01 [    INFO] SELECT pg_catalog.pg_class.relname 
FROM pg_catalog.pg_class JOIN pg_catalog.pg_namespace ON pg_catalog.pg_namespace.oid = pg_catalog.pg_class.relnamespace 
WHERE pg_catalog.pg_class.relname = $1::VARCHAR AND pg_catalog.pg_class.relkind = ANY (ARRAY[$2::VARCHAR, $3::VARCHAR, $4::VARCHAR, $5::VARCHAR, $6::VARCHAR]) AND pg_catalog.pg_table_is_visible(pg_catalog.pg_class.oid) AND pg_catalog.pg_namespace.nspname != $7::VARCHAR (base.py:1840)
2025-09-05 14:58:01 [    INFO] [cached since 0.5799s ago] ('compliance_audit_logs', 'r', 'p', 'f', 'v', 'm', 'pg_catalog') (base.py:1840)
2025-09-05 14:58:01 [    INFO] SELECT pg_catalog.pg_class.relname 
FROM pg_catalog.pg_class JOIN pg_catalog.pg_namespace ON pg_catalog.pg_namespace.oid = pg_catalog.pg_class.relnamespace 
WHERE pg_catalog.pg_class.relname = $1::VARCHAR AND pg_catalog.pg_class.relkind = ANY (ARRAY[$2::VARCHAR, $3::VARCHAR, $4::VARCHAR, $5::VARCHAR, $6::VARCHAR]) AND pg_catalog.pg_table_is_visible(pg_catalog.pg_class.oid) AND pg_catalog.pg_namespace.nspname != $7::VARCHAR (base.py:1840)
2025-09-05 14:58:01 [    INFO] [cached since 0.5818s ago] ('escrows', 'r', 'p', 'f', 'v', 'm', 'pg_catalog') (base.py:1840)
2025-09-05 14:58:01 [    INFO] SELECT pg_catalog.pg_type.typname 
FROM pg_catalog.pg_type JOIN pg_catalog.pg_namespace ON pg_catalog.pg_namespace.oid = pg_catalog.pg_type.typnamespace 
WHERE pg_catalog.pg_type.typname = $1::VARCHAR AND pg_catalog.pg_type_is_visible(pg_catalog.pg_type.oid) AND pg_catalog.pg_namespace.nspname != $2::VARCHAR (base.py:1840)
2025-09-05 14:58:01 [    INFO] [cached since 0.5249s ago] ('adminrole', 'pg_catalog') (base.py:1840)
2025-09-05 14:58:01 [    INFO] SELECT pg_catalog.pg_type.typname 
FROM pg_catalog.pg_type JOIN pg_catalog.pg_namespace ON pg_catalog.pg_namespace.oid = pg_catalog.pg_type.typnamespace 
WHERE pg_catalog.pg_type.typname = $1::VARCHAR AND pg_catalog.pg_type_is_visible(pg_catalog.pg_type.oid) AND pg_catalog.pg_namespace.nspname != $2::VARCHAR (base.py:1840)
2025-09-05 14:58:01 [    INFO] [cached since 0.5272s ago] ('adminactiontype', 'pg_catalog') (base.py:1840)
2025-09-05 14:58:01 [    INFO] SELECT pg_catalog.pg_type.typname 
FROM pg_catalog.pg_type JOIN pg_catalog.pg_namespace ON pg_catalog.pg_namespace.oid = pg_catalog.pg_type.typnamespace 
WHERE pg_catalog.pg_type.typname = $1::VARCHAR AND pg_catalog.pg_type_is_visible(pg_catalog.pg_type.oid) AND pg_catalog.pg_namespace.nspname != $2::VARCHAR (base.py:1840)
2025-09-05 14:58:01 [    INFO] [cached since 0.5295s ago] ('adminactionstatus', 'pg_catalog') (base.py:1840)
2025-09-05 14:58:01 [    INFO] SELECT pg_catalog.pg_type.typname 
FROM pg_catalog.pg_type JOIN pg_catalog.pg_namespace ON pg_catalog.pg_namespace.oid = pg_catalog.pg_type.typnamespace 
WHERE pg_catalog.pg_type.typname = $1::VARCHAR AND pg_catalog.pg_type_is_visible(pg_catalog.pg_type.oid) AND pg_catalog.pg_namespace.nspname != $2::VARCHAR (base.py:1840)
2025-09-05 14:58:01 [    INFO] [cached since 0.532s ago] ('paymentstatus', 'pg_catalog') (base.py:1840)
2025-09-05 14:58:01 [    INFO] SELECT pg_catalog.pg_type.typname 
FROM pg_catalog.pg_type JOIN pg_catalog.pg_namespace ON pg_catalog.pg_namespace.oid = pg_catalog.pg_type.typnamespace 
WHERE pg_catalog.pg_type.typname = $1::VARCHAR AND pg_catalog.pg_type_is_visible(pg_catalog.pg_type.oid) AND pg_catalog.pg_namespace.nspname != $2::VARCHAR (base.py:1840)
2025-09-05 14:58:01 [    INFO] [cached since 0.5348s ago] ('paymentmethod', 'pg_catalog') (base.py:1840)
2025-09-05 14:58:01 [    INFO] SELECT pg_catalog.pg_type.typname 
FROM pg_catalog.pg_type JOIN pg_catalog.pg_namespace ON pg_catalog.pg_namespace.oid = pg_catalog.pg_type.typnamespace 
WHERE pg_catalog.pg_type.typname = $1::VARCHAR AND pg_catalog.pg_type_is_visible(pg_catalog.pg_type.oid) AND pg_catalog.pg_namespace.nspname != $2::VARCHAR (base.py:1840)
2025-09-05 14:58:01 [    INFO] [cached since 0.5372s ago] ('paymenttype', 'pg_catalog') (base.py:1840)
2025-09-05 14:58:01 [    INFO] SELECT pg_catalog.pg_type.typname 
FROM pg_catalog.pg_type JOIN pg_catalog.pg_namespace ON pg_catalog.pg_namespace.oid = pg_catalog.pg_type.typnamespace 
WHERE pg_catalog.pg_type.typname = $1::VARCHAR AND pg_catalog.pg_type_is_visible(pg_catalog.pg_type.oid) AND pg_catalog.pg_namespace.nspname != $2::VARCHAR (base.py:1840)
2025-09-05 14:58:01 [    INFO] [cached since 0.5395s ago] ('orderstatus', 'pg_catalog') (base.py:1840)
2025-09-05 14:58:01 [    INFO] SELECT pg_catalog.pg_type.typname 
FROM pg_catalog.pg_type JOIN pg_catalog.pg_namespace ON pg_catalog.pg_namespace.oid = pg_catalog.pg_type.typnamespace 
WHERE pg_catalog.pg_type.typname = $1::VARCHAR AND pg_catalog.pg_type_is_visible(pg_catalog.pg_type.oid) AND pg_catalog.pg_namespace.nspname != $2::VARCHAR (base.py:1840)
2025-09-05 14:58:01 [    INFO] [cached since 0.5416s ago] ('adtype', 'pg_catalog') (base.py:1840)
2025-09-05 14:58:01 [    INFO] SELECT pg_catalog.pg_type.typname 
FROM pg_catalog.pg_type JOIN pg_catalog.pg_namespace ON pg_catalog.pg_namespace.oid = pg_catalog.pg_type.typnamespace 
WHERE pg_catalog.pg_type.typname = $1::VARCHAR AND pg_catalog.pg_type_is_visible(pg_catalog.pg_type.oid) AND pg_catalog.pg_namespace.nspname != $2::VARCHAR (base.py:1840)
2025-09-05 14:58:01 [    INFO] [cached since 0.5437s ago] ('adstatus', 'pg_catalog') (base.py:1840)
2025-09-05 14:58:01 [    INFO] SELECT pg_catalog.pg_type.typname 
FROM pg_catalog.pg_type JOIN pg_catalog.pg_namespace ON pg_catalog.pg_namespace.oid = pg_catalog.pg_type.typnamespace 
WHERE pg_catalog.pg_type.typname = $1::VARCHAR AND pg_catalog.pg_type_is_visible(pg_catalog.pg_type.oid) AND pg_catalog.pg_namespace.nspname != $2::VARCHAR (base.py:1840)
2025-09-05 14:58:01 [    INFO] [cached since 0.5455s ago] ('biddingtype', 'pg_catalog') (base.py:1840)
2025-09-05 14:58:01 [    INFO] COMMIT (base.py:2702)
2025-09-05 14:58:01 [    INFO] BEGIN (implicit) (base.py:2696)
2025-09-05 14:58:01 [    INFO] SELECT pg_catalog.pg_class.relname 
FROM pg_catalog.pg_class JOIN pg_catalog.pg_namespace ON pg_catalog.pg_namespace.oid = pg_catalog.pg_class.relnamespace 
WHERE pg_catalog.pg_class.relname = $1::VARCHAR AND pg_catalog.pg_class.relkind = ANY (ARRAY[$2::VARCHAR, $3::VARCHAR, $4::VARCHAR, $5::VARCHAR, $6::VARCHAR]) AND pg_catalog.pg_table_is_visible(pg_catalog.pg_class.oid) AND pg_catalog.pg_namespace.nspname != $7::VARCHAR (base.py:1840)
2025-09-05 14:58:01 [    INFO] [cached since 0.7414s ago] ('users', 'r', 'p', 'f', 'v', 'm', 'pg_catalog') (base.py:1840)
2025-09-05 14:58:01 [    INFO] SELECT pg_catalog.pg_class.relname 
FROM pg_catalog.pg_class JOIN pg_catalog.pg_namespace ON pg_catalog.pg_namespace.oid = pg_catalog.pg_class.relnamespace 
WHERE pg_catalog.pg_class.relname = $1::VARCHAR AND pg_catalog.pg_class.relkind = ANY (ARRAY[$2::VARCHAR, $3::VARCHAR, $4::VARCHAR, $5::VARCHAR, $6::VARCHAR]) AND pg_catalog.pg_table_is_visible(pg_catalog.pg_class.oid) AND pg_catalog.pg_namespace.nspname != $7::VARCHAR (base.py:1840)
2025-09-05 14:58:01 [    INFO] [cached since 0.7433s ago] ('auth_tokens', 'r', 'p', 'f', 'v', 'm', 'pg_catalog') (base.py:1840)
2025-09-05 14:58:01 [    INFO] SELECT pg_catalog.pg_class.relname 
FROM pg_catalog.pg_class JOIN pg_catalog.pg_namespace ON pg_catalog.pg_namespace.oid = pg_catalog.pg_class.relnamespace 
WHERE pg_catalog.pg_class.relname = $1::VARCHAR AND pg_catalog.pg_class.relkind = ANY (ARRAY[$2::VARCHAR, $3::VARCHAR, $4::VARCHAR, $5::VARCHAR, $6::VARCHAR]) AND pg_catalog.pg_table_is_visible(pg_catalog.pg_class.oid) AND pg_catalog.pg_namespace.nspname != $7::VARCHAR (base.py:1840)
2025-09-05 14:58:01 [    INFO] [cached since 0.7451s ago] ('user_sessions', 'r', 'p', 'f', 'v', 'm', 'pg_catalog') (base.py:1840)
2025-09-05 14:58:01 [    INFO] SELECT pg_catalog.pg_class.relname 
FROM pg_catalog.pg_class JOIN pg_catalog.pg_namespace ON pg_catalog.pg_namespace.oid = pg_catalog.pg_class.relnamespace 
WHERE pg_catalog.pg_class.relname = $1::VARCHAR AND pg_catalog.pg_class.relkind = ANY (ARRAY[$2::VARCHAR, $3::VARCHAR, $4::VARCHAR, $5::VARCHAR, $6::VARCHAR]) AND pg_catalog.pg_table_is_visible(pg_catalog.pg_class.oid) AND pg_catalog.pg_namespace.nspname != $7::VARCHAR (base.py:1840)
2025-09-05 14:58:01 [    INFO] [cached since 0.7465s ago] ('user_profile_changes', 'r', 'p', 'f', 'v', 'm', 'pg_catalog') (base.py:1840)
2025-09-05 14:58:01 [    INFO] SELECT pg_catalog.pg_class.relname 
FROM pg_catalog.pg_class JOIN pg_catalog.pg_namespace ON pg_catalog.pg_namespace.oid = pg_catalog.pg_class.relnamespace 
WHERE pg_catalog.pg_class.relname = $1::VARCHAR AND pg_catalog.pg_class.relkind = ANY (ARRAY[$2::VARCHAR, $3::VARCHAR, $4::VARCHAR, $5::VARCHAR, $6::VARCHAR]) AND pg_catalog.pg_table_is_visible(pg_catalog.pg_class.oid) AND pg_catalog.pg_namespace.nspname != $7::VARCHAR (base.py:1840)
2025-09-05 14:58:01 [    INFO] [cached since 0.7482s ago] ('admin_users', 'r', 'p', 'f', 'v', 'm', 'pg_catalog') (base.py:1840)
2025-09-05 14:58:01 [    INFO] SELECT pg_catalog.pg_class.relname 
FROM pg_catalog.pg_class JOIN pg_catalog.pg_namespace ON pg_catalog.pg_namespace.oid = pg_catalog.pg_class.relnamespace 
WHERE pg_catalog.pg_class.relname = $1::VARCHAR AND pg_catalog.pg_class.relkind = ANY (ARRAY[$2::VARCHAR, $3::VARCHAR, $4::VARCHAR, $5::VARCHAR, $6::VARCHAR]) AND pg_catalog.pg_table_is_visible(pg_catalog.pg_class.oid) AND pg_catalog.pg_namespace.nspname != $7::VARCHAR (base.py:1840)
2025-09-05 14:58:01 [    INFO] [cached since 0.7497s ago] ('admin_actions', 'r', 'p', 'f', 'v', 'm', 'pg_catalog') (base.py:1840)
2025-09-05 14:58:01 [    INFO] SELECT pg_catalog.pg_class.relname 
FROM pg_catalog.pg_class JOIN pg_catalog.pg_namespace ON pg_catalog.pg_namespace.oid = pg_catalog.pg_class.relnamespace 
WHERE pg_catalog.pg_class.relname = $1::VARCHAR AND pg_catalog.pg_class.relkind = ANY (ARRAY[$2::VARCHAR, $3::VARCHAR, $4::VARCHAR, $5::VARCHAR, $6::VARCHAR]) AND pg_catalog.pg_table_is_visible(pg_catalog.pg_class.oid) AND pg_catalog.pg_namespace.nspname != $7::VARCHAR (base.py:1840)
2025-09-05 14:58:01 [    INFO] [cached since 0.7511s ago] ('system_configs', 'r', 'p', 'f', 'v', 'm', 'pg_catalog') (base.py:1840)
2025-09-05 14:58:01 [    INFO] SELECT pg_catalog.pg_class.relname 
FROM pg_catalog.pg_class JOIN pg_catalog.pg_namespace ON pg_catalog.pg_namespace.oid = pg_catalog.pg_class.relnamespace 
WHERE pg_catalog.pg_class.relname = $1::VARCHAR AND pg_catalog.pg_class.relkind = ANY (ARRAY[$2::VARCHAR, $3::VARCHAR, $4::VARCHAR, $5::VARCHAR, $6::VARCHAR]) AND pg_catalog.pg_table_is_visible(pg_catalog.pg_class.oid) AND pg_catalog.pg_namespace.nspname != $7::VARCHAR (base.py:1840)
2025-09-05 14:58:01 [    INFO] [cached since 0.7528s ago] ('audit_logs', 'r', 'p', 'f', 'v', 'm', 'pg_catalog') (base.py:1840)
2025-09-05 14:58:01 [    INFO] SELECT pg_catalog.pg_class.relname 
FROM pg_catalog.pg_class JOIN pg_catalog.pg_namespace ON pg_catalog.pg_namespace.oid = pg_catalog.pg_class.relnamespace 
WHERE pg_catalog.pg_class.relname = $1::VARCHAR AND pg_catalog.pg_class.relkind = ANY (ARRAY[$2::VARCHAR, $3::VARCHAR, $4::VARCHAR, $5::VARCHAR, $6::VARCHAR]) AND pg_catalog.pg_table_is_visible(pg_catalog.pg_class.oid) AND pg_catalog.pg_namespace.nspname != $7::VARCHAR (base.py:1840)
2025-09-05 14:58:01 [    INFO] [cached since 0.7542s ago] ('support_tickets', 'r', 'p', 'f', 'v', 'm', 'pg_catalog') (base.py:1840)
2025-09-05 14:58:01 [    INFO] SELECT pg_catalog.pg_class.relname 
FROM pg_catalog.pg_class JOIN pg_catalog.pg_namespace ON pg_catalog.pg_namespace.oid = pg_catalog.pg_class.relnamespace 
WHERE pg_catalog.pg_class.relname = $1::VARCHAR AND pg_catalog.pg_class.relkind = ANY (ARRAY[$2::VARCHAR, $3::VARCHAR, $4::VARCHAR, $5::VARCHAR, $6::VARCHAR]) AND pg_catalog.pg_table_is_visible(pg_catalog.pg_class.oid) AND pg_catalog.pg_namespace.nspname != $7::VARCHAR (base.py:1840)
2025-09-05 14:58:01 [    INFO] [cached since 0.7556s ago] ('support_messages', 'r', 'p', 'f', 'v', 'm', 'pg_catalog') (base.py:1840)
2025-09-05 14:58:01 [    INFO] SELECT pg_catalog.pg_class.relname 
FROM pg_catalog.pg_class JOIN pg_catalog.pg_namespace ON pg_catalog.pg_namespace.oid = pg_catalog.pg_class.relnamespace 
WHERE pg_catalog.pg_class.relname = $1::VARCHAR AND pg_catalog.pg_class.relkind = ANY (ARRAY[$2::VARCHAR, $3::VARCHAR, $4::VARCHAR, $5::VARCHAR, $6::VARCHAR]) AND pg_catalog.pg_table_is_visible(pg_catalog.pg_class.oid) AND pg_catalog.pg_namespace.nspname != $7::VARCHAR (base.py:1840)
2025-09-05 14:58:01 [    INFO] [cached since 0.7571s ago] ('content_moderation', 'r', 'p', 'f', 'v', 'm', 'pg_catalog') (base.py:1840)
2025-09-05 14:58:01 [    INFO] SELECT pg_catalog.pg_class.relname 
FROM pg_catalog.pg_class JOIN pg_catalog.pg_namespace ON pg_catalog.pg_namespace.oid = pg_catalog.pg_class.relnamespace 
WHERE pg_catalog.pg_class.relname = $1::VARCHAR AND pg_catalog.pg_class.relkind = ANY (ARRAY[$2::VARCHAR, $3::VARCHAR, $4::VARCHAR, $5::VARCHAR, $6::VARCHAR]) AND pg_catalog.pg_table_is_visible(pg_catalog.pg_class.oid) AND pg_catalog.pg_namespace.nspname != $7::VARCHAR (base.py:1840)
2025-09-05 14:58:01 [    INFO] [cached since 0.7585s ago] ('system_metrics', 'r', 'p', 'f', 'v', 'm', 'pg_catalog') (base.py:1840)
2025-09-05 14:58:01 [    INFO] SELECT pg_catalog.pg_class.relname 
FROM pg_catalog.pg_class JOIN pg_catalog.pg_namespace ON pg_catalog.pg_namespace.oid = pg_catalog.pg_class.relnamespace 
WHERE pg_catalog.pg_class.relname = $1::VARCHAR AND pg_catalog.pg_class.relkind = ANY (ARRAY[$2::VARCHAR, $3::VARCHAR, $4::VARCHAR, $5::VARCHAR, $6::VARCHAR]) AND pg_catalog.pg_table_is_visible(pg_catalog.pg_class.oid) AND pg_catalog.pg_namespace.nspname != $7::VARCHAR (base.py:1840)
2025-09-05 14:58:01 [    INFO] [cached since 0.7598s ago] ('admin_dashboards', 'r', 'p', 'f', 'v', 'm', 'pg_catalog') (base.py:1840)
2025-09-05 14:58:01 [    INFO] SELECT pg_catalog.pg_class.relname 
FROM pg_catalog.pg_class JOIN pg_catalog.pg_namespace ON pg_catalog.pg_namespace.oid = pg_catalog.pg_class.relnamespace 
WHERE pg_catalog.pg_class.relname = $1::VARCHAR AND pg_catalog.pg_class.relkind = ANY (ARRAY[$2::VARCHAR, $3::VARCHAR, $4::VARCHAR, $5::VARCHAR, $6::VARCHAR]) AND pg_catalog.pg_table_is_visible(pg_catalog.pg_class.oid) AND pg_catalog.pg_namespace.nspname != $7::VARCHAR (base.py:1840)
2025-09-05 14:58:01 [    INFO] [cached since 0.7613s ago] ('admin_notifications', 'r', 'p', 'f', 'v', 'm', 'pg_catalog') (base.py:1840)
2025-09-05 14:58:01 [    INFO] SELECT pg_catalog.pg_class.relname 
FROM pg_catalog.pg_class JOIN pg_catalog.pg_namespace ON pg_catalog.pg_namespace.oid = pg_catalog.pg_class.relnamespace 
WHERE pg_catalog.pg_class.relname = $1::VARCHAR AND pg_catalog.pg_class.relkind = ANY (ARRAY[$2::VARCHAR, $3::VARCHAR, $4::VARCHAR, $5::VARCHAR, $6::VARCHAR]) AND pg_catalog.pg_table_is_visible(pg_catalog.pg_class.oid) AND pg_catalog.pg_namespace.nspname != $7::VARCHAR (base.py:1840)
2025-09-05 14:58:01 [    INFO] [cached since 0.7625s ago] ('ip_blocklist', 'r', 'p', 'f', 'v', 'm', 'pg_catalog') (base.py:1840)
2025-09-05 14:58:01 [    INFO] SELECT pg_catalog.pg_class.relname 
FROM pg_catalog.pg_class JOIN pg_catalog.pg_namespace ON pg_catalog.pg_namespace.oid = pg_catalog.pg_class.relnamespace 
WHERE pg_catalog.pg_class.relname = $1::VARCHAR AND pg_catalog.pg_class.relkind = ANY (ARRAY[$2::VARCHAR, $3::VARCHAR, $4::VARCHAR, $5::VARCHAR, $6::VARCHAR]) AND pg_catalog.pg_table_is_visible(pg_catalog.pg_class.oid) AND pg_catalog.pg_namespace.nspname != $7::VARCHAR (base.py:1840)
2025-09-05 14:58:01 [    INFO] [cached since 0.7644s ago] ('admin_reports', 'r', 'p', 'f', 'v', 'm', 'pg_catalog') (base.py:1840)
2025-09-05 14:58:01 [    INFO] SELECT pg_catalog.pg_class.relname 
FROM pg_catalog.pg_class JOIN pg_catalog.pg_namespace ON pg_catalog.pg_namespace.oid = pg_catalog.pg_class.relnamespace 
WHERE pg_catalog.pg_class.relname = $1::VARCHAR AND pg_catalog.pg_class.relkind = ANY (ARRAY[$2::VARCHAR, $3::VARCHAR, $4::VARCHAR, $5::VARCHAR, $6::VARCHAR]) AND pg_catalog.pg_table_is_visible(pg_catalog.pg_class.oid) AND pg_catalog.pg_namespace.nspname != $7::VARCHAR (base.py:1840)
2025-09-05 14:58:01 [    INFO] [cached since 0.7664s ago] ('payments', 'r', 'p', 'f', 'v', 'm', 'pg_catalog') (base.py:1840)
2025-09-05 14:58:01 [    INFO] SELECT pg_catalog.pg_class.relname 
FROM pg_catalog.pg_class JOIN pg_catalog.pg_namespace ON pg_catalog.pg_namespace.oid = pg_catalog.pg_class.relnamespace 
WHERE pg_catalog.pg_class.relname = $1::VARCHAR AND pg_catalog.pg_class.relkind = ANY (ARRAY[$2::VARCHAR, $3::VARCHAR, $4::VARCHAR, $5::VARCHAR, $6::VARCHAR]) AND pg_catalog.pg_table_is_visible(pg_catalog.pg_class.oid) AND pg_catalog.pg_namespace.nspname != $7::VARCHAR (base.py:1840)
2025-09-05 14:58:01 [    INFO] [cached since 0.7682s ago] ('payment_refunds', 'r', 'p', 'f', 'v', 'm', 'pg_catalog') (base.py:1840)
2025-09-05 14:58:01 [    INFO] SELECT pg_catalog.pg_class.relname 
FROM pg_catalog.pg_class JOIN pg_catalog.pg_namespace ON pg_catalog.pg_namespace.oid = pg_catalog.pg_class.relnamespace 
WHERE pg_catalog.pg_class.relname = $1::VARCHAR AND pg_catalog.pg_class.relkind = ANY (ARRAY[$2::VARCHAR, $3::VARCHAR, $4::VARCHAR, $5::VARCHAR, $6::VARCHAR]) AND pg_catalog.pg_table_is_visible(pg_catalog.pg_class.oid) AND pg_catalog.pg_namespace.nspname != $7::VARCHAR (base.py:1840)
2025-09-05 14:58:01 [    INFO] [cached since 0.7703s ago] ('payment_webhooks', 'r', 'p', 'f', 'v', 'm', 'pg_catalog') (base.py:1840)
2025-09-05 14:58:01 [    INFO] SELECT pg_catalog.pg_class.relname 
FROM pg_catalog.pg_class JOIN pg_catalog.pg_namespace ON pg_catalog.pg_namespace.oid = pg_catalog.pg_class.relnamespace 
WHERE pg_catalog.pg_class.relname = $1::VARCHAR AND pg_catalog.pg_class.relkind = ANY (ARRAY[$2::VARCHAR, $3::VARCHAR, $4::VARCHAR, $5::VARCHAR, $6::VARCHAR]) AND pg_catalog.pg_table_is_visible(pg_catalog.pg_class.oid) AND pg_catalog.pg_namespace.nspname != $7::VARCHAR (base.py:1840)
2025-09-05 14:58:01 [    INFO] [cached since 0.7721s ago] ('withdrawal_requests', 'r', 'p', 'f', 'v', 'm', 'pg_catalog') (base.py:1840)
2025-09-05 14:58:01 [    INFO] SELECT pg_catalog.pg_class.relname 
FROM pg_catalog.pg_class JOIN pg_catalog.pg_namespace ON pg_catalog.pg_namespace.oid = pg_catalog.pg_class.relnamespace 
WHERE pg_catalog.pg_class.relname = $1::VARCHAR AND pg_catalog.pg_class.relkind = ANY (ARRAY[$2::VARCHAR, $3::VARCHAR, $4::VARCHAR, $5::VARCHAR, $6::VARCHAR]) AND pg_catalog.pg_table_is_visible(pg_catalog.pg_class.oid) AND pg_catalog.pg_namespace.nspname != $7::VARCHAR (base.py:1840)
2025-09-05 14:58:01 [    INFO] [cached since 0.7739s ago] ('sellers', 'r', 'p', 'f', 'v', 'm', 'pg_catalog') (base.py:1840)
2025-09-05 14:58:01 [    INFO] SELECT pg_catalog.pg_class.relname 
FROM pg_catalog.pg_class JOIN pg_catalog.pg_namespace ON pg_catalog.pg_namespace.oid = pg_catalog.pg_class.relnamespace 
WHERE pg_catalog.pg_class.relname = $1::VARCHAR AND pg_catalog.pg_class.relkind = ANY (ARRAY[$2::VARCHAR, $3::VARCHAR, $4::VARCHAR, $5::VARCHAR, $6::VARCHAR]) AND pg_catalog.pg_table_is_visible(pg_catalog.pg_class.oid) AND pg_catalog.pg_namespace.nspname != $7::VARCHAR (base.py:1840)
2025-09-05 14:58:01 [    INFO] [cached since 0.7755s ago] ('orders', 'r', 'p', 'f', 'v', 'm', 'pg_catalog') (base.py:1840)
2025-09-05 14:58:01 [    INFO] SELECT pg_catalog.pg_class.relname 
FROM pg_catalog.pg_class JOIN pg_catalog.pg_namespace ON pg_catalog.pg_namespace.oid = pg_catalog.pg_class.relnamespace 
WHERE pg_catalog.pg_class.relname = $1::VARCHAR AND pg_catalog.pg_class.relkind = ANY (ARRAY[$2::VARCHAR, $3::VARCHAR, $4::VARCHAR, $5::VARCHAR, $6::VARCHAR]) AND pg_catalog.pg_table_is_visible(pg_catalog.pg_class.oid) AND pg_catalog.pg_namespace.nspname != $7::VARCHAR (base.py:1840)
2025-09-05 14:58:01 [    INFO] [cached since 0.7771s ago] ('ads', 'r', 'p', 'f', 'v', 'm', 'pg_catalog') (base.py:1840)
2025-09-05 14:58:01 [    INFO] SELECT pg_catalog.pg_class.relname 
FROM pg_catalog.pg_class JOIN pg_catalog.pg_namespace ON pg_catalog.pg_namespace.oid = pg_catalog.pg_class.relnamespace 
WHERE pg_catalog.pg_class.relname = $1::VARCHAR AND pg_catalog.pg_class.relkind = ANY (ARRAY[$2::VARCHAR, $3::VARCHAR, $4::VARCHAR, $5::VARCHAR, $6::VARCHAR]) AND pg_catalog.pg_table_is_visible(pg_catalog.pg_class.oid) AND pg_catalog.pg_namespace.nspname != $7::VARCHAR (base.py:1840)
2025-09-05 14:58:01 [    INFO] [cached since 0.7787s ago] ('ad_campaigns', 'r', 'p', 'f', 'v', 'm', 'pg_catalog') (base.py:1840)
2025-09-05 14:58:01 [    INFO] SELECT pg_catalog.pg_class.relname 
FROM pg_catalog.pg_class JOIN pg_catalog.pg_namespace ON pg_catalog.pg_namespace.oid = pg_catalog.pg_class.relnamespace 
WHERE pg_catalog.pg_class.relname = $1::VARCHAR AND pg_catalog.pg_class.relkind = ANY (ARRAY[$2::VARCHAR, $3::VARCHAR, $4::VARCHAR, $5::VARCHAR, $6::VARCHAR]) AND pg_catalog.pg_table_is_visible(pg_catalog.pg_class.oid) AND pg_catalog.pg_namespace.nspname != $7::VARCHAR (base.py:1840)
2025-09-05 14:58:01 [    INFO] [cached since 0.7808s ago] ('ad_impressions', 'r', 'p', 'f', 'v', 'm', 'pg_catalog') (base.py:1840)
2025-09-05 14:58:01 [    INFO] SELECT pg_catalog.pg_class.relname 
FROM pg_catalog.pg_class JOIN pg_catalog.pg_namespace ON pg_catalog.pg_namespace.oid = pg_catalog.pg_class.relnamespace 
WHERE pg_catalog.pg_class.relname = $1::VARCHAR AND pg_catalog.pg_class.relkind = ANY (ARRAY[$2::VARCHAR, $3::VARCHAR, $4::VARCHAR, $5::VARCHAR, $6::VARCHAR]) AND pg_catalog.pg_table_is_visible(pg_catalog.pg_class.oid) AND pg_catalog.pg_namespace.nspname != $7::VARCHAR (base.py:1840)
2025-09-05 14:58:01 [    INFO] [cached since 0.7823s ago] ('ad_clicks', 'r', 'p', 'f', 'v', 'm', 'pg_catalog') (base.py:1840)
2025-09-05 14:58:01 [    INFO] SELECT pg_catalog.pg_class.relname 
FROM pg_catalog.pg_class JOIN pg_catalog.pg_namespace ON pg_catalog.pg_namespace.oid = pg_catalog.pg_class.relnamespace 
WHERE pg_catalog.pg_class.relname = $1::VARCHAR AND pg_catalog.pg_class.relkind = ANY (ARRAY[$2::VARCHAR, $3::VARCHAR, $4::VARCHAR, $5::VARCHAR, $6::VARCHAR]) AND pg_catalog.pg_table_is_visible(pg_catalog.pg_class.oid) AND pg_catalog.pg_namespace.nspname != $7::VARCHAR (base.py:1840)
2025-09-05 14:58:01 [    INFO] [cached since 0.7838s ago] ('ad_conversions', 'r', 'p', 'f', 'v', 'm', 'pg_catalog') (base.py:1840)
2025-09-05 14:58:01 [    INFO] SELECT pg_catalog.pg_class.relname 
FROM pg_catalog.pg_class JOIN pg_catalog.pg_namespace ON pg_catalog.pg_namespace.oid = pg_catalog.pg_class.relnamespace 
WHERE pg_catalog.pg_class.relname = $1::VARCHAR AND pg_catalog.pg_class.relkind = ANY (ARRAY[$2::VARCHAR, $3::VARCHAR, $4::VARCHAR, $5::VARCHAR, $6::VARCHAR]) AND pg_catalog.pg_table_is_visible(pg_catalog.pg_class.oid) AND pg_catalog.pg_namespace.nspname != $7::VARCHAR (base.py:1840)
2025-09-05 14:58:01 [    INFO] [cached since 0.7858s ago] ('ad_bids', 'r', 'p', 'f', 'v', 'm', 'pg_catalog') (base.py:1840)
2025-09-05 14:58:01 [    INFO] SELECT pg_catalog.pg_class.relname 
FROM pg_catalog.pg_class JOIN pg_catalog.pg_namespace ON pg_catalog.pg_namespace.oid = pg_catalog.pg_class.relnamespace 
WHERE pg_catalog.pg_class.relname = $1::VARCHAR AND pg_catalog.pg_class.relkind = ANY (ARRAY[$2::VARCHAR, $3::VARCHAR, $4::VARCHAR, $5::VARCHAR, $6::VARCHAR]) AND pg_catalog.pg_table_is_visible(pg_catalog.pg_class.oid) AND pg_catalog.pg_namespace.nspname != $7::VARCHAR (base.py:1840)
2025-09-05 14:58:01 [    INFO] [cached since 0.788s ago] ('ad_spaces', 'r', 'p', 'f', 'v', 'm', 'pg_catalog') (base.py:1840)
2025-09-05 14:58:01 [    INFO] SELECT pg_catalog.pg_class.relname 
FROM pg_catalog.pg_class JOIN pg_catalog.pg_namespace ON pg_catalog.pg_namespace.oid = pg_catalog.pg_class.relnamespace 
WHERE pg_catalog.pg_class.relname = $1::VARCHAR AND pg_catalog.pg_class.relkind = ANY (ARRAY[$2::VARCHAR, $3::VARCHAR, $4::VARCHAR, $5::VARCHAR, $6::VARCHAR]) AND pg_catalog.pg_table_is_visible(pg_catalog.pg_class.oid) AND pg_catalog.pg_namespace.nspname != $7::VARCHAR (base.py:1840)
2025-09-05 14:58:01 [    INFO] [cached since 0.7911s ago] ('ad_blocklist', 'r', 'p', 'f', 'v', 'm', 'pg_catalog') (base.py:1840)
2025-09-05 14:58:01 [    INFO] SELECT pg_catalog.pg_class.relname 
FROM pg_catalog.pg_class JOIN pg_catalog.pg_namespace ON pg_catalog.pg_namespace.oid = pg_catalog.pg_class.relnamespace 
WHERE pg_catalog.pg_class.relname = $1::VARCHAR AND pg_catalog.pg_class.relkind = ANY (ARRAY[$2::VARCHAR, $3::VARCHAR, $4::VARCHAR, $5::VARCHAR, $6::VARCHAR]) AND pg_catalog.pg_table_is_visible(pg_catalog.pg_class.oid) AND pg_catalog.pg_namespace.nspname != $7::VARCHAR (base.py:1840)
2025-09-05 14:58:01 [    INFO] [cached since 0.7935s ago] ('ad_analytics', 'r', 'p', 'f', 'v', 'm', 'pg_catalog') (base.py:1840)
2025-09-05 14:58:01 [    INFO] SELECT pg_catalog.pg_class.relname 
FROM pg_catalog.pg_class JOIN pg_catalog.pg_namespace ON pg_catalog.pg_namespace.oid = pg_catalog.pg_class.relnamespace 
WHERE pg_catalog.pg_class.relname = $1::VARCHAR AND pg_catalog.pg_class.relkind = ANY (ARRAY[$2::VARCHAR, $3::VARCHAR, $4::VARCHAR, $5::VARCHAR, $6::VARCHAR]) AND pg_catalog.pg_table_is_visible(pg_catalog.pg_class.oid) AND pg_catalog.pg_namespace.nspname != $7::VARCHAR (base.py:1840)
2025-09-05 14:58:01 [    INFO] [cached since 0.7957s ago] ('ai_tasks', 'r', 'p', 'f', 'v', 'm', 'pg_catalog') (base.py:1840)
2025-09-05 14:58:01 [    INFO] SELECT pg_catalog.pg_class.relname 
FROM pg_catalog.pg_class JOIN pg_catalog.pg_namespace ON pg_catalog.pg_namespace.oid = pg_catalog.pg_class.relnamespace 
WHERE pg_catalog.pg_class.relname = $1::VARCHAR AND pg_catalog.pg_class.relkind = ANY (ARRAY[$2::VARCHAR, $3::VARCHAR, $4::VARCHAR, $5::VARCHAR, $6::VARCHAR]) AND pg_catalog.pg_table_is_visible(pg_catalog.pg_class.oid) AND pg_catalog.pg_namespace.nspname != $7::VARCHAR (base.py:1840)
2025-09-05 14:58:01 [    INFO] [cached since 0.7977s ago] ('carts', 'r', 'p', 'f', 'v', 'm', 'pg_catalog') (base.py:1840)
2025-09-05 14:58:01 [    INFO] SELECT pg_catalog.pg_class.relname 
FROM pg_catalog.pg_class JOIN pg_catalog.pg_namespace ON pg_catalog.pg_namespace.oid = pg_catalog.pg_class.relnamespace 
WHERE pg_catalog.pg_class.relname = $1::VARCHAR AND pg_catalog.pg_class.relkind = ANY (ARRAY[$2::VARCHAR, $3::VARCHAR, $4::VARCHAR, $5::VARCHAR, $6::VARCHAR]) AND pg_catalog.pg_table_is_visible(pg_catalog.pg_class.oid) AND pg_catalog.pg_namespace.nspname != $7::VARCHAR (base.py:1840)
2025-09-05 14:58:01 [    INFO] [cached since 0.7995s ago] ('cart_items', 'r', 'p', 'f', 'v', 'm', 'pg_catalog') (base.py:1840)
2025-09-05 14:58:01 [    INFO] SELECT pg_catalog.pg_class.relname 
FROM pg_catalog.pg_class JOIN pg_catalog.pg_namespace ON pg_catalog.pg_namespace.oid = pg_catalog.pg_class.relnamespace 
WHERE pg_catalog.pg_class.relname = $1::VARCHAR AND pg_catalog.pg_class.relkind = ANY (ARRAY[$2::VARCHAR, $3::VARCHAR, $4::VARCHAR, $5::VARCHAR, $6::VARCHAR]) AND pg_catalog.pg_table_is_visible(pg_catalog.pg_class.oid) AND pg_catalog.pg_namespace.nspname != $7::VARCHAR (base.py:1840)
2025-09-05 14:58:01 [    INFO] [cached since 0.8016s ago] ('cms_pages', 'r', 'p', 'f', 'v', 'm', 'pg_catalog') (base.py:1840)
2025-09-05 14:58:01 [    INFO] SELECT pg_catalog.pg_class.relname 
FROM pg_catalog.pg_class JOIN pg_catalog.pg_namespace ON pg_catalog.pg_namespace.oid = pg_catalog.pg_class.relnamespace 
WHERE pg_catalog.pg_class.relname = $1::VARCHAR AND pg_catalog.pg_class.relkind = ANY (ARRAY[$2::VARCHAR, $3::VARCHAR, $4::VARCHAR, $5::VARCHAR, $6::VARCHAR]) AND pg_catalog.pg_table_is_visible(pg_catalog.pg_class.oid) AND pg_catalog.pg_namespace.nspname != $7::VARCHAR (base.py:1840)
2025-09-05 14:58:01 [    INFO] [cached since 0.8036s ago] ('banned_items', 'r', 'p', 'f', 'v', 'm', 'pg_catalog') (base.py:1840)
2025-09-05 14:58:01 [    INFO] SELECT pg_catalog.pg_class.relname 
FROM pg_catalog.pg_class JOIN pg_catalog.pg_namespace ON pg_catalog.pg_namespace.oid = pg_catalog.pg_class.relnamespace 
WHERE pg_catalog.pg_class.relname = $1::VARCHAR AND pg_catalog.pg_class.relkind = ANY (ARRAY[$2::VARCHAR, $3::VARCHAR, $4::VARCHAR, $5::VARCHAR, $6::VARCHAR]) AND pg_catalog.pg_table_is_visible(pg_catalog.pg_class.oid) AND pg_catalog.pg_namespace.nspname != $7::VARCHAR (base.py:1840)
2025-09-05 14:58:01 [    INFO] [cached since 0.8056s ago] ('compliance_audit_logs', 'r', 'p', 'f', 'v', 'm', 'pg_catalog') (base.py:1840)
2025-09-05 14:58:01 [    INFO] SELECT pg_catalog.pg_class.relname 
FROM pg_catalog.pg_class JOIN pg_catalog.pg_namespace ON pg_catalog.pg_namespace.oid = pg_catalog.pg_class.relnamespace 
WHERE pg_catalog.pg_class.relname = $1::VARCHAR AND pg_catalog.pg_class.relkind = ANY (ARRAY[$2::VARCHAR, $3::VARCHAR, $4::VARCHAR, $5::VARCHAR, $6::VARCHAR]) AND pg_catalog.pg_table_is_visible(pg_catalog.pg_class.oid) AND pg_catalog.pg_namespace.nspname != $7::VARCHAR (base.py:1840)
2025-09-05 14:58:01 [    INFO] [cached since 0.8073s ago] ('escrows', 'r', 'p', 'f', 'v', 'm', 'pg_catalog') (base.py:1840)
2025-09-05 14:58:01 [    INFO] SELECT pg_catalog.pg_class.relname 
FROM pg_catalog.pg_class JOIN pg_catalog.pg_namespace ON pg_catalog.pg_namespace.oid = pg_catalog.pg_class.relnamespace 
WHERE pg_catalog.pg_class.relname = $1::VARCHAR AND pg_catalog.pg_class.relkind = ANY (ARRAY[$2::VARCHAR, $3::VARCHAR, $4::VARCHAR, $5::VARCHAR, $6::VARCHAR]) AND pg_catalog.pg_table_is_visible(pg_catalog.pg_class.oid) AND pg_catalog.pg_namespace.nspname != $7::VARCHAR (base.py:1840)
2025-09-05 14:58:01 [    INFO] [cached since 0.8091s ago] ('badges', 'r', 'p', 'f', 'v', 'm', 'pg_catalog') (base.py:1840)
2025-09-05 14:58:01 [    INFO] SELECT pg_catalog.pg_class.relname 
FROM pg_catalog.pg_class JOIN pg_catalog.pg_namespace ON pg_catalog.pg_namespace.oid = pg_catalog.pg_class.relnamespace 
WHERE pg_catalog.pg_class.relname = $1::VARCHAR AND pg_catalog.pg_class.relkind = ANY (ARRAY[$2::VARCHAR, $3::VARCHAR, $4::VARCHAR, $5::VARCHAR, $6::VARCHAR]) AND pg_catalog.pg_table_is_visible(pg_catalog.pg_class.oid) AND pg_catalog.pg_namespace.nspname != $7::VARCHAR (base.py:1840)
2025-09-05 14:58:01 [    INFO] [cached since 0.8115s ago] ('user_badges', 'r', 'p', 'f', 'v', 'm', 'pg_catalog') (base.py:1840)
2025-09-05 14:58:01 [    INFO] SELECT pg_catalog.pg_class.relname 
FROM pg_catalog.pg_class JOIN pg_catalog.pg_namespace ON pg_catalog.pg_namespace.oid = pg_catalog.pg_class.relnamespace 
WHERE pg_catalog.pg_class.relname = $1::VARCHAR AND pg_catalog.pg_class.relkind = ANY (ARRAY[$2::VARCHAR, $3::VARCHAR, $4::VARCHAR, $5::VARCHAR, $6::VARCHAR]) AND pg_catalog.pg_table_is_visible(pg_catalog.pg_class.oid) AND pg_catalog.pg_namespace.nspname != $7::VARCHAR (base.py:1840)
2025-09-05 14:58:01 [    INFO] [cached since 0.8136s ago] ('user_points', 'r', 'p', 'f', 'v', 'm', 'pg_catalog') (base.py:1840)
2025-09-05 14:58:01 [    INFO] SELECT pg_catalog.pg_class.relname 
FROM pg_catalog.pg_class JOIN pg_catalog.pg_namespace ON pg_catalog.pg_namespace.oid = pg_catalog.pg_class.relnamespace 
WHERE pg_catalog.pg_class.relname = $1::VARCHAR AND pg_catalog.pg_class.relkind = ANY (ARRAY[$2::VARCHAR, $3::VARCHAR, $4::VARCHAR, $5::VARCHAR, $6::VARCHAR]) AND pg_catalog.pg_table_is_visible(pg_catalog.pg_class.oid) AND pg_catalog.pg_namespace.nspname != $7::VARCHAR (base.py:1840)
2025-09-05 14:58:01 [    INFO] [cached since 0.8153s ago] ('guilds', 'r', 'p', 'f', 'v', 'm', 'pg_catalog') (base.py:1840)
2025-09-05 14:58:01 [    INFO] SELECT pg_catalog.pg_type.typname 
FROM pg_catalog.pg_type JOIN pg_catalog.pg_namespace ON pg_catalog.pg_namespace.oid = pg_catalog.pg_type.typnamespace 
WHERE pg_catalog.pg_type.typname = $1::VARCHAR AND pg_catalog.pg_type_is_visible(pg_catalog.pg_type.oid) AND pg_catalog.pg_namespace.nspname != $2::VARCHAR (base.py:1840)
2025-09-05 14:58:01 [    INFO] [cached since 0.758s ago] ('adminrole', 'pg_catalog') (base.py:1840)
2025-09-05 14:58:01 [    INFO] SELECT pg_catalog.pg_type.typname 
FROM pg_catalog.pg_type JOIN pg_catalog.pg_namespace ON pg_catalog.pg_namespace.oid = pg_catalog.pg_type.typnamespace 
WHERE pg_catalog.pg_type.typname = $1::VARCHAR AND pg_catalog.pg_type_is_visible(pg_catalog.pg_type.oid) AND pg_catalog.pg_namespace.nspname != $2::VARCHAR (base.py:1840)
2025-09-05 14:58:01 [    INFO] [cached since 0.7605s ago] ('adminactiontype', 'pg_catalog') (base.py:1840)
2025-09-05 14:58:01 [    INFO] SELECT pg_catalog.pg_type.typname 
FROM pg_catalog.pg_type JOIN pg_catalog.pg_namespace ON pg_catalog.pg_namespace.oid = pg_catalog.pg_type.typnamespace 
WHERE pg_catalog.pg_type.typname = $1::VARCHAR AND pg_catalog.pg_type_is_visible(pg_catalog.pg_type.oid) AND pg_catalog.pg_namespace.nspname != $2::VARCHAR (base.py:1840)
2025-09-05 14:58:01 [    INFO] [cached since 0.7625s ago] ('adminactionstatus', 'pg_catalog') (base.py:1840)
2025-09-05 14:58:01 [    INFO] SELECT pg_catalog.pg_type.typname 
FROM pg_catalog.pg_type JOIN pg_catalog.pg_namespace ON pg_catalog.pg_namespace.oid = pg_catalog.pg_type.typnamespace 
WHERE pg_catalog.pg_type.typname = $1::VARCHAR AND pg_catalog.pg_type_is_visible(pg_catalog.pg_type.oid) AND pg_catalog.pg_namespace.nspname != $2::VARCHAR (base.py:1840)
2025-09-05 14:58:01 [    INFO] [cached since 0.7649s ago] ('paymentstatus', 'pg_catalog') (base.py:1840)
2025-09-05 14:58:01 [    INFO] SELECT pg_catalog.pg_type.typname 
FROM pg_catalog.pg_type JOIN pg_catalog.pg_namespace ON pg_catalog.pg_namespace.oid = pg_catalog.pg_type.typnamespace 
WHERE pg_catalog.pg_type.typname = $1::VARCHAR AND pg_catalog.pg_type_is_visible(pg_catalog.pg_type.oid) AND pg_catalog.pg_namespace.nspname != $2::VARCHAR (base.py:1840)
2025-09-05 14:58:01 [    INFO] [cached since 0.7673s ago] ('paymentmethod', 'pg_catalog') (base.py:1840)
2025-09-05 14:58:01 [    INFO] SELECT pg_catalog.pg_type.typname 
FROM pg_catalog.pg_type JOIN pg_catalog.pg_namespace ON pg_catalog.pg_namespace.oid = pg_catalog.pg_type.typnamespace 
WHERE pg_catalog.pg_type.typname = $1::VARCHAR AND pg_catalog.pg_type_is_visible(pg_catalog.pg_type.oid) AND pg_catalog.pg_namespace.nspname != $2::VARCHAR (base.py:1840)
2025-09-05 14:58:01 [    INFO] [cached since 0.7696s ago] ('paymenttype', 'pg_catalog') (base.py:1840)
2025-09-05 14:58:01 [    INFO] SELECT pg_catalog.pg_type.typname 
FROM pg_catalog.pg_type JOIN pg_catalog.pg_namespace ON pg_catalog.pg_namespace.oid = pg_catalog.pg_type.typnamespace 
WHERE pg_catalog.pg_type.typname = $1::VARCHAR AND pg_catalog.pg_type_is_visible(pg_catalog.pg_type.oid) AND pg_catalog.pg_namespace.nspname != $2::VARCHAR (base.py:1840)
2025-09-05 14:58:01 [    INFO] [cached since 0.7719s ago] ('orderstatus', 'pg_catalog') (base.py:1840)
2025-09-05 14:58:01 [    INFO] SELECT pg_catalog.pg_type.typname 
FROM pg_catalog.pg_type JOIN pg_catalog.pg_namespace ON pg_catalog.pg_namespace.oid = pg_catalog.pg_type.typnamespace 
WHERE pg_catalog.pg_type.typname = $1::VARCHAR AND pg_catalog.pg_type_is_visible(pg_catalog.pg_type.oid) AND pg_catalog.pg_namespace.nspname != $2::VARCHAR (base.py:1840)
2025-09-05 14:58:01 [    INFO] [cached since 0.7742s ago] ('adtype', 'pg_catalog') (base.py:1840)
2025-09-05 14:58:01 [    INFO] SELECT pg_catalog.pg_type.typname 
FROM pg_catalog.pg_type JOIN pg_catalog.pg_namespace ON pg_catalog.pg_namespace.oid = pg_catalog.pg_type.typnamespace 
WHERE pg_catalog.pg_type.typname = $1::VARCHAR AND pg_catalog.pg_type_is_visible(pg_catalog.pg_type.oid) AND pg_catalog.pg_namespace.nspname != $2::VARCHAR (base.py:1840)
2025-09-05 14:58:01 [    INFO] [cached since 0.7765s ago] ('adstatus', 'pg_catalog') (base.py:1840)
2025-09-05 14:58:01 [    INFO] SELECT pg_catalog.pg_type.typname 
FROM pg_catalog.pg_type JOIN pg_catalog.pg_namespace ON pg_catalog.pg_namespace.oid = pg_catalog.pg_type.typnamespace 
WHERE pg_catalog.pg_type.typname = $1::VARCHAR AND pg_catalog.pg_type_is_visible(pg_catalog.pg_type.oid) AND pg_catalog.pg_namespace.nspname != $2::VARCHAR (base.py:1840)
2025-09-05 14:58:01 [    INFO] [cached since 0.7795s ago] ('biddingtype', 'pg_catalog') (base.py:1840)
2025-09-05 14:58:01 [    INFO] SELECT pg_catalog.pg_type.typname 
FROM pg_catalog.pg_type JOIN pg_catalog.pg_namespace ON pg_catalog.pg_namespace.oid = pg_catalog.pg_type.typnamespace 
WHERE pg_catalog.pg_type.typname = $1::VARCHAR AND pg_catalog.pg_type_is_visible(pg_catalog.pg_type.oid) AND pg_catalog.pg_namespace.nspname != $2::VARCHAR (base.py:1840)
2025-09-05 14:58:01 [    INFO] [cached since 0.7839s ago] ('badgetypeenum', 'pg_catalog') (base.py:1840)
2025-09-05 14:58:01 [    INFO] COMMIT (base.py:2702)
2025-09-05 14:58:03 [    INFO] [pricing] DB init placeholder (__init__.py:52)
2025-09-05 14:58:03 [    INFO] BEGIN (implicit) (base.py:2696)
2025-09-05 14:58:03 [    INFO] SELECT pg_catalog.pg_class.relname 
FROM pg_catalog.pg_class JOIN pg_catalog.pg_namespace ON pg_catalog.pg_namespace.oid = pg_catalog.pg_class.relnamespace 
WHERE pg_catalog.pg_class.relname = $1::VARCHAR AND pg_catalog.pg_class.relkind = ANY (ARRAY[$2::VARCHAR, $3::VARCHAR, $4::VARCHAR, $5::VARCHAR, $6::VARCHAR]) AND pg_catalog.pg_table_is_visible(pg_catalog.pg_class.oid) AND pg_catalog.pg_namespace.nspname != $7::VARCHAR (base.py:1840)
2025-09-05 14:58:03 [    INFO] [cached since 2.133s ago] ('users', 'r', 'p', 'f', 'v', 'm', 'pg_catalog') (base.py:1840)
2025-09-05 14:58:03 [    INFO] SELECT pg_catalog.pg_class.relname 
FROM pg_catalog.pg_class JOIN pg_catalog.pg_namespace ON pg_catalog.pg_namespace.oid = pg_catalog.pg_class.relnamespace 
WHERE pg_catalog.pg_class.relname = $1::VARCHAR AND pg_catalog.pg_class.relkind = ANY (ARRAY[$2::VARCHAR, $3::VARCHAR, $4::VARCHAR, $5::VARCHAR, $6::VARCHAR]) AND pg_catalog.pg_table_is_visible(pg_catalog.pg_class.oid) AND pg_catalog.pg_namespace.nspname != $7::VARCHAR (base.py:1840)
2025-09-05 14:58:03 [    INFO] [cached since 2.136s ago] ('auth_tokens', 'r', 'p', 'f', 'v', 'm', 'pg_catalog') (base.py:1840)
2025-09-05 14:58:03 [    INFO] SELECT pg_catalog.pg_class.relname 
FROM pg_catalog.pg_class JOIN pg_catalog.pg_namespace ON pg_catalog.pg_namespace.oid = pg_catalog.pg_class.relnamespace 
WHERE pg_catalog.pg_class.relname = $1::VARCHAR AND pg_catalog.pg_class.relkind = ANY (ARRAY[$2::VARCHAR, $3::VARCHAR, $4::VARCHAR, $5::VARCHAR, $6::VARCHAR]) AND pg_catalog.pg_table_is_visible(pg_catalog.pg_class.oid) AND pg_catalog.pg_namespace.nspname != $7::VARCHAR (base.py:1840)
2025-09-05 14:58:03 [    INFO] [cached since 2.138s ago] ('user_sessions', 'r', 'p', 'f', 'v', 'm', 'pg_catalog') (base.py:1840)
2025-09-05 14:58:03 [    INFO] SELECT pg_catalog.pg_class.relname 
FROM pg_catalog.pg_class JOIN pg_catalog.pg_namespace ON pg_catalog.pg_namespace.oid = pg_catalog.pg_class.relnamespace 
WHERE pg_catalog.pg_class.relname = $1::VARCHAR AND pg_catalog.pg_class.relkind = ANY (ARRAY[$2::VARCHAR, $3::VARCHAR, $4::VARCHAR, $5::VARCHAR, $6::VARCHAR]) AND pg_catalog.pg_table_is_visible(pg_catalog.pg_class.oid) AND pg_catalog.pg_namespace.nspname != $7::VARCHAR (base.py:1840)
2025-09-05 14:58:03 [    INFO] [cached since 2.14s ago] ('user_profile_changes', 'r', 'p', 'f', 'v', 'm', 'pg_catalog') (base.py:1840)
2025-09-05 14:58:03 [    INFO] SELECT pg_catalog.pg_class.relname 
FROM pg_catalog.pg_class JOIN pg_catalog.pg_namespace ON pg_catalog.pg_namespace.oid = pg_catalog.pg_class.relnamespace 
WHERE pg_catalog.pg_class.relname = $1::VARCHAR AND pg_catalog.pg_class.relkind = ANY (ARRAY[$2::VARCHAR, $3::VARCHAR, $4::VARCHAR, $5::VARCHAR, $6::VARCHAR]) AND pg_catalog.pg_table_is_visible(pg_catalog.pg_class.oid) AND pg_catalog.pg_namespace.nspname != $7::VARCHAR (base.py:1840)
2025-09-05 14:58:03 [    INFO] [cached since 2.142s ago] ('admin_users', 'r', 'p', 'f', 'v', 'm', 'pg_catalog') (base.py:1840)
2025-09-05 14:58:03 [    INFO] SELECT pg_catalog.pg_class.relname 
FROM pg_catalog.pg_class JOIN pg_catalog.pg_namespace ON pg_catalog.pg_namespace.oid = pg_catalog.pg_class.relnamespace 
WHERE pg_catalog.pg_class.relname = $1::VARCHAR AND pg_catalog.pg_class.relkind = ANY (ARRAY[$2::VARCHAR, $3::VARCHAR, $4::VARCHAR, $5::VARCHAR, $6::VARCHAR]) AND pg_catalog.pg_table_is_visible(pg_catalog.pg_class.oid) AND pg_catalog.pg_namespace.nspname != $7::VARCHAR (base.py:1840)
2025-09-05 14:58:03 [    INFO] [cached since 2.143s ago] ('admin_actions', 'r', 'p', 'f', 'v', 'm', 'pg_catalog') (base.py:1840)
2025-09-05 14:58:03 [    INFO] SELECT pg_catalog.pg_class.relname 
FROM pg_catalog.pg_class JOIN pg_catalog.pg_namespace ON pg_catalog.pg_namespace.oid = pg_catalog.pg_class.relnamespace 
WHERE pg_catalog.pg_class.relname = $1::VARCHAR AND pg_catalog.pg_class.relkind = ANY (ARRAY[$2::VARCHAR, $3::VARCHAR, $4::VARCHAR, $5::VARCHAR, $6::VARCHAR]) AND pg_catalog.pg_table_is_visible(pg_catalog.pg_class.oid) AND pg_catalog.pg_namespace.nspname != $7::VARCHAR (base.py:1840)
2025-09-05 14:58:03 [    INFO] [cached since 2.145s ago] ('system_configs', 'r', 'p', 'f', 'v', 'm', 'pg_catalog') (base.py:1840)
2025-09-05 14:58:03 [    INFO] SELECT pg_catalog.pg_class.relname 
FROM pg_catalog.pg_class JOIN pg_catalog.pg_namespace ON pg_catalog.pg_namespace.oid = pg_catalog.pg_class.relnamespace 
WHERE pg_catalog.pg_class.relname = $1::VARCHAR AND pg_catalog.pg_class.relkind = ANY (ARRAY[$2::VARCHAR, $3::VARCHAR, $4::VARCHAR, $5::VARCHAR, $6::VARCHAR]) AND pg_catalog.pg_table_is_visible(pg_catalog.pg_class.oid) AND pg_catalog.pg_namespace.nspname != $7::VARCHAR (base.py:1840)
2025-09-05 14:58:03 [    INFO] [cached since 2.147s ago] ('audit_logs', 'r', 'p', 'f', 'v', 'm', 'pg_catalog') (base.py:1840)
2025-09-05 14:58:03 [    INFO] SELECT pg_catalog.pg_class.relname 
FROM pg_catalog.pg_class JOIN pg_catalog.pg_namespace ON pg_catalog.pg_namespace.oid = pg_catalog.pg_class.relnamespace 
WHERE pg_catalog.pg_class.relname = $1::VARCHAR AND pg_catalog.pg_class.relkind = ANY (ARRAY[$2::VARCHAR, $3::VARCHAR, $4::VARCHAR, $5::VARCHAR, $6::VARCHAR]) AND pg_catalog.pg_table_is_visible(pg_catalog.pg_class.oid) AND pg_catalog.pg_namespace.nspname != $7::VARCHAR (base.py:1840)
2025-09-05 14:58:03 [    INFO] [cached since 2.148s ago] ('support_tickets', 'r', 'p', 'f', 'v', 'm', 'pg_catalog') (base.py:1840)
2025-09-05 14:58:03 [    INFO] SELECT pg_catalog.pg_class.relname 
FROM pg_catalog.pg_class JOIN pg_catalog.pg_namespace ON pg_catalog.pg_namespace.oid = pg_catalog.pg_class.relnamespace 
WHERE pg_catalog.pg_class.relname = $1::VARCHAR AND pg_catalog.pg_class.relkind = ANY (ARRAY[$2::VARCHAR, $3::VARCHAR, $4::VARCHAR, $5::VARCHAR, $6::VARCHAR]) AND pg_catalog.pg_table_is_visible(pg_catalog.pg_class.oid) AND pg_catalog.pg_namespace.nspname != $7::VARCHAR (base.py:1840)
2025-09-05 14:58:03 [    INFO] [cached since 2.15s ago] ('support_messages', 'r', 'p', 'f', 'v', 'm', 'pg_catalog') (base.py:1840)
2025-09-05 14:58:03 [    INFO] SELECT pg_catalog.pg_class.relname 
FROM pg_catalog.pg_class JOIN pg_catalog.pg_namespace ON pg_catalog.pg_namespace.oid = pg_catalog.pg_class.relnamespace 
WHERE pg_catalog.pg_class.relname = $1::VARCHAR AND pg_catalog.pg_class.relkind = ANY (ARRAY[$2::VARCHAR, $3::VARCHAR, $4::VARCHAR, $5::VARCHAR, $6::VARCHAR]) AND pg_catalog.pg_table_is_visible(pg_catalog.pg_class.oid) AND pg_catalog.pg_namespace.nspname != $7::VARCHAR (base.py:1840)
2025-09-05 14:58:03 [    INFO] [cached since 2.152s ago] ('content_moderation', 'r', 'p', 'f', 'v', 'm', 'pg_catalog') (base.py:1840)
2025-09-05 14:58:03 [    INFO] SELECT pg_catalog.pg_class.relname 
FROM pg_catalog.pg_class JOIN pg_catalog.pg_namespace ON pg_catalog.pg_namespace.oid = pg_catalog.pg_class.relnamespace 
WHERE pg_catalog.pg_class.relname = $1::VARCHAR AND pg_catalog.pg_class.relkind = ANY (ARRAY[$2::VARCHAR, $3::VARCHAR, $4::VARCHAR, $5::VARCHAR, $6::VARCHAR]) AND pg_catalog.pg_table_is_visible(pg_catalog.pg_class.oid) AND pg_catalog.pg_namespace.nspname != $7::VARCHAR (base.py:1840)
2025-09-05 14:58:03 [    INFO] [cached since 2.154s ago] ('system_metrics', 'r', 'p', 'f', 'v', 'm', 'pg_catalog') (base.py:1840)
2025-09-05 14:58:03 [    INFO] SELECT pg_catalog.pg_class.relname 
FROM pg_catalog.pg_class JOIN pg_catalog.pg_namespace ON pg_catalog.pg_namespace.oid = pg_catalog.pg_class.relnamespace 
WHERE pg_catalog.pg_class.relname = $1::VARCHAR AND pg_catalog.pg_class.relkind = ANY (ARRAY[$2::VARCHAR, $3::VARCHAR, $4::VARCHAR, $5::VARCHAR, $6::VARCHAR]) AND pg_catalog.pg_table_is_visible(pg_catalog.pg_class.oid) AND pg_catalog.pg_namespace.nspname != $7::VARCHAR (base.py:1840)
2025-09-05 14:58:03 [    INFO] [cached since 2.156s ago] ('admin_dashboards', 'r', 'p', 'f', 'v', 'm', 'pg_catalog') (base.py:1840)
2025-09-05 14:58:03 [    INFO] SELECT pg_catalog.pg_class.relname 
FROM pg_catalog.pg_class JOIN pg_catalog.pg_namespace ON pg_catalog.pg_namespace.oid = pg_catalog.pg_class.relnamespace 
WHERE pg_catalog.pg_class.relname = $1::VARCHAR AND pg_catalog.pg_class.relkind = ANY (ARRAY[$2::VARCHAR, $3::VARCHAR, $4::VARCHAR, $5::VARCHAR, $6::VARCHAR]) AND pg_catalog.pg_table_is_visible(pg_catalog.pg_class.oid) AND pg_catalog.pg_namespace.nspname != $7::VARCHAR (base.py:1840)
2025-09-05 14:58:03 [    INFO] [cached since 2.157s ago] ('admin_notifications', 'r', 'p', 'f', 'v', 'm', 'pg_catalog') (base.py:1840)
2025-09-05 14:58:03 [    INFO] SELECT pg_catalog.pg_class.relname 
FROM pg_catalog.pg_class JOIN pg_catalog.pg_namespace ON pg_catalog.pg_namespace.oid = pg_catalog.pg_class.relnamespace 
WHERE pg_catalog.pg_class.relname = $1::VARCHAR AND pg_catalog.pg_class.relkind = ANY (ARRAY[$2::VARCHAR, $3::VARCHAR, $4::VARCHAR, $5::VARCHAR, $6::VARCHAR]) AND pg_catalog.pg_table_is_visible(pg_catalog.pg_class.oid) AND pg_catalog.pg_namespace.nspname != $7::VARCHAR (base.py:1840)
2025-09-05 14:58:03 [    INFO] [cached since 2.159s ago] ('ip_blocklist', 'r', 'p', 'f', 'v', 'm', 'pg_catalog') (base.py:1840)
2025-09-05 14:58:03 [    INFO] SELECT pg_catalog.pg_class.relname 
FROM pg_catalog.pg_class JOIN pg_catalog.pg_namespace ON pg_catalog.pg_namespace.oid = pg_catalog.pg_class.relnamespace 
WHERE pg_catalog.pg_class.relname = $1::VARCHAR AND pg_catalog.pg_class.relkind = ANY (ARRAY[$2::VARCHAR, $3::VARCHAR, $4::VARCHAR, $5::VARCHAR, $6::VARCHAR]) AND pg_catalog.pg_table_is_visible(pg_catalog.pg_class.oid) AND pg_catalog.pg_namespace.nspname != $7::VARCHAR (base.py:1840)
2025-09-05 14:58:03 [    INFO] [cached since 2.16s ago] ('admin_reports', 'r', 'p', 'f', 'v', 'm', 'pg_catalog') (base.py:1840)
2025-09-05 14:58:03 [    INFO] SELECT pg_catalog.pg_class.relname 
FROM pg_catalog.pg_class JOIN pg_catalog.pg_namespace ON pg_catalog.pg_namespace.oid = pg_catalog.pg_class.relnamespace 
WHERE pg_catalog.pg_class.relname = $1::VARCHAR AND pg_catalog.pg_class.relkind = ANY (ARRAY[$2::VARCHAR, $3::VARCHAR, $4::VARCHAR, $5::VARCHAR, $6::VARCHAR]) AND pg_catalog.pg_table_is_visible(pg_catalog.pg_class.oid) AND pg_catalog.pg_namespace.nspname != $7::VARCHAR (base.py:1840)
2025-09-05 14:58:03 [    INFO] [cached since 2.162s ago] ('payments', 'r', 'p', 'f', 'v', 'm', 'pg_catalog') (base.py:1840)
2025-09-05 14:58:03 [    INFO] SELECT pg_catalog.pg_class.relname 
FROM pg_catalog.pg_class JOIN pg_catalog.pg_namespace ON pg_catalog.pg_namespace.oid = pg_catalog.pg_class.relnamespace 
WHERE pg_catalog.pg_class.relname = $1::VARCHAR AND pg_catalog.pg_class.relkind = ANY (ARRAY[$2::VARCHAR, $3::VARCHAR, $4::VARCHAR, $5::VARCHAR, $6::VARCHAR]) AND pg_catalog.pg_table_is_visible(pg_catalog.pg_class.oid) AND pg_catalog.pg_namespace.nspname != $7::VARCHAR (base.py:1840)
2025-09-05 14:58:03 [    INFO] [cached since 2.164s ago] ('payment_refunds', 'r', 'p', 'f', 'v', 'm', 'pg_catalog') (base.py:1840)
2025-09-05 14:58:03 [    INFO] SELECT pg_catalog.pg_class.relname 
FROM pg_catalog.pg_class JOIN pg_catalog.pg_namespace ON pg_catalog.pg_namespace.oid = pg_catalog.pg_class.relnamespace 
WHERE pg_catalog.pg_class.relname = $1::VARCHAR AND pg_catalog.pg_class.relkind = ANY (ARRAY[$2::VARCHAR, $3::VARCHAR, $4::VARCHAR, $5::VARCHAR, $6::VARCHAR]) AND pg_catalog.pg_table_is_visible(pg_catalog.pg_class.oid) AND pg_catalog.pg_namespace.nspname != $7::VARCHAR (base.py:1840)
2025-09-05 14:58:03 [    INFO] [cached since 2.166s ago] ('payment_webhooks', 'r', 'p', 'f', 'v', 'm', 'pg_catalog') (base.py:1840)
2025-09-05 14:58:03 [    INFO] SELECT pg_catalog.pg_class.relname 
FROM pg_catalog.pg_class JOIN pg_catalog.pg_namespace ON pg_catalog.pg_namespace.oid = pg_catalog.pg_class.relnamespace 
WHERE pg_catalog.pg_class.relname = $1::VARCHAR AND pg_catalog.pg_class.relkind = ANY (ARRAY[$2::VARCHAR, $3::VARCHAR, $4::VARCHAR, $5::VARCHAR, $6::VARCHAR]) AND pg_catalog.pg_table_is_visible(pg_catalog.pg_class.oid) AND pg_catalog.pg_namespace.nspname != $7::VARCHAR (base.py:1840)
2025-09-05 14:58:03 [    INFO] [cached since 2.168s ago] ('withdrawal_requests', 'r', 'p', 'f', 'v', 'm', 'pg_catalog') (base.py:1840)
2025-09-05 14:58:03 [    INFO] SELECT pg_catalog.pg_class.relname 
FROM pg_catalog.pg_class JOIN pg_catalog.pg_namespace ON pg_catalog.pg_namespace.oid = pg_catalog.pg_class.relnamespace 
WHERE pg_catalog.pg_class.relname = $1::VARCHAR AND pg_catalog.pg_class.relkind = ANY (ARRAY[$2::VARCHAR, $3::VARCHAR, $4::VARCHAR, $5::VARCHAR, $6::VARCHAR]) AND pg_catalog.pg_table_is_visible(pg_catalog.pg_class.oid) AND pg_catalog.pg_namespace.nspname != $7::VARCHAR (base.py:1840)
2025-09-05 14:58:03 [    INFO] [cached since 2.17s ago] ('sellers', 'r', 'p', 'f', 'v', 'm', 'pg_catalog') (base.py:1840)
2025-09-05 14:58:03 [    INFO] SELECT pg_catalog.pg_class.relname 
FROM pg_catalog.pg_class JOIN pg_catalog.pg_namespace ON pg_catalog.pg_namespace.oid = pg_catalog.pg_class.relnamespace 
WHERE pg_catalog.pg_class.relname = $1::VARCHAR AND pg_catalog.pg_class.relkind = ANY (ARRAY[$2::VARCHAR, $3::VARCHAR, $4::VARCHAR, $5::VARCHAR, $6::VARCHAR]) AND pg_catalog.pg_table_is_visible(pg_catalog.pg_class.oid) AND pg_catalog.pg_namespace.nspname != $7::VARCHAR (base.py:1840)
2025-09-05 14:58:03 [    INFO] [cached since 2.171s ago] ('orders', 'r', 'p', 'f', 'v', 'm', 'pg_catalog') (base.py:1840)
2025-09-05 14:58:03 [    INFO] SELECT pg_catalog.pg_class.relname 
FROM pg_catalog.pg_class JOIN pg_catalog.pg_namespace ON pg_catalog.pg_namespace.oid = pg_catalog.pg_class.relnamespace 
WHERE pg_catalog.pg_class.relname = $1::VARCHAR AND pg_catalog.pg_class.relkind = ANY (ARRAY[$2::VARCHAR, $3::VARCHAR, $4::VARCHAR, $5::VARCHAR, $6::VARCHAR]) AND pg_catalog.pg_table_is_visible(pg_catalog.pg_class.oid) AND pg_catalog.pg_namespace.nspname != $7::VARCHAR (base.py:1840)
2025-09-05 14:58:03 [    INFO] [cached since 2.173s ago] ('ads', 'r', 'p', 'f', 'v', 'm', 'pg_catalog') (base.py:1840)
2025-09-05 14:58:03 [    INFO] SELECT pg_catalog.pg_class.relname 
FROM pg_catalog.pg_class JOIN pg_catalog.pg_namespace ON pg_catalog.pg_namespace.oid = pg_catalog.pg_class.relnamespace 
WHERE pg_catalog.pg_class.relname = $1::VARCHAR AND pg_catalog.pg_class.relkind = ANY (ARRAY[$2::VARCHAR, $3::VARCHAR, $4::VARCHAR, $5::VARCHAR, $6::VARCHAR]) AND pg_catalog.pg_table_is_visible(pg_catalog.pg_class.oid) AND pg_catalog.pg_namespace.nspname != $7::VARCHAR (base.py:1840)
2025-09-05 14:58:03 [    INFO] [cached since 2.174s ago] ('ad_campaigns', 'r', 'p', 'f', 'v', 'm', 'pg_catalog') (base.py:1840)
2025-09-05 14:58:03 [    INFO] SELECT pg_catalog.pg_class.relname 
FROM pg_catalog.pg_class JOIN pg_catalog.pg_namespace ON pg_catalog.pg_namespace.oid = pg_catalog.pg_class.relnamespace 
WHERE pg_catalog.pg_class.relname = $1::VARCHAR AND pg_catalog.pg_class.relkind = ANY (ARRAY[$2::VARCHAR, $3::VARCHAR, $4::VARCHAR, $5::VARCHAR, $6::VARCHAR]) AND pg_catalog.pg_table_is_visible(pg_catalog.pg_class.oid) AND pg_catalog.pg_namespace.nspname != $7::VARCHAR (base.py:1840)
2025-09-05 14:58:03 [    INFO] [cached since 2.176s ago] ('ad_impressions', 'r', 'p', 'f', 'v', 'm', 'pg_catalog') (base.py:1840)
2025-09-05 14:58:03 [    INFO] SELECT pg_catalog.pg_class.relname 
FROM pg_catalog.pg_class JOIN pg_catalog.pg_namespace ON pg_catalog.pg_namespace.oid = pg_catalog.pg_class.relnamespace 
WHERE pg_catalog.pg_class.relname = $1::VARCHAR AND pg_catalog.pg_class.relkind = ANY (ARRAY[$2::VARCHAR, $3::VARCHAR, $4::VARCHAR, $5::VARCHAR, $6::VARCHAR]) AND pg_catalog.pg_table_is_visible(pg_catalog.pg_class.oid) AND pg_catalog.pg_namespace.nspname != $7::VARCHAR (base.py:1840)
2025-09-05 14:58:03 [    INFO] [cached since 2.178s ago] ('ad_clicks', 'r', 'p', 'f', 'v', 'm', 'pg_catalog') (base.py:1840)
2025-09-05 14:58:03 [    INFO] SELECT pg_catalog.pg_class.relname 
FROM pg_catalog.pg_class JOIN pg_catalog.pg_namespace ON pg_catalog.pg_namespace.oid = pg_catalog.pg_class.relnamespace 
WHERE pg_catalog.pg_class.relname = $1::VARCHAR AND pg_catalog.pg_class.relkind = ANY (ARRAY[$2::VARCHAR, $3::VARCHAR, $4::VARCHAR, $5::VARCHAR, $6::VARCHAR]) AND pg_catalog.pg_table_is_visible(pg_catalog.pg_class.oid) AND pg_catalog.pg_namespace.nspname != $7::VARCHAR (base.py:1840)
2025-09-05 14:58:03 [    INFO] [cached since 2.18s ago] ('ad_conversions', 'r', 'p', 'f', 'v', 'm', 'pg_catalog') (base.py:1840)
2025-09-05 14:58:03 [    INFO] SELECT pg_catalog.pg_class.relname 
FROM pg_catalog.pg_class JOIN pg_catalog.pg_namespace ON pg_catalog.pg_namespace.oid = pg_catalog.pg_class.relnamespace 
WHERE pg_catalog.pg_class.relname = $1::VARCHAR AND pg_catalog.pg_class.relkind = ANY (ARRAY[$2::VARCHAR, $3::VARCHAR, $4::VARCHAR, $5::VARCHAR, $6::VARCHAR]) AND pg_catalog.pg_table_is_visible(pg_catalog.pg_class.oid) AND pg_catalog.pg_namespace.nspname != $7::VARCHAR (base.py:1840)
2025-09-05 14:58:03 [    INFO] [cached since 2.182s ago] ('ad_bids', 'r', 'p', 'f', 'v', 'm', 'pg_catalog') (base.py:1840)
2025-09-05 14:58:03 [    INFO] SELECT pg_catalog.pg_class.relname 
FROM pg_catalog.pg_class JOIN pg_catalog.pg_namespace ON pg_catalog.pg_namespace.oid = pg_catalog.pg_class.relnamespace 
WHERE pg_catalog.pg_class.relname = $1::VARCHAR AND pg_catalog.pg_class.relkind = ANY (ARRAY[$2::VARCHAR, $3::VARCHAR, $4::VARCHAR, $5::VARCHAR, $6::VARCHAR]) AND pg_catalog.pg_table_is_visible(pg_catalog.pg_class.oid) AND pg_catalog.pg_namespace.nspname != $7::VARCHAR (base.py:1840)
2025-09-05 14:58:03 [    INFO] [cached since 2.183s ago] ('ad_spaces', 'r', 'p', 'f', 'v', 'm', 'pg_catalog') (base.py:1840)
2025-09-05 14:58:03 [    INFO] SELECT pg_catalog.pg_class.relname 
FROM pg_catalog.pg_class JOIN pg_catalog.pg_namespace ON pg_catalog.pg_namespace.oid = pg_catalog.pg_class.relnamespace 
WHERE pg_catalog.pg_class.relname = $1::VARCHAR AND pg_catalog.pg_class.relkind = ANY (ARRAY[$2::VARCHAR, $3::VARCHAR, $4::VARCHAR, $5::VARCHAR, $6::VARCHAR]) AND pg_catalog.pg_table_is_visible(pg_catalog.pg_class.oid) AND pg_catalog.pg_namespace.nspname != $7::VARCHAR (base.py:1840)
2025-09-05 14:58:03 [    INFO] [cached since 2.185s ago] ('ad_blocklist', 'r', 'p', 'f', 'v', 'm', 'pg_catalog') (base.py:1840)
2025-09-05 14:58:03 [    INFO] SELECT pg_catalog.pg_class.relname 
FROM pg_catalog.pg_class JOIN pg_catalog.pg_namespace ON pg_catalog.pg_namespace.oid = pg_catalog.pg_class.relnamespace 
WHERE pg_catalog.pg_class.relname = $1::VARCHAR AND pg_catalog.pg_class.relkind = ANY (ARRAY[$2::VARCHAR, $3::VARCHAR, $4::VARCHAR, $5::VARCHAR, $6::VARCHAR]) AND pg_catalog.pg_table_is_visible(pg_catalog.pg_class.oid) AND pg_catalog.pg_namespace.nspname != $7::VARCHAR (base.py:1840)
2025-09-05 14:58:03 [    INFO] [cached since 2.186s ago] ('ad_analytics', 'r', 'p', 'f', 'v', 'm', 'pg_catalog') (base.py:1840)
2025-09-05 14:58:03 [    INFO] SELECT pg_catalog.pg_class.relname 
FROM pg_catalog.pg_class JOIN pg_catalog.pg_namespace ON pg_catalog.pg_namespace.oid = pg_catalog.pg_class.relnamespace 
WHERE pg_catalog.pg_class.relname = $1::VARCHAR AND pg_catalog.pg_class.relkind = ANY (ARRAY[$2::VARCHAR, $3::VARCHAR, $4::VARCHAR, $5::VARCHAR, $6::VARCHAR]) AND pg_catalog.pg_table_is_visible(pg_catalog.pg_class.oid) AND pg_catalog.pg_namespace.nspname != $7::VARCHAR (base.py:1840)
2025-09-05 14:58:03 [    INFO] [cached since 2.188s ago] ('ai_tasks', 'r', 'p', 'f', 'v', 'm', 'pg_catalog') (base.py:1840)
2025-09-05 14:58:03 [    INFO] SELECT pg_catalog.pg_class.relname 
FROM pg_catalog.pg_class JOIN pg_catalog.pg_namespace ON pg_catalog.pg_namespace.oid = pg_catalog.pg_class.relnamespace 
WHERE pg_catalog.pg_class.relname = $1::VARCHAR AND pg_catalog.pg_class.relkind = ANY (ARRAY[$2::VARCHAR, $3::VARCHAR, $4::VARCHAR, $5::VARCHAR, $6::VARCHAR]) AND pg_catalog.pg_table_is_visible(pg_catalog.pg_class.oid) AND pg_catalog.pg_namespace.nspname != $7::VARCHAR (base.py:1840)
2025-09-05 14:58:03 [    INFO] [cached since 2.189s ago] ('carts', 'r', 'p', 'f', 'v', 'm', 'pg_catalog') (base.py:1840)
2025-09-05 14:58:03 [    INFO] SELECT pg_catalog.pg_class.relname 
FROM pg_catalog.pg_class JOIN pg_catalog.pg_namespace ON pg_catalog.pg_namespace.oid = pg_catalog.pg_class.relnamespace 
WHERE pg_catalog.pg_class.relname = $1::VARCHAR AND pg_catalog.pg_class.relkind = ANY (ARRAY[$2::VARCHAR, $3::VARCHAR, $4::VARCHAR, $5::VARCHAR, $6::VARCHAR]) AND pg_catalog.pg_table_is_visible(pg_catalog.pg_class.oid) AND pg_catalog.pg_namespace.nspname != $7::VARCHAR (base.py:1840)
2025-09-05 14:58:03 [    INFO] [cached since 2.191s ago] ('cart_items', 'r', 'p', 'f', 'v', 'm', 'pg_catalog') (base.py:1840)
2025-09-05 14:58:03 [    INFO] SELECT pg_catalog.pg_class.relname 
FROM pg_catalog.pg_class JOIN pg_catalog.pg_namespace ON pg_catalog.pg_namespace.oid = pg_catalog.pg_class.relnamespace 
WHERE pg_catalog.pg_class.relname = $1::VARCHAR AND pg_catalog.pg_class.relkind = ANY (ARRAY[$2::VARCHAR, $3::VARCHAR, $4::VARCHAR, $5::VARCHAR, $6::VARCHAR]) AND pg_catalog.pg_table_is_visible(pg_catalog.pg_class.oid) AND pg_catalog.pg_namespace.nspname != $7::VARCHAR (base.py:1840)
2025-09-05 14:58:03 [    INFO] [cached since 2.193s ago] ('cms_pages', 'r', 'p', 'f', 'v', 'm', 'pg_catalog') (base.py:1840)
2025-09-05 14:58:03 [    INFO] SELECT pg_catalog.pg_class.relname 
FROM pg_catalog.pg_class JOIN pg_catalog.pg_namespace ON pg_catalog.pg_namespace.oid = pg_catalog.pg_class.relnamespace 
WHERE pg_catalog.pg_class.relname = $1::VARCHAR AND pg_catalog.pg_class.relkind = ANY (ARRAY[$2::VARCHAR, $3::VARCHAR, $4::VARCHAR, $5::VARCHAR, $6::VARCHAR]) AND pg_catalog.pg_table_is_visible(pg_catalog.pg_class.oid) AND pg_catalog.pg_namespace.nspname != $7::VARCHAR (base.py:1840)
2025-09-05 14:58:03 [    INFO] [cached since 2.194s ago] ('banned_items', 'r', 'p', 'f', 'v', 'm', 'pg_catalog') (base.py:1840)
2025-09-05 14:58:03 [    INFO] SELECT pg_catalog.pg_class.relname 
FROM pg_catalog.pg_class JOIN pg_catalog.pg_namespace ON pg_catalog.pg_namespace.oid = pg_catalog.pg_class.relnamespace 
WHERE pg_catalog.pg_class.relname = $1::VARCHAR AND pg_catalog.pg_class.relkind = ANY (ARRAY[$2::VARCHAR, $3::VARCHAR, $4::VARCHAR, $5::VARCHAR, $6::VARCHAR]) AND pg_catalog.pg_table_is_visible(pg_catalog.pg_class.oid) AND pg_catalog.pg_namespace.nspname != $7::VARCHAR (base.py:1840)
2025-09-05 14:58:03 [    INFO] [cached since 2.196s ago] ('compliance_audit_logs', 'r', 'p', 'f', 'v', 'm', 'pg_catalog') (base.py:1840)
2025-09-05 14:58:03 [    INFO] SELECT pg_catalog.pg_class.relname 
FROM pg_catalog.pg_class JOIN pg_catalog.pg_namespace ON pg_catalog.pg_namespace.oid = pg_catalog.pg_class.relnamespace 
WHERE pg_catalog.pg_class.relname = $1::VARCHAR AND pg_catalog.pg_class.relkind = ANY (ARRAY[$2::VARCHAR, $3::VARCHAR, $4::VARCHAR, $5::VARCHAR, $6::VARCHAR]) AND pg_catalog.pg_table_is_visible(pg_catalog.pg_class.oid) AND pg_catalog.pg_namespace.nspname != $7::VARCHAR (base.py:1840)
2025-09-05 14:58:03 [    INFO] [cached since 2.198s ago] ('escrows', 'r', 'p', 'f', 'v', 'm', 'pg_catalog') (base.py:1840)
2025-09-05 14:58:03 [    INFO] SELECT pg_catalog.pg_class.relname 
FROM pg_catalog.pg_class JOIN pg_catalog.pg_namespace ON pg_catalog.pg_namespace.oid = pg_catalog.pg_class.relnamespace 
WHERE pg_catalog.pg_class.relname = $1::VARCHAR AND pg_catalog.pg_class.relkind = ANY (ARRAY[$2::VARCHAR, $3::VARCHAR, $4::VARCHAR, $5::VARCHAR, $6::VARCHAR]) AND pg_catalog.pg_table_is_visible(pg_catalog.pg_class.oid) AND pg_catalog.pg_namespace.nspname != $7::VARCHAR (base.py:1840)
2025-09-05 14:58:03 [    INFO] [cached since 2.2s ago] ('badges', 'r', 'p', 'f', 'v', 'm', 'pg_catalog') (base.py:1840)
2025-09-05 14:58:03 [    INFO] SELECT pg_catalog.pg_class.relname 
FROM pg_catalog.pg_class JOIN pg_catalog.pg_namespace ON pg_catalog.pg_namespace.oid = pg_catalog.pg_class.relnamespace 
WHERE pg_catalog.pg_class.relname = $1::VARCHAR AND pg_catalog.pg_class.relkind = ANY (ARRAY[$2::VARCHAR, $3::VARCHAR, $4::VARCHAR, $5::VARCHAR, $6::VARCHAR]) AND pg_catalog.pg_table_is_visible(pg_catalog.pg_class.oid) AND pg_catalog.pg_namespace.nspname != $7::VARCHAR (base.py:1840)
2025-09-05 14:58:03 [    INFO] [cached since 2.201s ago] ('user_badges', 'r', 'p', 'f', 'v', 'm', 'pg_catalog') (base.py:1840)
2025-09-05 14:58:03 [    INFO] SELECT pg_catalog.pg_class.relname 
FROM pg_catalog.pg_class JOIN pg_catalog.pg_namespace ON pg_catalog.pg_namespace.oid = pg_catalog.pg_class.relnamespace 
WHERE pg_catalog.pg_class.relname = $1::VARCHAR AND pg_catalog.pg_class.relkind = ANY (ARRAY[$2::VARCHAR, $3::VARCHAR, $4::VARCHAR, $5::VARCHAR, $6::VARCHAR]) AND pg_catalog.pg_table_is_visible(pg_catalog.pg_class.oid) AND pg_catalog.pg_namespace.nspname != $7::VARCHAR (base.py:1840)
2025-09-05 14:58:03 [    INFO] [cached since 2.203s ago] ('user_points', 'r', 'p', 'f', 'v', 'm', 'pg_catalog') (base.py:1840)
2025-09-05 14:58:03 [    INFO] SELECT pg_catalog.pg_class.relname 
FROM pg_catalog.pg_class JOIN pg_catalog.pg_namespace ON pg_catalog.pg_namespace.oid = pg_catalog.pg_class.relnamespace 
WHERE pg_catalog.pg_class.relname = $1::VARCHAR AND pg_catalog.pg_class.relkind = ANY (ARRAY[$2::VARCHAR, $3::VARCHAR, $4::VARCHAR, $5::VARCHAR, $6::VARCHAR]) AND pg_catalog.pg_table_is_visible(pg_catalog.pg_class.oid) AND pg_catalog.pg_namespace.nspname != $7::VARCHAR (base.py:1840)
2025-09-05 14:58:03 [    INFO] [cached since 2.204s ago] ('guilds', 'r', 'p', 'f', 'v', 'm', 'pg_catalog') (base.py:1840)
2025-09-05 14:58:03 [    INFO] SELECT pg_catalog.pg_class.relname 
FROM pg_catalog.pg_class JOIN pg_catalog.pg_namespace ON pg_catalog.pg_namespace.oid = pg_catalog.pg_class.relnamespace 
WHERE pg_catalog.pg_class.relname = $1::VARCHAR AND pg_catalog.pg_class.relkind = ANY (ARRAY[$2::VARCHAR, $3::VARCHAR, $4::VARCHAR, $5::VARCHAR, $6::VARCHAR]) AND pg_catalog.pg_table_is_visible(pg_catalog.pg_class.oid) AND pg_catalog.pg_namespace.nspname != $7::VARCHAR (base.py:1840)
2025-09-05 14:58:03 [    INFO] [cached since 2.206s ago] ('chat_rooms', 'r', 'p', 'f', 'v', 'm', 'pg_catalog') (base.py:1840)
2025-09-05 14:58:03 [    INFO] SELECT pg_catalog.pg_class.relname 
FROM pg_catalog.pg_class JOIN pg_catalog.pg_namespace ON pg_catalog.pg_namespace.oid = pg_catalog.pg_class.relnamespace 
WHERE pg_catalog.pg_class.relname = $1::VARCHAR AND pg_catalog.pg_class.relkind = ANY (ARRAY[$2::VARCHAR, $3::VARCHAR, $4::VARCHAR, $5::VARCHAR, $6::VARCHAR]) AND pg_catalog.pg_table_is_visible(pg_catalog.pg_class.oid) AND pg_catalog.pg_namespace.nspname != $7::VARCHAR (base.py:1840)
2025-09-05 14:58:03 [    INFO] [cached since 2.207s ago] ('chat_participants', 'r', 'p', 'f', 'v', 'm', 'pg_catalog') (base.py:1840)
2025-09-05 14:58:03 [    INFO] SELECT pg_catalog.pg_class.relname 
FROM pg_catalog.pg_class JOIN pg_catalog.pg_namespace ON pg_catalog.pg_namespace.oid = pg_catalog.pg_class.relnamespace 
WHERE pg_catalog.pg_class.relname = $1::VARCHAR AND pg_catalog.pg_class.relkind = ANY (ARRAY[$2::VARCHAR, $3::VARCHAR, $4::VARCHAR, $5::VARCHAR, $6::VARCHAR]) AND pg_catalog.pg_table_is_visible(pg_catalog.pg_class.oid) AND pg_catalog.pg_namespace.nspname != $7::VARCHAR (base.py:1840)
2025-09-05 14:58:03 [    INFO] [cached since 2.209s ago] ('messages', 'r', 'p', 'f', 'v', 'm', 'pg_catalog') (base.py:1840)
2025-09-05 14:58:03 [    INFO] SELECT pg_catalog.pg_class.relname 
FROM pg_catalog.pg_class JOIN pg_catalog.pg_namespace ON pg_catalog.pg_namespace.oid = pg_catalog.pg_class.relnamespace 
WHERE pg_catalog.pg_class.relname = $1::VARCHAR AND pg_catalog.pg_class.relkind = ANY (ARRAY[$2::VARCHAR, $3::VARCHAR, $4::VARCHAR, $5::VARCHAR, $6::VARCHAR]) AND pg_catalog.pg_table_is_visible(pg_catalog.pg_class.oid) AND pg_catalog.pg_namespace.nspname != $7::VARCHAR (base.py:1840)
2025-09-05 14:58:03 [    INFO] [cached since 2.21s ago] ('message_read_status', 'r', 'p', 'f', 'v', 'm', 'pg_catalog') (base.py:1840)
2025-09-05 14:58:03 [    INFO] SELECT pg_catalog.pg_class.relname 
FROM pg_catalog.pg_class JOIN pg_catalog.pg_namespace ON pg_catalog.pg_namespace.oid = pg_catalog.pg_class.relnamespace 
WHERE pg_catalog.pg_class.relname = $1::VARCHAR AND pg_catalog.pg_class.relkind = ANY (ARRAY[$2::VARCHAR, $3::VARCHAR, $4::VARCHAR, $5::VARCHAR, $6::VARCHAR]) AND pg_catalog.pg_table_is_visible(pg_catalog.pg_class.oid) AND pg_catalog.pg_namespace.nspname != $7::VARCHAR (base.py:1840)
2025-09-05 14:58:03 [    INFO] [cached since 2.212s ago] ('chat_invitations', 'r', 'p', 'f', 'v', 'm', 'pg_catalog') (base.py:1840)
2025-09-05 14:58:03 [    INFO] SELECT pg_catalog.pg_class.relname 
FROM pg_catalog.pg_class JOIN pg_catalog.pg_namespace ON pg_catalog.pg_namespace.oid = pg_catalog.pg_class.relnamespace 
WHERE pg_catalog.pg_class.relname = $1::VARCHAR AND pg_catalog.pg_class.relkind = ANY (ARRAY[$2::VARCHAR, $3::VARCHAR, $4::VARCHAR, $5::VARCHAR, $6::VARCHAR]) AND pg_catalog.pg_table_is_visible(pg_catalog.pg_class.oid) AND pg_catalog.pg_namespace.nspname != $7::VARCHAR (base.py:1840)
2025-09-05 14:58:03 [    INFO] [cached since 2.214s ago] ('mobile_app_sessions', 'r', 'p', 'f', 'v', 'm', 'pg_catalog') (base.py:1840)
2025-09-05 14:58:03 [    INFO] SELECT pg_catalog.pg_class.relname 
FROM pg_catalog.pg_class JOIN pg_catalog.pg_namespace ON pg_catalog.pg_namespace.oid = pg_catalog.pg_class.relnamespace 
WHERE pg_catalog.pg_class.relname = $1::VARCHAR AND pg_catalog.pg_class.relkind = ANY (ARRAY[$2::VARCHAR, $3::VARCHAR, $4::VARCHAR, $5::VARCHAR, $6::VARCHAR]) AND pg_catalog.pg_table_is_visible(pg_catalog.pg_class.oid) AND pg_catalog.pg_namespace.nspname != $7::VARCHAR (base.py:1840)
2025-09-05 14:58:03 [    INFO] [cached since 2.215s ago] ('mobile_api_calls', 'r', 'p', 'f', 'v', 'm', 'pg_catalog') (base.py:1840)
2025-09-05 14:58:03 [    INFO] SELECT pg_catalog.pg_class.relname 
FROM pg_catalog.pg_class JOIN pg_catalog.pg_namespace ON pg_catalog.pg_namespace.oid = pg_catalog.pg_class.relnamespace 
WHERE pg_catalog.pg_class.relname = $1::VARCHAR AND pg_catalog.pg_class.relkind = ANY (ARRAY[$2::VARCHAR, $3::VARCHAR, $4::VARCHAR, $5::VARCHAR, $6::VARCHAR]) AND pg_catalog.pg_table_is_visible(pg_catalog.pg_class.oid) AND pg_catalog.pg_namespace.nspname != $7::VARCHAR (base.py:1840)
2025-09-05 14:58:03 [    INFO] [cached since 2.217s ago] ('api_cache', 'r', 'p', 'f', 'v', 'm', 'pg_catalog') (base.py:1840)
2025-09-05 14:58:03 [    INFO] SELECT pg_catalog.pg_class.relname 
FROM pg_catalog.pg_class JOIN pg_catalog.pg_namespace ON pg_catalog.pg_namespace.oid = pg_catalog.pg_class.relnamespace 
WHERE pg_catalog.pg_class.relname = $1::VARCHAR AND pg_catalog.pg_class.relkind = ANY (ARRAY[$2::VARCHAR, $3::VARCHAR, $4::VARCHAR, $5::VARCHAR, $6::VARCHAR]) AND pg_catalog.pg_table_is_visible(pg_catalog.pg_class.oid) AND pg_catalog.pg_namespace.nspname != $7::VARCHAR (base.py:1840)
2025-09-05 14:58:03 [    INFO] [cached since 2.219s ago] ('mobile_app_configs', 'r', 'p', 'f', 'v', 'm', 'pg_catalog') (base.py:1840)
2025-09-05 14:58:03 [    INFO] SELECT pg_catalog.pg_class.relname 
FROM pg_catalog.pg_class JOIN pg_catalog.pg_namespace ON pg_catalog.pg_namespace.oid = pg_catalog.pg_class.relnamespace 
WHERE pg_catalog.pg_class.relname = $1::VARCHAR AND pg_catalog.pg_class.relkind = ANY (ARRAY[$2::VARCHAR, $3::VARCHAR, $4::VARCHAR, $5::VARCHAR, $6::VARCHAR]) AND pg_catalog.pg_table_is_visible(pg_catalog.pg_class.oid) AND pg_catalog.pg_namespace.nspname != $7::VARCHAR (base.py:1840)
2025-09-05 14:58:03 [    INFO] [cached since 2.22s ago] ('mobile_feature_flags', 'r', 'p', 'f', 'v', 'm', 'pg_catalog') (base.py:1840)
2025-09-05 14:58:03 [    INFO] SELECT pg_catalog.pg_class.relname 
FROM pg_catalog.pg_class JOIN pg_catalog.pg_namespace ON pg_catalog.pg_namespace.oid = pg_catalog.pg_class.relnamespace 
WHERE pg_catalog.pg_class.relname = $1::VARCHAR AND pg_catalog.pg_class.relkind = ANY (ARRAY[$2::VARCHAR, $3::VARCHAR, $4::VARCHAR, $5::VARCHAR, $6::VARCHAR]) AND pg_catalog.pg_table_is_visible(pg_catalog.pg_class.oid) AND pg_catalog.pg_namespace.nspname != $7::VARCHAR (base.py:1840)
2025-09-05 14:58:03 [    INFO] [cached since 2.222s ago] ('mobile_performance_metrics', 'r', 'p', 'f', 'v', 'm', 'pg_catalog') (base.py:1840)
2025-09-05 14:58:03 [    INFO] SELECT pg_catalog.pg_class.relname 
FROM pg_catalog.pg_class JOIN pg_catalog.pg_namespace ON pg_catalog.pg_namespace.oid = pg_catalog.pg_class.relnamespace 
WHERE pg_catalog.pg_class.relname = $1::VARCHAR AND pg_catalog.pg_class.relkind = ANY (ARRAY[$2::VARCHAR, $3::VARCHAR, $4::VARCHAR, $5::VARCHAR, $6::VARCHAR]) AND pg_catalog.pg_table_is_visible(pg_catalog.pg_class.oid) AND pg_catalog.pg_namespace.nspname != $7::VARCHAR (base.py:1840)
2025-09-05 14:58:03 [    INFO] [cached since 2.223s ago] ('mobile_offline_queue', 'r', 'p', 'f', 'v', 'm', 'pg_catalog') (base.py:1840)
2025-09-05 14:58:03 [    INFO] SELECT pg_catalog.pg_class.relname 
FROM pg_catalog.pg_class JOIN pg_catalog.pg_namespace ON pg_catalog.pg_namespace.oid = pg_catalog.pg_class.relnamespace 
WHERE pg_catalog.pg_class.relname = $1::VARCHAR AND pg_catalog.pg_class.relkind = ANY (ARRAY[$2::VARCHAR, $3::VARCHAR, $4::VARCHAR, $5::VARCHAR, $6::VARCHAR]) AND pg_catalog.pg_table_is_visible(pg_catalog.pg_class.oid) AND pg_catalog.pg_namespace.nspname != $7::VARCHAR (base.py:1840)
2025-09-05 14:58:03 [    INFO] [cached since 2.225s ago] ('mobile_push_notifications', 'r', 'p', 'f', 'v', 'm', 'pg_catalog') (base.py:1840)
2025-09-05 14:58:03 [    INFO] SELECT pg_catalog.pg_class.relname 
FROM pg_catalog.pg_class JOIN pg_catalog.pg_namespace ON pg_catalog.pg_namespace.oid = pg_catalog.pg_class.relnamespace 
WHERE pg_catalog.pg_class.relname = $1::VARCHAR AND pg_catalog.pg_class.relkind = ANY (ARRAY[$2::VARCHAR, $3::VARCHAR, $4::VARCHAR, $5::VARCHAR, $6::VARCHAR]) AND pg_catalog.pg_table_is_visible(pg_catalog.pg_class.oid) AND pg_catalog.pg_namespace.nspname != $7::VARCHAR (base.py:1840)
2025-09-05 14:58:03 [    INFO] [cached since 2.226s ago] ('mobile_sync_states', 'r', 'p', 'f', 'v', 'm', 'pg_catalog') (base.py:1840)
2025-09-05 14:58:03 [    INFO] SELECT pg_catalog.pg_class.relname 
FROM pg_catalog.pg_class JOIN pg_catalog.pg_namespace ON pg_catalog.pg_namespace.oid = pg_catalog.pg_class.relnamespace 
WHERE pg_catalog.pg_class.relname = $1::VARCHAR AND pg_catalog.pg_class.relkind = ANY (ARRAY[$2::VARCHAR, $3::VARCHAR, $4::VARCHAR, $5::VARCHAR, $6::VARCHAR]) AND pg_catalog.pg_table_is_visible(pg_catalog.pg_class.oid) AND pg_catalog.pg_namespace.nspname != $7::VARCHAR (base.py:1840)
2025-09-05 14:58:03 [    INFO] [cached since 2.228s ago] ('notifications', 'r', 'p', 'f', 'v', 'm', 'pg_catalog') (base.py:1840)
2025-09-05 14:58:03 [    INFO] SELECT pg_catalog.pg_class.relname 
FROM pg_catalog.pg_class JOIN pg_catalog.pg_namespace ON pg_catalog.pg_namespace.oid = pg_catalog.pg_class.relnamespace 
WHERE pg_catalog.pg_class.relname = $1::VARCHAR AND pg_catalog.pg_class.relkind = ANY (ARRAY[$2::VARCHAR, $3::VARCHAR, $4::VARCHAR, $5::VARCHAR, $6::VARCHAR]) AND pg_catalog.pg_table_is_visible(pg_catalog.pg_class.oid) AND pg_catalog.pg_namespace.nspname != $7::VARCHAR (base.py:1840)
2025-09-05 14:58:03 [    INFO] [cached since 2.23s ago] ('notification_delivery_attempts', 'r', 'p', 'f', 'v', 'm', 'pg_catalog') (base.py:1840)
2025-09-05 14:58:03 [    INFO] SELECT pg_catalog.pg_class.relname 
FROM pg_catalog.pg_class JOIN pg_catalog.pg_namespace ON pg_catalog.pg_namespace.oid = pg_catalog.pg_class.relnamespace 
WHERE pg_catalog.pg_class.relname = $1::VARCHAR AND pg_catalog.pg_class.relkind = ANY (ARRAY[$2::VARCHAR, $3::VARCHAR, $4::VARCHAR, $5::VARCHAR, $6::VARCHAR]) AND pg_catalog.pg_table_is_visible(pg_catalog.pg_class.oid) AND pg_catalog.pg_namespace.nspname != $7::VARCHAR (base.py:1840)
2025-09-05 14:58:03 [    INFO] [cached since 2.231s ago] ('notification_templates', 'r', 'p', 'f', 'v', 'm', 'pg_catalog') (base.py:1840)
2025-09-05 14:58:03 [    INFO] SELECT pg_catalog.pg_class.relname 
FROM pg_catalog.pg_class JOIN pg_catalog.pg_namespace ON pg_catalog.pg_namespace.oid = pg_catalog.pg_class.relnamespace 
WHERE pg_catalog.pg_class.relname = $1::VARCHAR AND pg_catalog.pg_class.relkind = ANY (ARRAY[$2::VARCHAR, $3::VARCHAR, $4::VARCHAR, $5::VARCHAR, $6::VARCHAR]) AND pg_catalog.pg_table_is_visible(pg_catalog.pg_class.oid) AND pg_catalog.pg_namespace.nspname != $7::VARCHAR (base.py:1840)
2025-09-05 14:58:03 [    INFO] [cached since 2.233s ago] ('user_notification_preferences', 'r', 'p', 'f', 'v', 'm', 'pg_catalog') (base.py:1840)
2025-09-05 14:58:03 [    INFO] SELECT pg_catalog.pg_class.relname 
FROM pg_catalog.pg_class JOIN pg_catalog.pg_namespace ON pg_catalog.pg_namespace.oid = pg_catalog.pg_class.relnamespace 
WHERE pg_catalog.pg_class.relname = $1::VARCHAR AND pg_catalog.pg_class.relkind = ANY (ARRAY[$2::VARCHAR, $3::VARCHAR, $4::VARCHAR, $5::VARCHAR, $6::VARCHAR]) AND pg_catalog.pg_table_is_visible(pg_catalog.pg_class.oid) AND pg_catalog.pg_namespace.nspname != $7::VARCHAR (base.py:1840)
2025-09-05 14:58:03 [    INFO] [cached since 2.234s ago] ('notification_subscriptions', 'r', 'p', 'f', 'v', 'm', 'pg_catalog') (base.py:1840)
2025-09-05 14:58:03 [    INFO] SELECT pg_catalog.pg_class.relname 
FROM pg_catalog.pg_class JOIN pg_catalog.pg_namespace ON pg_catalog.pg_namespace.oid = pg_catalog.pg_class.relnamespace 
WHERE pg_catalog.pg_class.relname = $1::VARCHAR AND pg_catalog.pg_class.relkind = ANY (ARRAY[$2::VARCHAR, $3::VARCHAR, $4::VARCHAR, $5::VARCHAR, $6::VARCHAR]) AND pg_catalog.pg_table_is_visible(pg_catalog.pg_class.oid) AND pg_catalog.pg_namespace.nspname != $7::VARCHAR (base.py:1840)
2025-09-05 14:58:03 [    INFO] [cached since 2.236s ago] ('notification_batches', 'r', 'p', 'f', 'v', 'm', 'pg_catalog') (base.py:1840)
2025-09-05 14:58:03 [    INFO] SELECT pg_catalog.pg_class.relname 
FROM pg_catalog.pg_class JOIN pg_catalog.pg_namespace ON pg_catalog.pg_namespace.oid = pg_catalog.pg_class.relnamespace 
WHERE pg_catalog.pg_class.relname = $1::VARCHAR AND pg_catalog.pg_class.relkind = ANY (ARRAY[$2::VARCHAR, $3::VARCHAR, $4::VARCHAR, $5::VARCHAR, $6::VARCHAR]) AND pg_catalog.pg_table_is_visible(pg_catalog.pg_class.oid) AND pg_catalog.pg_namespace.nspname != $7::VARCHAR (base.py:1840)
2025-09-05 14:58:03 [    INFO] [cached since 2.237s ago] ('notification_webhooks', 'r', 'p', 'f', 'v', 'm', 'pg_catalog') (base.py:1840)
2025-09-05 14:58:03 [    INFO] SELECT pg_catalog.pg_class.relname 
FROM pg_catalog.pg_class JOIN pg_catalog.pg_namespace ON pg_catalog.pg_namespace.oid = pg_catalog.pg_class.relnamespace 
WHERE pg_catalog.pg_class.relname = $1::VARCHAR AND pg_catalog.pg_class.relkind = ANY (ARRAY[$2::VARCHAR, $3::VARCHAR, $4::VARCHAR, $5::VARCHAR, $6::VARCHAR]) AND pg_catalog.pg_table_is_visible(pg_catalog.pg_class.oid) AND pg_catalog.pg_namespace.nspname != $7::VARCHAR (base.py:1840)
2025-09-05 14:58:03 [    INFO] [cached since 2.239s ago] ('notification_analytics', 'r', 'p', 'f', 'v', 'm', 'pg_catalog') (base.py:1840)
2025-09-05 14:58:03 [    INFO] SELECT pg_catalog.pg_class.relname 
FROM pg_catalog.pg_class JOIN pg_catalog.pg_namespace ON pg_catalog.pg_namespace.oid = pg_catalog.pg_class.relnamespace 
WHERE pg_catalog.pg_class.relname = $1::VARCHAR AND pg_catalog.pg_class.relkind = ANY (ARRAY[$2::VARCHAR, $3::VARCHAR, $4::VARCHAR, $5::VARCHAR, $6::VARCHAR]) AND pg_catalog.pg_table_is_visible(pg_catalog.pg_class.oid) AND pg_catalog.pg_namespace.nspname != $7::VARCHAR (base.py:1840)
2025-09-05 14:58:03 [    INFO] [cached since 2.241s ago] ('ratings', 'r', 'p', 'f', 'v', 'm', 'pg_catalog') (base.py:1840)
2025-09-05 14:58:03 [    INFO] SELECT pg_catalog.pg_type.typname 
FROM pg_catalog.pg_type JOIN pg_catalog.pg_namespace ON pg_catalog.pg_namespace.oid = pg_catalog.pg_type.typnamespace 
WHERE pg_catalog.pg_type.typname = $1::VARCHAR AND pg_catalog.pg_type_is_visible(pg_catalog.pg_type.oid) AND pg_catalog.pg_namespace.nspname != $2::VARCHAR (base.py:1840)
2025-09-05 14:58:03 [    INFO] [cached since 2.183s ago] ('adminrole', 'pg_catalog') (base.py:1840)
2025-09-05 14:58:03 [    INFO] SELECT pg_catalog.pg_type.typname 
FROM pg_catalog.pg_type JOIN pg_catalog.pg_namespace ON pg_catalog.pg_namespace.oid = pg_catalog.pg_type.typnamespace 
WHERE pg_catalog.pg_type.typname = $1::VARCHAR AND pg_catalog.pg_type_is_visible(pg_catalog.pg_type.oid) AND pg_catalog.pg_namespace.nspname != $2::VARCHAR (base.py:1840)
2025-09-05 14:58:03 [    INFO] [cached since 2.185s ago] ('adminactiontype', 'pg_catalog') (base.py:1840)
2025-09-05 14:58:03 [    INFO] SELECT pg_catalog.pg_type.typname 
FROM pg_catalog.pg_type JOIN pg_catalog.pg_namespace ON pg_catalog.pg_namespace.oid = pg_catalog.pg_type.typnamespace 
WHERE pg_catalog.pg_type.typname = $1::VARCHAR AND pg_catalog.pg_type_is_visible(pg_catalog.pg_type.oid) AND pg_catalog.pg_namespace.nspname != $2::VARCHAR (base.py:1840)
2025-09-05 14:58:03 [    INFO] [cached since 2.187s ago] ('adminactionstatus', 'pg_catalog') (base.py:1840)
2025-09-05 14:58:03 [    INFO] SELECT pg_catalog.pg_type.typname 
FROM pg_catalog.pg_type JOIN pg_catalog.pg_namespace ON pg_catalog.pg_namespace.oid = pg_catalog.pg_type.typnamespace 
WHERE pg_catalog.pg_type.typname = $1::VARCHAR AND pg_catalog.pg_type_is_visible(pg_catalog.pg_type.oid) AND pg_catalog.pg_namespace.nspname != $2::VARCHAR (base.py:1840)
2025-09-05 14:58:03 [    INFO] [cached since 2.189s ago] ('paymentstatus', 'pg_catalog') (base.py:1840)
2025-09-05 14:58:03 [    INFO] SELECT pg_catalog.pg_type.typname 
FROM pg_catalog.pg_type JOIN pg_catalog.pg_namespace ON pg_catalog.pg_namespace.oid = pg_catalog.pg_type.typnamespace 
WHERE pg_catalog.pg_type.typname = $1::VARCHAR AND pg_catalog.pg_type_is_visible(pg_catalog.pg_type.oid) AND pg_catalog.pg_namespace.nspname != $2::VARCHAR (base.py:1840)
2025-09-05 14:58:03 [    INFO] [cached since 2.191s ago] ('paymentmethod', 'pg_catalog') (base.py:1840)
2025-09-05 14:58:03 [    INFO] SELECT pg_catalog.pg_type.typname 
FROM pg_catalog.pg_type JOIN pg_catalog.pg_namespace ON pg_catalog.pg_namespace.oid = pg_catalog.pg_type.typnamespace 
WHERE pg_catalog.pg_type.typname = $1::VARCHAR AND pg_catalog.pg_type_is_visible(pg_catalog.pg_type.oid) AND pg_catalog.pg_namespace.nspname != $2::VARCHAR (base.py:1840)
2025-09-05 14:58:03 [    INFO] [cached since 2.193s ago] ('paymenttype', 'pg_catalog') (base.py:1840)
2025-09-05 14:58:03 [    INFO] SELECT pg_catalog.pg_type.typname 
FROM pg_catalog.pg_type JOIN pg_catalog.pg_namespace ON pg_catalog.pg_namespace.oid = pg_catalog.pg_type.typnamespace 
WHERE pg_catalog.pg_type.typname = $1::VARCHAR AND pg_catalog.pg_type_is_visible(pg_catalog.pg_type.oid) AND pg_catalog.pg_namespace.nspname != $2::VARCHAR (base.py:1840)
2025-09-05 14:58:03 [    INFO] [cached since 2.195s ago] ('orderstatus', 'pg_catalog') (base.py:1840)
2025-09-05 14:58:03 [    INFO] SELECT pg_catalog.pg_type.typname 
FROM pg_catalog.pg_type JOIN pg_catalog.pg_namespace ON pg_catalog.pg_namespace.oid = pg_catalog.pg_type.typnamespace 
WHERE pg_catalog.pg_type.typname = $1::VARCHAR AND pg_catalog.pg_type_is_visible(pg_catalog.pg_type.oid) AND pg_catalog.pg_namespace.nspname != $2::VARCHAR (base.py:1840)
2025-09-05 14:58:03 [    INFO] [cached since 2.197s ago] ('adtype', 'pg_catalog') (base.py:1840)
2025-09-05 14:58:03 [    INFO] SELECT pg_catalog.pg_type.typname 
FROM pg_catalog.pg_type JOIN pg_catalog.pg_namespace ON pg_catalog.pg_namespace.oid = pg_catalog.pg_type.typnamespace 
WHERE pg_catalog.pg_type.typname = $1::VARCHAR AND pg_catalog.pg_type_is_visible(pg_catalog.pg_type.oid) AND pg_catalog.pg_namespace.nspname != $2::VARCHAR (base.py:1840)
2025-09-05 14:58:03 [    INFO] [cached since 2.199s ago] ('adstatus', 'pg_catalog') (base.py:1840)
2025-09-05 14:58:03 [    INFO] SELECT pg_catalog.pg_type.typname 
FROM pg_catalog.pg_type JOIN pg_catalog.pg_namespace ON pg_catalog.pg_namespace.oid = pg_catalog.pg_type.typnamespace 
WHERE pg_catalog.pg_type.typname = $1::VARCHAR AND pg_catalog.pg_type_is_visible(pg_catalog.pg_type.oid) AND pg_catalog.pg_namespace.nspname != $2::VARCHAR (base.py:1840)
2025-09-05 14:58:03 [    INFO] [cached since 2.201s ago] ('biddingtype', 'pg_catalog') (base.py:1840)
2025-09-05 14:58:03 [    INFO] SELECT pg_catalog.pg_type.typname 
FROM pg_catalog.pg_type JOIN pg_catalog.pg_namespace ON pg_catalog.pg_namespace.oid = pg_catalog.pg_type.typnamespace 
WHERE pg_catalog.pg_type.typname = $1::VARCHAR AND pg_catalog.pg_type_is_visible(pg_catalog.pg_type.oid) AND pg_catalog.pg_namespace.nspname != $2::VARCHAR (base.py:1840)
2025-09-05 14:58:03 [    INFO] [cached since 2.203s ago] ('badgetypeenum', 'pg_catalog') (base.py:1840)
2025-09-05 14:58:03 [    INFO] COMMIT (base.py:2702)
2025-09-05 14:58:03 [    INFO] BEGIN (implicit) (base.py:2696)
2025-09-05 14:58:03 [    INFO] SELECT pg_catalog.pg_class.relname 
FROM pg_catalog.pg_class JOIN pg_catalog.pg_namespace ON pg_catalog.pg_namespace.oid = pg_catalog.pg_class.relnamespace 
WHERE pg_catalog.pg_class.relname = $1::VARCHAR AND pg_catalog.pg_class.relkind = ANY (ARRAY[$2::VARCHAR, $3::VARCHAR, $4::VARCHAR, $5::VARCHAR, $6::VARCHAR]) AND pg_catalog.pg_table_is_visible(pg_catalog.pg_class.oid) AND pg_catalog.pg_namespace.nspname != $7::VARCHAR (base.py:1840)
2025-09-05 14:58:03 [    INFO] [cached since 2.633s ago] ('users', 'r', 'p', 'f', 'v', 'm', 'pg_catalog') (base.py:1840)
2025-09-05 14:58:03 [    INFO] SELECT pg_catalog.pg_class.relname 
FROM pg_catalog.pg_class JOIN pg_catalog.pg_namespace ON pg_catalog.pg_namespace.oid = pg_catalog.pg_class.relnamespace 
WHERE pg_catalog.pg_class.relname = $1::VARCHAR AND pg_catalog.pg_class.relkind = ANY (ARRAY[$2::VARCHAR, $3::VARCHAR, $4::VARCHAR, $5::VARCHAR, $6::VARCHAR]) AND pg_catalog.pg_table_is_visible(pg_catalog.pg_class.oid) AND pg_catalog.pg_namespace.nspname != $7::VARCHAR (base.py:1840)
2025-09-05 14:58:03 [    INFO] [cached since 2.635s ago] ('auth_tokens', 'r', 'p', 'f', 'v', 'm', 'pg_catalog') (base.py:1840)
2025-09-05 14:58:03 [    INFO] SELECT pg_catalog.pg_class.relname 
FROM pg_catalog.pg_class JOIN pg_catalog.pg_namespace ON pg_catalog.pg_namespace.oid = pg_catalog.pg_class.relnamespace 
WHERE pg_catalog.pg_class.relname = $1::VARCHAR AND pg_catalog.pg_class.relkind = ANY (ARRAY[$2::VARCHAR, $3::VARCHAR, $4::VARCHAR, $5::VARCHAR, $6::VARCHAR]) AND pg_catalog.pg_table_is_visible(pg_catalog.pg_class.oid) AND pg_catalog.pg_namespace.nspname != $7::VARCHAR (base.py:1840)
2025-09-05 14:58:03 [    INFO] [cached since 2.636s ago] ('user_sessions', 'r', 'p', 'f', 'v', 'm', 'pg_catalog') (base.py:1840)
2025-09-05 14:58:03 [    INFO] SELECT pg_catalog.pg_class.relname 
FROM pg_catalog.pg_class JOIN pg_catalog.pg_namespace ON pg_catalog.pg_namespace.oid = pg_catalog.pg_class.relnamespace 
WHERE pg_catalog.pg_class.relname = $1::VARCHAR AND pg_catalog.pg_class.relkind = ANY (ARRAY[$2::VARCHAR, $3::VARCHAR, $4::VARCHAR, $5::VARCHAR, $6::VARCHAR]) AND pg_catalog.pg_table_is_visible(pg_catalog.pg_class.oid) AND pg_catalog.pg_namespace.nspname != $7::VARCHAR (base.py:1840)
2025-09-05 14:58:03 [    INFO] [cached since 2.638s ago] ('user_profile_changes', 'r', 'p', 'f', 'v', 'm', 'pg_catalog') (base.py:1840)
2025-09-05 14:58:03 [    INFO] SELECT pg_catalog.pg_class.relname 
FROM pg_catalog.pg_class JOIN pg_catalog.pg_namespace ON pg_catalog.pg_namespace.oid = pg_catalog.pg_class.relnamespace 
WHERE pg_catalog.pg_class.relname = $1::VARCHAR AND pg_catalog.pg_class.relkind = ANY (ARRAY[$2::VARCHAR, $3::VARCHAR, $4::VARCHAR, $5::VARCHAR, $6::VARCHAR]) AND pg_catalog.pg_table_is_visible(pg_catalog.pg_class.oid) AND pg_catalog.pg_namespace.nspname != $7::VARCHAR (base.py:1840)
2025-09-05 14:58:03 [    INFO] [cached since 2.64s ago] ('admin_users', 'r', 'p', 'f', 'v', 'm', 'pg_catalog') (base.py:1840)
2025-09-05 14:58:03 [    INFO] SELECT pg_catalog.pg_class.relname 
FROM pg_catalog.pg_class JOIN pg_catalog.pg_namespace ON pg_catalog.pg_namespace.oid = pg_catalog.pg_class.relnamespace 
WHERE pg_catalog.pg_class.relname = $1::VARCHAR AND pg_catalog.pg_class.relkind = ANY (ARRAY[$2::VARCHAR, $3::VARCHAR, $4::VARCHAR, $5::VARCHAR, $6::VARCHAR]) AND pg_catalog.pg_table_is_visible(pg_catalog.pg_class.oid) AND pg_catalog.pg_namespace.nspname != $7::VARCHAR (base.py:1840)
2025-09-05 14:58:03 [    INFO] [cached since 2.641s ago] ('admin_actions', 'r', 'p', 'f', 'v', 'm', 'pg_catalog') (base.py:1840)
2025-09-05 14:58:03 [    INFO] SELECT pg_catalog.pg_class.relname 
FROM pg_catalog.pg_class JOIN pg_catalog.pg_namespace ON pg_catalog.pg_namespace.oid = pg_catalog.pg_class.relnamespace 
WHERE pg_catalog.pg_class.relname = $1::VARCHAR AND pg_catalog.pg_class.relkind = ANY (ARRAY[$2::VARCHAR, $3::VARCHAR, $4::VARCHAR, $5::VARCHAR, $6::VARCHAR]) AND pg_catalog.pg_table_is_visible(pg_catalog.pg_class.oid) AND pg_catalog.pg_namespace.nspname != $7::VARCHAR (base.py:1840)
2025-09-05 14:58:03 [    INFO] [cached since 2.643s ago] ('system_configs', 'r', 'p', 'f', 'v', 'm', 'pg_catalog') (base.py:1840)
2025-09-05 14:58:03 [    INFO] SELECT pg_catalog.pg_class.relname 
FROM pg_catalog.pg_class JOIN pg_catalog.pg_namespace ON pg_catalog.pg_namespace.oid = pg_catalog.pg_class.relnamespace 
WHERE pg_catalog.pg_class.relname = $1::VARCHAR AND pg_catalog.pg_class.relkind = ANY (ARRAY[$2::VARCHAR, $3::VARCHAR, $4::VARCHAR, $5::VARCHAR, $6::VARCHAR]) AND pg_catalog.pg_table_is_visible(pg_catalog.pg_class.oid) AND pg_catalog.pg_namespace.nspname != $7::VARCHAR (base.py:1840)
2025-09-05 14:58:03 [    INFO] [cached since 2.645s ago] ('audit_logs', 'r', 'p', 'f', 'v', 'm', 'pg_catalog') (base.py:1840)
2025-09-05 14:58:03 [    INFO] SELECT pg_catalog.pg_class.relname 
FROM pg_catalog.pg_class JOIN pg_catalog.pg_namespace ON pg_catalog.pg_namespace.oid = pg_catalog.pg_class.relnamespace 
WHERE pg_catalog.pg_class.relname = $1::VARCHAR AND pg_catalog.pg_class.relkind = ANY (ARRAY[$2::VARCHAR, $3::VARCHAR, $4::VARCHAR, $5::VARCHAR, $6::VARCHAR]) AND pg_catalog.pg_table_is_visible(pg_catalog.pg_class.oid) AND pg_catalog.pg_namespace.nspname != $7::VARCHAR (base.py:1840)
2025-09-05 14:58:03 [    INFO] [cached since 2.647s ago] ('support_tickets', 'r', 'p', 'f', 'v', 'm', 'pg_catalog') (base.py:1840)
2025-09-05 14:58:03 [    INFO] SELECT pg_catalog.pg_class.relname 
FROM pg_catalog.pg_class JOIN pg_catalog.pg_namespace ON pg_catalog.pg_namespace.oid = pg_catalog.pg_class.relnamespace 
WHERE pg_catalog.pg_class.relname = $1::VARCHAR AND pg_catalog.pg_class.relkind = ANY (ARRAY[$2::VARCHAR, $3::VARCHAR, $4::VARCHAR, $5::VARCHAR, $6::VARCHAR]) AND pg_catalog.pg_table_is_visible(pg_catalog.pg_class.oid) AND pg_catalog.pg_namespace.nspname != $7::VARCHAR (base.py:1840)
2025-09-05 14:58:03 [    INFO] [cached since 2.649s ago] ('support_messages', 'r', 'p', 'f', 'v', 'm', 'pg_catalog') (base.py:1840)
2025-09-05 14:58:03 [    INFO] SELECT pg_catalog.pg_class.relname 
FROM pg_catalog.pg_class JOIN pg_catalog.pg_namespace ON pg_catalog.pg_namespace.oid = pg_catalog.pg_class.relnamespace 
WHERE pg_catalog.pg_class.relname = $1::VARCHAR AND pg_catalog.pg_class.relkind = ANY (ARRAY[$2::VARCHAR, $3::VARCHAR, $4::VARCHAR, $5::VARCHAR, $6::VARCHAR]) AND pg_catalog.pg_table_is_visible(pg_catalog.pg_class.oid) AND pg_catalog.pg_namespace.nspname != $7::VARCHAR (base.py:1840)
2025-09-05 14:58:03 [    INFO] [cached since 2.65s ago] ('content_moderation', 'r', 'p', 'f', 'v', 'm', 'pg_catalog') (base.py:1840)
2025-09-05 14:58:03 [    INFO] SELECT pg_catalog.pg_class.relname 
FROM pg_catalog.pg_class JOIN pg_catalog.pg_namespace ON pg_catalog.pg_namespace.oid = pg_catalog.pg_class.relnamespace 
WHERE pg_catalog.pg_class.relname = $1::VARCHAR AND pg_catalog.pg_class.relkind = ANY (ARRAY[$2::VARCHAR, $3::VARCHAR, $4::VARCHAR, $5::VARCHAR, $6::VARCHAR]) AND pg_catalog.pg_table_is_visible(pg_catalog.pg_class.oid) AND pg_catalog.pg_namespace.nspname != $7::VARCHAR (base.py:1840)
2025-09-05 14:58:03 [    INFO] [cached since 2.652s ago] ('system_metrics', 'r', 'p', 'f', 'v', 'm', 'pg_catalog') (base.py:1840)
2025-09-05 14:58:03 [    INFO] SELECT pg_catalog.pg_class.relname 
FROM pg_catalog.pg_class JOIN pg_catalog.pg_namespace ON pg_catalog.pg_namespace.oid = pg_catalog.pg_class.relnamespace 
WHERE pg_catalog.pg_class.relname = $1::VARCHAR AND pg_catalog.pg_class.relkind = ANY (ARRAY[$2::VARCHAR, $3::VARCHAR, $4::VARCHAR, $5::VARCHAR, $6::VARCHAR]) AND pg_catalog.pg_table_is_visible(pg_catalog.pg_class.oid) AND pg_catalog.pg_namespace.nspname != $7::VARCHAR (base.py:1840)
2025-09-05 14:58:03 [    INFO] [cached since 2.654s ago] ('admin_dashboards', 'r', 'p', 'f', 'v', 'm', 'pg_catalog') (base.py:1840)
2025-09-05 14:58:03 [    INFO] SELECT pg_catalog.pg_class.relname 
FROM pg_catalog.pg_class JOIN pg_catalog.pg_namespace ON pg_catalog.pg_namespace.oid = pg_catalog.pg_class.relnamespace 
WHERE pg_catalog.pg_class.relname = $1::VARCHAR AND pg_catalog.pg_class.relkind = ANY (ARRAY[$2::VARCHAR, $3::VARCHAR, $4::VARCHAR, $5::VARCHAR, $6::VARCHAR]) AND pg_catalog.pg_table_is_visible(pg_catalog.pg_class.oid) AND pg_catalog.pg_namespace.nspname != $7::VARCHAR (base.py:1840)
2025-09-05 14:58:03 [    INFO] [cached since 2.655s ago] ('admin_notifications', 'r', 'p', 'f', 'v', 'm', 'pg_catalog') (base.py:1840)
2025-09-05 14:58:03 [    INFO] SELECT pg_catalog.pg_class.relname 
FROM pg_catalog.pg_class JOIN pg_catalog.pg_namespace ON pg_catalog.pg_namespace.oid = pg_catalog.pg_class.relnamespace 
WHERE pg_catalog.pg_class.relname = $1::VARCHAR AND pg_catalog.pg_class.relkind = ANY (ARRAY[$2::VARCHAR, $3::VARCHAR, $4::VARCHAR, $5::VARCHAR, $6::VARCHAR]) AND pg_catalog.pg_table_is_visible(pg_catalog.pg_class.oid) AND pg_catalog.pg_namespace.nspname != $7::VARCHAR (base.py:1840)
2025-09-05 14:58:03 [    INFO] [cached since 2.657s ago] ('ip_blocklist', 'r', 'p', 'f', 'v', 'm', 'pg_catalog') (base.py:1840)
2025-09-05 14:58:03 [    INFO] SELECT pg_catalog.pg_class.relname 
FROM pg_catalog.pg_class JOIN pg_catalog.pg_namespace ON pg_catalog.pg_namespace.oid = pg_catalog.pg_class.relnamespace 
WHERE pg_catalog.pg_class.relname = $1::VARCHAR AND pg_catalog.pg_class.relkind = ANY (ARRAY[$2::VARCHAR, $3::VARCHAR, $4::VARCHAR, $5::VARCHAR, $6::VARCHAR]) AND pg_catalog.pg_table_is_visible(pg_catalog.pg_class.oid) AND pg_catalog.pg_namespace.nspname != $7::VARCHAR (base.py:1840)
2025-09-05 14:58:03 [    INFO] [cached since 2.659s ago] ('admin_reports', 'r', 'p', 'f', 'v', 'm', 'pg_catalog') (base.py:1840)
2025-09-05 14:58:03 [    INFO] SELECT pg_catalog.pg_class.relname 
FROM pg_catalog.pg_class JOIN pg_catalog.pg_namespace ON pg_catalog.pg_namespace.oid = pg_catalog.pg_class.relnamespace 
WHERE pg_catalog.pg_class.relname = $1::VARCHAR AND pg_catalog.pg_class.relkind = ANY (ARRAY[$2::VARCHAR, $3::VARCHAR, $4::VARCHAR, $5::VARCHAR, $6::VARCHAR]) AND pg_catalog.pg_table_is_visible(pg_catalog.pg_class.oid) AND pg_catalog.pg_namespace.nspname != $7::VARCHAR (base.py:1840)
2025-09-05 14:58:03 [    INFO] [cached since 2.661s ago] ('payments', 'r', 'p', 'f', 'v', 'm', 'pg_catalog') (base.py:1840)
2025-09-05 14:58:03 [    INFO] SELECT pg_catalog.pg_class.relname 
FROM pg_catalog.pg_class JOIN pg_catalog.pg_namespace ON pg_catalog.pg_namespace.oid = pg_catalog.pg_class.relnamespace 
WHERE pg_catalog.pg_class.relname = $1::VARCHAR AND pg_catalog.pg_class.relkind = ANY (ARRAY[$2::VARCHAR, $3::VARCHAR, $4::VARCHAR, $5::VARCHAR, $6::VARCHAR]) AND pg_catalog.pg_table_is_visible(pg_catalog.pg_class.oid) AND pg_catalog.pg_namespace.nspname != $7::VARCHAR (base.py:1840)
2025-09-05 14:58:03 [    INFO] [cached since 2.663s ago] ('payment_refunds', 'r', 'p', 'f', 'v', 'm', 'pg_catalog') (base.py:1840)
2025-09-05 14:58:03 [    INFO] SELECT pg_catalog.pg_class.relname 
FROM pg_catalog.pg_class JOIN pg_catalog.pg_namespace ON pg_catalog.pg_namespace.oid = pg_catalog.pg_class.relnamespace 
WHERE pg_catalog.pg_class.relname = $1::VARCHAR AND pg_catalog.pg_class.relkind = ANY (ARRAY[$2::VARCHAR, $3::VARCHAR, $4::VARCHAR, $5::VARCHAR, $6::VARCHAR]) AND pg_catalog.pg_table_is_visible(pg_catalog.pg_class.oid) AND pg_catalog.pg_namespace.nspname != $7::VARCHAR (base.py:1840)
2025-09-05 14:58:03 [    INFO] [cached since 2.665s ago] ('payment_webhooks', 'r', 'p', 'f', 'v', 'm', 'pg_catalog') (base.py:1840)
2025-09-05 14:58:03 [    INFO] SELECT pg_catalog.pg_class.relname 
FROM pg_catalog.pg_class JOIN pg_catalog.pg_namespace ON pg_catalog.pg_namespace.oid = pg_catalog.pg_class.relnamespace 
WHERE pg_catalog.pg_class.relname = $1::VARCHAR AND pg_catalog.pg_class.relkind = ANY (ARRAY[$2::VARCHAR, $3::VARCHAR, $4::VARCHAR, $5::VARCHAR, $6::VARCHAR]) AND pg_catalog.pg_table_is_visible(pg_catalog.pg_class.oid) AND pg_catalog.pg_namespace.nspname != $7::VARCHAR (base.py:1840)
2025-09-05 14:58:03 [    INFO] [cached since 2.666s ago] ('withdrawal_requests', 'r', 'p', 'f', 'v', 'm', 'pg_catalog') (base.py:1840)
2025-09-05 14:58:03 [    INFO] SELECT pg_catalog.pg_class.relname 
FROM pg_catalog.pg_class JOIN pg_catalog.pg_namespace ON pg_catalog.pg_namespace.oid = pg_catalog.pg_class.relnamespace 
WHERE pg_catalog.pg_class.relname = $1::VARCHAR AND pg_catalog.pg_class.relkind = ANY (ARRAY[$2::VARCHAR, $3::VARCHAR, $4::VARCHAR, $5::VARCHAR, $6::VARCHAR]) AND pg_catalog.pg_table_is_visible(pg_catalog.pg_class.oid) AND pg_catalog.pg_namespace.nspname != $7::VARCHAR (base.py:1840)
2025-09-05 14:58:03 [    INFO] [cached since 2.668s ago] ('sellers', 'r', 'p', 'f', 'v', 'm', 'pg_catalog') (base.py:1840)
2025-09-05 14:58:03 [    INFO] SELECT pg_catalog.pg_class.relname 
FROM pg_catalog.pg_class JOIN pg_catalog.pg_namespace ON pg_catalog.pg_namespace.oid = pg_catalog.pg_class.relnamespace 
WHERE pg_catalog.pg_class.relname = $1::VARCHAR AND pg_catalog.pg_class.relkind = ANY (ARRAY[$2::VARCHAR, $3::VARCHAR, $4::VARCHAR, $5::VARCHAR, $6::VARCHAR]) AND pg_catalog.pg_table_is_visible(pg_catalog.pg_class.oid) AND pg_catalog.pg_namespace.nspname != $7::VARCHAR (base.py:1840)
2025-09-05 14:58:03 [    INFO] [cached since 2.67s ago] ('orders', 'r', 'p', 'f', 'v', 'm', 'pg_catalog') (base.py:1840)
2025-09-05 14:58:03 [    INFO] SELECT pg_catalog.pg_class.relname 
FROM pg_catalog.pg_class JOIN pg_catalog.pg_namespace ON pg_catalog.pg_namespace.oid = pg_catalog.pg_class.relnamespace 
WHERE pg_catalog.pg_class.relname = $1::VARCHAR AND pg_catalog.pg_class.relkind = ANY (ARRAY[$2::VARCHAR, $3::VARCHAR, $4::VARCHAR, $5::VARCHAR, $6::VARCHAR]) AND pg_catalog.pg_table_is_visible(pg_catalog.pg_class.oid) AND pg_catalog.pg_namespace.nspname != $7::VARCHAR (base.py:1840)
2025-09-05 14:58:03 [    INFO] [cached since 2.671s ago] ('ads', 'r', 'p', 'f', 'v', 'm', 'pg_catalog') (base.py:1840)
2025-09-05 14:58:03 [    INFO] SELECT pg_catalog.pg_class.relname 
FROM pg_catalog.pg_class JOIN pg_catalog.pg_namespace ON pg_catalog.pg_namespace.oid = pg_catalog.pg_class.relnamespace 
WHERE pg_catalog.pg_class.relname = $1::VARCHAR AND pg_catalog.pg_class.relkind = ANY (ARRAY[$2::VARCHAR, $3::VARCHAR, $4::VARCHAR, $5::VARCHAR, $6::VARCHAR]) AND pg_catalog.pg_table_is_visible(pg_catalog.pg_class.oid) AND pg_catalog.pg_namespace.nspname != $7::VARCHAR (base.py:1840)
2025-09-05 14:58:03 [    INFO] [cached since 2.673s ago] ('ad_campaigns', 'r', 'p', 'f', 'v', 'm', 'pg_catalog') (base.py:1840)
2025-09-05 14:58:03 [    INFO] SELECT pg_catalog.pg_class.relname 
FROM pg_catalog.pg_class JOIN pg_catalog.pg_namespace ON pg_catalog.pg_namespace.oid = pg_catalog.pg_class.relnamespace 
WHERE pg_catalog.pg_class.relname = $1::VARCHAR AND pg_catalog.pg_class.relkind = ANY (ARRAY[$2::VARCHAR, $3::VARCHAR, $4::VARCHAR, $5::VARCHAR, $6::VARCHAR]) AND pg_catalog.pg_table_is_visible(pg_catalog.pg_class.oid) AND pg_catalog.pg_namespace.nspname != $7::VARCHAR (base.py:1840)
2025-09-05 14:58:03 [    INFO] [cached since 2.675s ago] ('ad_impressions', 'r', 'p', 'f', 'v', 'm', 'pg_catalog') (base.py:1840)
2025-09-05 14:58:03 [    INFO] SELECT pg_catalog.pg_class.relname 
FROM pg_catalog.pg_class JOIN pg_catalog.pg_namespace ON pg_catalog.pg_namespace.oid = pg_catalog.pg_class.relnamespace 
WHERE pg_catalog.pg_class.relname = $1::VARCHAR AND pg_catalog.pg_class.relkind = ANY (ARRAY[$2::VARCHAR, $3::VARCHAR, $4::VARCHAR, $5::VARCHAR, $6::VARCHAR]) AND pg_catalog.pg_table_is_visible(pg_catalog.pg_class.oid) AND pg_catalog.pg_namespace.nspname != $7::VARCHAR (base.py:1840)
2025-09-05 14:58:03 [    INFO] [cached since 2.677s ago] ('ad_clicks', 'r', 'p', 'f', 'v', 'm', 'pg_catalog') (base.py:1840)
2025-09-05 14:58:03 [    INFO] SELECT pg_catalog.pg_class.relname 
FROM pg_catalog.pg_class JOIN pg_catalog.pg_namespace ON pg_catalog.pg_namespace.oid = pg_catalog.pg_class.relnamespace 
WHERE pg_catalog.pg_class.relname = $1::VARCHAR AND pg_catalog.pg_class.relkind = ANY (ARRAY[$2::VARCHAR, $3::VARCHAR, $4::VARCHAR, $5::VARCHAR, $6::VARCHAR]) AND pg_catalog.pg_table_is_visible(pg_catalog.pg_class.oid) AND pg_catalog.pg_namespace.nspname != $7::VARCHAR (base.py:1840)
2025-09-05 14:58:03 [    INFO] [cached since 2.679s ago] ('ad_conversions', 'r', 'p', 'f', 'v', 'm', 'pg_catalog') (base.py:1840)
2025-09-05 14:58:03 [    INFO] SELECT pg_catalog.pg_class.relname 
FROM pg_catalog.pg_class JOIN pg_catalog.pg_namespace ON pg_catalog.pg_namespace.oid = pg_catalog.pg_class.relnamespace 
WHERE pg_catalog.pg_class.relname = $1::VARCHAR AND pg_catalog.pg_class.relkind = ANY (ARRAY[$2::VARCHAR, $3::VARCHAR, $4::VARCHAR, $5::VARCHAR, $6::VARCHAR]) AND pg_catalog.pg_table_is_visible(pg_catalog.pg_class.oid) AND pg_catalog.pg_namespace.nspname != $7::VARCHAR (base.py:1840)
2025-09-05 14:58:03 [    INFO] [cached since 2.681s ago] ('ad_bids', 'r', 'p', 'f', 'v', 'm', 'pg_catalog') (base.py:1840)
2025-09-05 14:58:03 [    INFO] SELECT pg_catalog.pg_class.relname 
FROM pg_catalog.pg_class JOIN pg_catalog.pg_namespace ON pg_catalog.pg_namespace.oid = pg_catalog.pg_class.relnamespace 
WHERE pg_catalog.pg_class.relname = $1::VARCHAR AND pg_catalog.pg_class.relkind = ANY (ARRAY[$2::VARCHAR, $3::VARCHAR, $4::VARCHAR, $5::VARCHAR, $6::VARCHAR]) AND pg_catalog.pg_table_is_visible(pg_catalog.pg_class.oid) AND pg_catalog.pg_namespace.nspname != $7::VARCHAR (base.py:1840)
2025-09-05 14:58:03 [    INFO] [cached since 2.682s ago] ('ad_spaces', 'r', 'p', 'f', 'v', 'm', 'pg_catalog') (base.py:1840)
2025-09-05 14:58:03 [    INFO] SELECT pg_catalog.pg_class.relname 
FROM pg_catalog.pg_class JOIN pg_catalog.pg_namespace ON pg_catalog.pg_namespace.oid = pg_catalog.pg_class.relnamespace 
WHERE pg_catalog.pg_class.relname = $1::VARCHAR AND pg_catalog.pg_class.relkind = ANY (ARRAY[$2::VARCHAR, $3::VARCHAR, $4::VARCHAR, $5::VARCHAR, $6::VARCHAR]) AND pg_catalog.pg_table_is_visible(pg_catalog.pg_class.oid) AND pg_catalog.pg_namespace.nspname != $7::VARCHAR (base.py:1840)
2025-09-05 14:58:03 [    INFO] [cached since 2.684s ago] ('ad_blocklist', 'r', 'p', 'f', 'v', 'm', 'pg_catalog') (base.py:1840)
2025-09-05 14:58:03 [    INFO] SELECT pg_catalog.pg_class.relname 
FROM pg_catalog.pg_class JOIN pg_catalog.pg_namespace ON pg_catalog.pg_namespace.oid = pg_catalog.pg_class.relnamespace 
WHERE pg_catalog.pg_class.relname = $1::VARCHAR AND pg_catalog.pg_class.relkind = ANY (ARRAY[$2::VARCHAR, $3::VARCHAR, $4::VARCHAR, $5::VARCHAR, $6::VARCHAR]) AND pg_catalog.pg_table_is_visible(pg_catalog.pg_class.oid) AND pg_catalog.pg_namespace.nspname != $7::VARCHAR (base.py:1840)
2025-09-05 14:58:03 [    INFO] [cached since 2.686s ago] ('ad_analytics', 'r', 'p', 'f', 'v', 'm', 'pg_catalog') (base.py:1840)
2025-09-05 14:58:03 [    INFO] SELECT pg_catalog.pg_class.relname 
FROM pg_catalog.pg_class JOIN pg_catalog.pg_namespace ON pg_catalog.pg_namespace.oid = pg_catalog.pg_class.relnamespace 
WHERE pg_catalog.pg_class.relname = $1::VARCHAR AND pg_catalog.pg_class.relkind = ANY (ARRAY[$2::VARCHAR, $3::VARCHAR, $4::VARCHAR, $5::VARCHAR, $6::VARCHAR]) AND pg_catalog.pg_table_is_visible(pg_catalog.pg_class.oid) AND pg_catalog.pg_namespace.nspname != $7::VARCHAR (base.py:1840)
2025-09-05 14:58:03 [    INFO] [cached since 2.687s ago] ('ai_tasks', 'r', 'p', 'f', 'v', 'm', 'pg_catalog') (base.py:1840)
2025-09-05 14:58:03 [    INFO] SELECT pg_catalog.pg_class.relname 
FROM pg_catalog.pg_class JOIN pg_catalog.pg_namespace ON pg_catalog.pg_namespace.oid = pg_catalog.pg_class.relnamespace 
WHERE pg_catalog.pg_class.relname = $1::VARCHAR AND pg_catalog.pg_class.relkind = ANY (ARRAY[$2::VARCHAR, $3::VARCHAR, $4::VARCHAR, $5::VARCHAR, $6::VARCHAR]) AND pg_catalog.pg_table_is_visible(pg_catalog.pg_class.oid) AND pg_catalog.pg_namespace.nspname != $7::VARCHAR (base.py:1840)
2025-09-05 14:58:03 [    INFO] [cached since 2.689s ago] ('carts', 'r', 'p', 'f', 'v', 'm', 'pg_catalog') (base.py:1840)
2025-09-05 14:58:03 [    INFO] SELECT pg_catalog.pg_class.relname 
FROM pg_catalog.pg_class JOIN pg_catalog.pg_namespace ON pg_catalog.pg_namespace.oid = pg_catalog.pg_class.relnamespace 
WHERE pg_catalog.pg_class.relname = $1::VARCHAR AND pg_catalog.pg_class.relkind = ANY (ARRAY[$2::VARCHAR, $3::VARCHAR, $4::VARCHAR, $5::VARCHAR, $6::VARCHAR]) AND pg_catalog.pg_table_is_visible(pg_catalog.pg_class.oid) AND pg_catalog.pg_namespace.nspname != $7::VARCHAR (base.py:1840)
2025-09-05 14:58:03 [    INFO] [cached since 2.691s ago] ('cart_items', 'r', 'p', 'f', 'v', 'm', 'pg_catalog') (base.py:1840)
2025-09-05 14:58:03 [    INFO] SELECT pg_catalog.pg_class.relname 
FROM pg_catalog.pg_class JOIN pg_catalog.pg_namespace ON pg_catalog.pg_namespace.oid = pg_catalog.pg_class.relnamespace 
WHERE pg_catalog.pg_class.relname = $1::VARCHAR AND pg_catalog.pg_class.relkind = ANY (ARRAY[$2::VARCHAR, $3::VARCHAR, $4::VARCHAR, $5::VARCHAR, $6::VARCHAR]) AND pg_catalog.pg_table_is_visible(pg_catalog.pg_class.oid) AND pg_catalog.pg_namespace.nspname != $7::VARCHAR (base.py:1840)
2025-09-05 14:58:03 [    INFO] [cached since 2.693s ago] ('cms_pages', 'r', 'p', 'f', 'v', 'm', 'pg_catalog') (base.py:1840)
2025-09-05 14:58:03 [    INFO] SELECT pg_catalog.pg_class.relname 
FROM pg_catalog.pg_class JOIN pg_catalog.pg_namespace ON pg_catalog.pg_namespace.oid = pg_catalog.pg_class.relnamespace 
WHERE pg_catalog.pg_class.relname = $1::VARCHAR AND pg_catalog.pg_class.relkind = ANY (ARRAY[$2::VARCHAR, $3::VARCHAR, $4::VARCHAR, $5::VARCHAR, $6::VARCHAR]) AND pg_catalog.pg_table_is_visible(pg_catalog.pg_class.oid) AND pg_catalog.pg_namespace.nspname != $7::VARCHAR (base.py:1840)
2025-09-05 14:58:03 [    INFO] [cached since 2.695s ago] ('banned_items', 'r', 'p', 'f', 'v', 'm', 'pg_catalog') (base.py:1840)
2025-09-05 14:58:03 [    INFO] SELECT pg_catalog.pg_class.relname 
FROM pg_catalog.pg_class JOIN pg_catalog.pg_namespace ON pg_catalog.pg_namespace.oid = pg_catalog.pg_class.relnamespace 
WHERE pg_catalog.pg_class.relname = $1::VARCHAR AND pg_catalog.pg_class.relkind = ANY (ARRAY[$2::VARCHAR, $3::VARCHAR, $4::VARCHAR, $5::VARCHAR, $6::VARCHAR]) AND pg_catalog.pg_table_is_visible(pg_catalog.pg_class.oid) AND pg_catalog.pg_namespace.nspname != $7::VARCHAR (base.py:1840)
2025-09-05 14:58:03 [    INFO] [cached since 2.697s ago] ('compliance_audit_logs', 'r', 'p', 'f', 'v', 'm', 'pg_catalog') (base.py:1840)
2025-09-05 14:58:03 [    INFO] SELECT pg_catalog.pg_class.relname 
FROM pg_catalog.pg_class JOIN pg_catalog.pg_namespace ON pg_catalog.pg_namespace.oid = pg_catalog.pg_class.relnamespace 
WHERE pg_catalog.pg_class.relname = $1::VARCHAR AND pg_catalog.pg_class.relkind = ANY (ARRAY[$2::VARCHAR, $3::VARCHAR, $4::VARCHAR, $5::VARCHAR, $6::VARCHAR]) AND pg_catalog.pg_table_is_visible(pg_catalog.pg_class.oid) AND pg_catalog.pg_namespace.nspname != $7::VARCHAR (base.py:1840)
2025-09-05 14:58:03 [    INFO] [cached since 2.698s ago] ('escrows', 'r', 'p', 'f', 'v', 'm', 'pg_catalog') (base.py:1840)
2025-09-05 14:58:03 [    INFO] SELECT pg_catalog.pg_class.relname 
FROM pg_catalog.pg_class JOIN pg_catalog.pg_namespace ON pg_catalog.pg_namespace.oid = pg_catalog.pg_class.relnamespace 
WHERE pg_catalog.pg_class.relname = $1::VARCHAR AND pg_catalog.pg_class.relkind = ANY (ARRAY[$2::VARCHAR, $3::VARCHAR, $4::VARCHAR, $5::VARCHAR, $6::VARCHAR]) AND pg_catalog.pg_table_is_visible(pg_catalog.pg_class.oid) AND pg_catalog.pg_namespace.nspname != $7::VARCHAR (base.py:1840)
2025-09-05 14:58:03 [    INFO] [cached since 2.7s ago] ('badges', 'r', 'p', 'f', 'v', 'm', 'pg_catalog') (base.py:1840)
2025-09-05 14:58:03 [    INFO] SELECT pg_catalog.pg_class.relname 
FROM pg_catalog.pg_class JOIN pg_catalog.pg_namespace ON pg_catalog.pg_namespace.oid = pg_catalog.pg_class.relnamespace 
WHERE pg_catalog.pg_class.relname = $1::VARCHAR AND pg_catalog.pg_class.relkind = ANY (ARRAY[$2::VARCHAR, $3::VARCHAR, $4::VARCHAR, $5::VARCHAR, $6::VARCHAR]) AND pg_catalog.pg_table_is_visible(pg_catalog.pg_class.oid) AND pg_catalog.pg_namespace.nspname != $7::VARCHAR (base.py:1840)
2025-09-05 14:58:03 [    INFO] [cached since 2.702s ago] ('user_badges', 'r', 'p', 'f', 'v', 'm', 'pg_catalog') (base.py:1840)
2025-09-05 14:58:03 [    INFO] SELECT pg_catalog.pg_class.relname 
FROM pg_catalog.pg_class JOIN pg_catalog.pg_namespace ON pg_catalog.pg_namespace.oid = pg_catalog.pg_class.relnamespace 
WHERE pg_catalog.pg_class.relname = $1::VARCHAR AND pg_catalog.pg_class.relkind = ANY (ARRAY[$2::VARCHAR, $3::VARCHAR, $4::VARCHAR, $5::VARCHAR, $6::VARCHAR]) AND pg_catalog.pg_table_is_visible(pg_catalog.pg_class.oid) AND pg_catalog.pg_namespace.nspname != $7::VARCHAR (base.py:1840)
2025-09-05 14:58:03 [    INFO] [cached since 2.703s ago] ('user_points', 'r', 'p', 'f', 'v', 'm', 'pg_catalog') (base.py:1840)
2025-09-05 14:58:03 [    INFO] SELECT pg_catalog.pg_class.relname 
FROM pg_catalog.pg_class JOIN pg_catalog.pg_namespace ON pg_catalog.pg_namespace.oid = pg_catalog.pg_class.relnamespace 
WHERE pg_catalog.pg_class.relname = $1::VARCHAR AND pg_catalog.pg_class.relkind = ANY (ARRAY[$2::VARCHAR, $3::VARCHAR, $4::VARCHAR, $5::VARCHAR, $6::VARCHAR]) AND pg_catalog.pg_table_is_visible(pg_catalog.pg_class.oid) AND pg_catalog.pg_namespace.nspname != $7::VARCHAR (base.py:1840)
2025-09-05 14:58:03 [    INFO] [cached since 2.705s ago] ('guilds', 'r', 'p', 'f', 'v', 'm', 'pg_catalog') (base.py:1840)
2025-09-05 14:58:03 [    INFO] SELECT pg_catalog.pg_class.relname 
FROM pg_catalog.pg_class JOIN pg_catalog.pg_namespace ON pg_catalog.pg_namespace.oid = pg_catalog.pg_class.relnamespace 
WHERE pg_catalog.pg_class.relname = $1::VARCHAR AND pg_catalog.pg_class.relkind = ANY (ARRAY[$2::VARCHAR, $3::VARCHAR, $4::VARCHAR, $5::VARCHAR, $6::VARCHAR]) AND pg_catalog.pg_table_is_visible(pg_catalog.pg_class.oid) AND pg_catalog.pg_namespace.nspname != $7::VARCHAR (base.py:1840)
2025-09-05 14:58:03 [    INFO] [cached since 2.706s ago] ('chat_rooms', 'r', 'p', 'f', 'v', 'm', 'pg_catalog') (base.py:1840)
2025-09-05 14:58:03 [    INFO] SELECT pg_catalog.pg_class.relname 
FROM pg_catalog.pg_class JOIN pg_catalog.pg_namespace ON pg_catalog.pg_namespace.oid = pg_catalog.pg_class.relnamespace 
WHERE pg_catalog.pg_class.relname = $1::VARCHAR AND pg_catalog.pg_class.relkind = ANY (ARRAY[$2::VARCHAR, $3::VARCHAR, $4::VARCHAR, $5::VARCHAR, $6::VARCHAR]) AND pg_catalog.pg_table_is_visible(pg_catalog.pg_class.oid) AND pg_catalog.pg_namespace.nspname != $7::VARCHAR (base.py:1840)
2025-09-05 14:58:03 [    INFO] [cached since 2.709s ago] ('chat_participants', 'r', 'p', 'f', 'v', 'm', 'pg_catalog') (base.py:1840)
2025-09-05 14:58:03 [    INFO] SELECT pg_catalog.pg_class.relname 
FROM pg_catalog.pg_class JOIN pg_catalog.pg_namespace ON pg_catalog.pg_namespace.oid = pg_catalog.pg_class.relnamespace 
WHERE pg_catalog.pg_class.relname = $1::VARCHAR AND pg_catalog.pg_class.relkind = ANY (ARRAY[$2::VARCHAR, $3::VARCHAR, $4::VARCHAR, $5::VARCHAR, $6::VARCHAR]) AND pg_catalog.pg_table_is_visible(pg_catalog.pg_class.oid) AND pg_catalog.pg_namespace.nspname != $7::VARCHAR (base.py:1840)
2025-09-05 14:58:03 [    INFO] [cached since 2.711s ago] ('messages', 'r', 'p', 'f', 'v', 'm', 'pg_catalog') (base.py:1840)
2025-09-05 14:58:03 [    INFO] SELECT pg_catalog.pg_class.relname 
FROM pg_catalog.pg_class JOIN pg_catalog.pg_namespace ON pg_catalog.pg_namespace.oid = pg_catalog.pg_class.relnamespace 
WHERE pg_catalog.pg_class.relname = $1::VARCHAR AND pg_catalog.pg_class.relkind = ANY (ARRAY[$2::VARCHAR, $3::VARCHAR, $4::VARCHAR, $5::VARCHAR, $6::VARCHAR]) AND pg_catalog.pg_table_is_visible(pg_catalog.pg_class.oid) AND pg_catalog.pg_namespace.nspname != $7::VARCHAR (base.py:1840)
2025-09-05 14:58:03 [    INFO] [cached since 2.712s ago] ('message_read_status', 'r', 'p', 'f', 'v', 'm', 'pg_catalog') (base.py:1840)
2025-09-05 14:58:03 [    INFO] SELECT pg_catalog.pg_class.relname 
FROM pg_catalog.pg_class JOIN pg_catalog.pg_namespace ON pg_catalog.pg_namespace.oid = pg_catalog.pg_class.relnamespace 
WHERE pg_catalog.pg_class.relname = $1::VARCHAR AND pg_catalog.pg_class.relkind = ANY (ARRAY[$2::VARCHAR, $3::VARCHAR, $4::VARCHAR, $5::VARCHAR, $6::VARCHAR]) AND pg_catalog.pg_table_is_visible(pg_catalog.pg_class.oid) AND pg_catalog.pg_namespace.nspname != $7::VARCHAR (base.py:1840)
2025-09-05 14:58:03 [    INFO] [cached since 2.714s ago] ('chat_invitations', 'r', 'p', 'f', 'v', 'm', 'pg_catalog') (base.py:1840)
2025-09-05 14:58:03 [    INFO] SELECT pg_catalog.pg_class.relname 
FROM pg_catalog.pg_class JOIN pg_catalog.pg_namespace ON pg_catalog.pg_namespace.oid = pg_catalog.pg_class.relnamespace 
WHERE pg_catalog.pg_class.relname = $1::VARCHAR AND pg_catalog.pg_class.relkind = ANY (ARRAY[$2::VARCHAR, $3::VARCHAR, $4::VARCHAR, $5::VARCHAR, $6::VARCHAR]) AND pg_catalog.pg_table_is_visible(pg_catalog.pg_class.oid) AND pg_catalog.pg_namespace.nspname != $7::VARCHAR (base.py:1840)
2025-09-05 14:58:03 [    INFO] [cached since 2.716s ago] ('mobile_app_sessions', 'r', 'p', 'f', 'v', 'm', 'pg_catalog') (base.py:1840)
2025-09-05 14:58:03 [    INFO] SELECT pg_catalog.pg_class.relname 
FROM pg_catalog.pg_class JOIN pg_catalog.pg_namespace ON pg_catalog.pg_namespace.oid = pg_catalog.pg_class.relnamespace 
WHERE pg_catalog.pg_class.relname = $1::VARCHAR AND pg_catalog.pg_class.relkind = ANY (ARRAY[$2::VARCHAR, $3::VARCHAR, $4::VARCHAR, $5::VARCHAR, $6::VARCHAR]) AND pg_catalog.pg_table_is_visible(pg_catalog.pg_class.oid) AND pg_catalog.pg_namespace.nspname != $7::VARCHAR (base.py:1840)
2025-09-05 14:58:03 [    INFO] [cached since 2.718s ago] ('mobile_api_calls', 'r', 'p', 'f', 'v', 'm', 'pg_catalog') (base.py:1840)
2025-09-05 14:58:03 [    INFO] SELECT pg_catalog.pg_class.relname 
FROM pg_catalog.pg_class JOIN pg_catalog.pg_namespace ON pg_catalog.pg_namespace.oid = pg_catalog.pg_class.relnamespace 
WHERE pg_catalog.pg_class.relname = $1::VARCHAR AND pg_catalog.pg_class.relkind = ANY (ARRAY[$2::VARCHAR, $3::VARCHAR, $4::VARCHAR, $5::VARCHAR, $6::VARCHAR]) AND pg_catalog.pg_table_is_visible(pg_catalog.pg_class.oid) AND pg_catalog.pg_namespace.nspname != $7::VARCHAR (base.py:1840)
2025-09-05 14:58:03 [    INFO] [cached since 2.719s ago] ('api_cache', 'r', 'p', 'f', 'v', 'm', 'pg_catalog') (base.py:1840)
2025-09-05 14:58:03 [    INFO] SELECT pg_catalog.pg_class.relname 
FROM pg_catalog.pg_class JOIN pg_catalog.pg_namespace ON pg_catalog.pg_namespace.oid = pg_catalog.pg_class.relnamespace 
WHERE pg_catalog.pg_class.relname = $1::VARCHAR AND pg_catalog.pg_class.relkind = ANY (ARRAY[$2::VARCHAR, $3::VARCHAR, $4::VARCHAR, $5::VARCHAR, $6::VARCHAR]) AND pg_catalog.pg_table_is_visible(pg_catalog.pg_class.oid) AND pg_catalog.pg_namespace.nspname != $7::VARCHAR (base.py:1840)
2025-09-05 14:58:03 [    INFO] [cached since 2.721s ago] ('mobile_app_configs', 'r', 'p', 'f', 'v', 'm', 'pg_catalog') (base.py:1840)
2025-09-05 14:58:03 [    INFO] SELECT pg_catalog.pg_class.relname 
FROM pg_catalog.pg_class JOIN pg_catalog.pg_namespace ON pg_catalog.pg_namespace.oid = pg_catalog.pg_class.relnamespace 
WHERE pg_catalog.pg_class.relname = $1::VARCHAR AND pg_catalog.pg_class.relkind = ANY (ARRAY[$2::VARCHAR, $3::VARCHAR, $4::VARCHAR, $5::VARCHAR, $6::VARCHAR]) AND pg_catalog.pg_table_is_visible(pg_catalog.pg_class.oid) AND pg_catalog.pg_namespace.nspname != $7::VARCHAR (base.py:1840)
2025-09-05 14:58:03 [    INFO] [cached since 2.723s ago] ('mobile_feature_flags', 'r', 'p', 'f', 'v', 'm', 'pg_catalog') (base.py:1840)
2025-09-05 14:58:03 [    INFO] SELECT pg_catalog.pg_class.relname 
FROM pg_catalog.pg_class JOIN pg_catalog.pg_namespace ON pg_catalog.pg_namespace.oid = pg_catalog.pg_class.relnamespace 
WHERE pg_catalog.pg_class.relname = $1::VARCHAR AND pg_catalog.pg_class.relkind = ANY (ARRAY[$2::VARCHAR, $3::VARCHAR, $4::VARCHAR, $5::VARCHAR, $6::VARCHAR]) AND pg_catalog.pg_table_is_visible(pg_catalog.pg_class.oid) AND pg_catalog.pg_namespace.nspname != $7::VARCHAR (base.py:1840)
2025-09-05 14:58:03 [    INFO] [cached since 2.725s ago] ('mobile_performance_metrics', 'r', 'p', 'f', 'v', 'm', 'pg_catalog') (base.py:1840)
2025-09-05 14:58:03 [    INFO] SELECT pg_catalog.pg_class.relname 
FROM pg_catalog.pg_class JOIN pg_catalog.pg_namespace ON pg_catalog.pg_namespace.oid = pg_catalog.pg_class.relnamespace 
WHERE pg_catalog.pg_class.relname = $1::VARCHAR AND pg_catalog.pg_class.relkind = ANY (ARRAY[$2::VARCHAR, $3::VARCHAR, $4::VARCHAR, $5::VARCHAR, $6::VARCHAR]) AND pg_catalog.pg_table_is_visible(pg_catalog.pg_class.oid) AND pg_catalog.pg_namespace.nspname != $7::VARCHAR (base.py:1840)
2025-09-05 14:58:03 [    INFO] [cached since 2.726s ago] ('mobile_offline_queue', 'r', 'p', 'f', 'v', 'm', 'pg_catalog') (base.py:1840)
2025-09-05 14:58:03 [    INFO] SELECT pg_catalog.pg_class.relname 
FROM pg_catalog.pg_class JOIN pg_catalog.pg_namespace ON pg_catalog.pg_namespace.oid = pg_catalog.pg_class.relnamespace 
WHERE pg_catalog.pg_class.relname = $1::VARCHAR AND pg_catalog.pg_class.relkind = ANY (ARRAY[$2::VARCHAR, $3::VARCHAR, $4::VARCHAR, $5::VARCHAR, $6::VARCHAR]) AND pg_catalog.pg_table_is_visible(pg_catalog.pg_class.oid) AND pg_catalog.pg_namespace.nspname != $7::VARCHAR (base.py:1840)
2025-09-05 14:58:03 [    INFO] [cached since 2.728s ago] ('mobile_push_notifications', 'r', 'p', 'f', 'v', 'm', 'pg_catalog') (base.py:1840)
2025-09-05 14:58:03 [    INFO] SELECT pg_catalog.pg_class.relname 
FROM pg_catalog.pg_class JOIN pg_catalog.pg_namespace ON pg_catalog.pg_namespace.oid = pg_catalog.pg_class.relnamespace 
WHERE pg_catalog.pg_class.relname = $1::VARCHAR AND pg_catalog.pg_class.relkind = ANY (ARRAY[$2::VARCHAR, $3::VARCHAR, $4::VARCHAR, $5::VARCHAR, $6::VARCHAR]) AND pg_catalog.pg_table_is_visible(pg_catalog.pg_class.oid) AND pg_catalog.pg_namespace.nspname != $7::VARCHAR (base.py:1840)
2025-09-05 14:58:03 [    INFO] [cached since 2.73s ago] ('mobile_sync_states', 'r', 'p', 'f', 'v', 'm', 'pg_catalog') (base.py:1840)
2025-09-05 14:58:03 [    INFO] SELECT pg_catalog.pg_class.relname 
FROM pg_catalog.pg_class JOIN pg_catalog.pg_namespace ON pg_catalog.pg_namespace.oid = pg_catalog.pg_class.relnamespace 
WHERE pg_catalog.pg_class.relname = $1::VARCHAR AND pg_catalog.pg_class.relkind = ANY (ARRAY[$2::VARCHAR, $3::VARCHAR, $4::VARCHAR, $5::VARCHAR, $6::VARCHAR]) AND pg_catalog.pg_table_is_visible(pg_catalog.pg_class.oid) AND pg_catalog.pg_namespace.nspname != $7::VARCHAR (base.py:1840)
2025-09-05 14:58:03 [    INFO] [cached since 2.732s ago] ('notifications', 'r', 'p', 'f', 'v', 'm', 'pg_catalog') (base.py:1840)
2025-09-05 14:58:03 [    INFO] SELECT pg_catalog.pg_class.relname 
FROM pg_catalog.pg_class JOIN pg_catalog.pg_namespace ON pg_catalog.pg_namespace.oid = pg_catalog.pg_class.relnamespace 
WHERE pg_catalog.pg_class.relname = $1::VARCHAR AND pg_catalog.pg_class.relkind = ANY (ARRAY[$2::VARCHAR, $3::VARCHAR, $4::VARCHAR, $5::VARCHAR, $6::VARCHAR]) AND pg_catalog.pg_table_is_visible(pg_catalog.pg_class.oid) AND pg_catalog.pg_namespace.nspname != $7::VARCHAR (base.py:1840)
2025-09-05 14:58:03 [    INFO] [cached since 2.733s ago] ('notification_delivery_attempts', 'r', 'p', 'f', 'v', 'm', 'pg_catalog') (base.py:1840)
2025-09-05 14:58:03 [    INFO] SELECT pg_catalog.pg_class.relname 
FROM pg_catalog.pg_class JOIN pg_catalog.pg_namespace ON pg_catalog.pg_namespace.oid = pg_catalog.pg_class.relnamespace 
WHERE pg_catalog.pg_class.relname = $1::VARCHAR AND pg_catalog.pg_class.relkind = ANY (ARRAY[$2::VARCHAR, $3::VARCHAR, $4::VARCHAR, $5::VARCHAR, $6::VARCHAR]) AND pg_catalog.pg_table_is_visible(pg_catalog.pg_class.oid) AND pg_catalog.pg_namespace.nspname != $7::VARCHAR (base.py:1840)
2025-09-05 14:58:03 [    INFO] [cached since 2.735s ago] ('notification_templates', 'r', 'p', 'f', 'v', 'm', 'pg_catalog') (base.py:1840)
2025-09-05 14:58:03 [    INFO] SELECT pg_catalog.pg_class.relname 
FROM pg_catalog.pg_class JOIN pg_catalog.pg_namespace ON pg_catalog.pg_namespace.oid = pg_catalog.pg_class.relnamespace 
WHERE pg_catalog.pg_class.relname = $1::VARCHAR AND pg_catalog.pg_class.relkind = ANY (ARRAY[$2::VARCHAR, $3::VARCHAR, $4::VARCHAR, $5::VARCHAR, $6::VARCHAR]) AND pg_catalog.pg_table_is_visible(pg_catalog.pg_class.oid) AND pg_catalog.pg_namespace.nspname != $7::VARCHAR (base.py:1840)
2025-09-05 14:58:03 [    INFO] [cached since 2.737s ago] ('user_notification_preferences', 'r', 'p', 'f', 'v', 'm', 'pg_catalog') (base.py:1840)
2025-09-05 14:58:03 [    INFO] SELECT pg_catalog.pg_class.relname 
FROM pg_catalog.pg_class JOIN pg_catalog.pg_namespace ON pg_catalog.pg_namespace.oid = pg_catalog.pg_class.relnamespace 
WHERE pg_catalog.pg_class.relname = $1::VARCHAR AND pg_catalog.pg_class.relkind = ANY (ARRAY[$2::VARCHAR, $3::VARCHAR, $4::VARCHAR, $5::VARCHAR, $6::VARCHAR]) AND pg_catalog.pg_table_is_visible(pg_catalog.pg_class.oid) AND pg_catalog.pg_namespace.nspname != $7::VARCHAR (base.py:1840)
2025-09-05 14:58:03 [    INFO] [cached since 2.739s ago] ('notification_subscriptions', 'r', 'p', 'f', 'v', 'm', 'pg_catalog') (base.py:1840)
2025-09-05 14:58:03 [    INFO] SELECT pg_catalog.pg_class.relname 
FROM pg_catalog.pg_class JOIN pg_catalog.pg_namespace ON pg_catalog.pg_namespace.oid = pg_catalog.pg_class.relnamespace 
WHERE pg_catalog.pg_class.relname = $1::VARCHAR AND pg_catalog.pg_class.relkind = ANY (ARRAY[$2::VARCHAR, $3::VARCHAR, $4::VARCHAR, $5::VARCHAR, $6::VARCHAR]) AND pg_catalog.pg_table_is_visible(pg_catalog.pg_class.oid) AND pg_catalog.pg_namespace.nspname != $7::VARCHAR (base.py:1840)
2025-09-05 14:58:03 [    INFO] [cached since 2.741s ago] ('notification_batches', 'r', 'p', 'f', 'v', 'm', 'pg_catalog') (base.py:1840)
2025-09-05 14:58:03 [    INFO] SELECT pg_catalog.pg_class.relname 
FROM pg_catalog.pg_class JOIN pg_catalog.pg_namespace ON pg_catalog.pg_namespace.oid = pg_catalog.pg_class.relnamespace 
WHERE pg_catalog.pg_class.relname = $1::VARCHAR AND pg_catalog.pg_class.relkind = ANY (ARRAY[$2::VARCHAR, $3::VARCHAR, $4::VARCHAR, $5::VARCHAR, $6::VARCHAR]) AND pg_catalog.pg_table_is_visible(pg_catalog.pg_class.oid) AND pg_catalog.pg_namespace.nspname != $7::VARCHAR (base.py:1840)
2025-09-05 14:58:03 [    INFO] [cached since 2.742s ago] ('notification_webhooks', 'r', 'p', 'f', 'v', 'm', 'pg_catalog') (base.py:1840)
2025-09-05 14:58:03 [    INFO] SELECT pg_catalog.pg_class.relname 
FROM pg_catalog.pg_class JOIN pg_catalog.pg_namespace ON pg_catalog.pg_namespace.oid = pg_catalog.pg_class.relnamespace 
WHERE pg_catalog.pg_class.relname = $1::VARCHAR AND pg_catalog.pg_class.relkind = ANY (ARRAY[$2::VARCHAR, $3::VARCHAR, $4::VARCHAR, $5::VARCHAR, $6::VARCHAR]) AND pg_catalog.pg_table_is_visible(pg_catalog.pg_class.oid) AND pg_catalog.pg_namespace.nspname != $7::VARCHAR (base.py:1840)
2025-09-05 14:58:03 [    INFO] [cached since 2.744s ago] ('notification_analytics', 'r', 'p', 'f', 'v', 'm', 'pg_catalog') (base.py:1840)
2025-09-05 14:58:03 [    INFO] SELECT pg_catalog.pg_class.relname 
FROM pg_catalog.pg_class JOIN pg_catalog.pg_namespace ON pg_catalog.pg_namespace.oid = pg_catalog.pg_class.relnamespace 
WHERE pg_catalog.pg_class.relname = $1::VARCHAR AND pg_catalog.pg_class.relkind = ANY (ARRAY[$2::VARCHAR, $3::VARCHAR, $4::VARCHAR, $5::VARCHAR, $6::VARCHAR]) AND pg_catalog.pg_table_is_visible(pg_catalog.pg_class.oid) AND pg_catalog.pg_namespace.nspname != $7::VARCHAR (base.py:1840)
2025-09-05 14:58:03 [    INFO] [cached since 2.746s ago] ('ratings', 'r', 'p', 'f', 'v', 'm', 'pg_catalog') (base.py:1840)
2025-09-05 14:58:03 [    INFO] SELECT pg_catalog.pg_class.relname 
FROM pg_catalog.pg_class JOIN pg_catalog.pg_namespace ON pg_catalog.pg_namespace.oid = pg_catalog.pg_class.relnamespace 
WHERE pg_catalog.pg_class.relname = $1::VARCHAR AND pg_catalog.pg_class.relkind = ANY (ARRAY[$2::VARCHAR, $3::VARCHAR, $4::VARCHAR, $5::VARCHAR, $6::VARCHAR]) AND pg_catalog.pg_table_is_visible(pg_catalog.pg_class.oid) AND pg_catalog.pg_namespace.nspname != $7::VARCHAR (base.py:1840)
2025-09-05 14:58:03 [    INFO] [cached since 2.747s ago] ('reports', 'r', 'p', 'f', 'v', 'm', 'pg_catalog') (base.py:1840)
2025-09-05 14:58:03 [    INFO] SELECT pg_catalog.pg_class.relname 
FROM pg_catalog.pg_class JOIN pg_catalog.pg_namespace ON pg_catalog.pg_namespace.oid = pg_catalog.pg_class.relnamespace 
WHERE pg_catalog.pg_class.relname = $1::VARCHAR AND pg_catalog.pg_class.relkind = ANY (ARRAY[$2::VARCHAR, $3::VARCHAR, $4::VARCHAR, $5::VARCHAR, $6::VARCHAR]) AND pg_catalog.pg_table_is_visible(pg_catalog.pg_class.oid) AND pg_catalog.pg_namespace.nspname != $7::VARCHAR (base.py:1840)
2025-09-05 14:58:03 [    INFO] [cached since 2.749s ago] ('report_data', 'r', 'p', 'f', 'v', 'm', 'pg_catalog') (base.py:1840)
2025-09-05 14:58:03 [    INFO] SELECT pg_catalog.pg_class.relname 
FROM pg_catalog.pg_class JOIN pg_catalog.pg_namespace ON pg_catalog.pg_namespace.oid = pg_catalog.pg_class.relnamespace 
WHERE pg_catalog.pg_class.relname = $1::VARCHAR AND pg_catalog.pg_class.relkind = ANY (ARRAY[$2::VARCHAR, $3::VARCHAR, $4::VARCHAR, $5::VARCHAR, $6::VARCHAR]) AND pg_catalog.pg_table_is_visible(pg_catalog.pg_class.oid) AND pg_catalog.pg_namespace.nspname != $7::VARCHAR (base.py:1840)
2025-09-05 14:58:03 [    INFO] [cached since 2.751s ago] ('rfqs', 'r', 'p', 'f', 'v', 'm', 'pg_catalog') (base.py:1840)
2025-09-05 14:58:03 [    INFO] SELECT pg_catalog.pg_class.relname 
FROM pg_catalog.pg_class JOIN pg_catalog.pg_namespace ON pg_catalog.pg_namespace.oid = pg_catalog.pg_class.relnamespace 
WHERE pg_catalog.pg_class.relname = $1::VARCHAR AND pg_catalog.pg_class.relkind = ANY (ARRAY[$2::VARCHAR, $3::VARCHAR, $4::VARCHAR, $5::VARCHAR, $6::VARCHAR]) AND pg_catalog.pg_table_is_visible(pg_catalog.pg_class.oid) AND pg_catalog.pg_namespace.nspname != $7::VARCHAR (base.py:1840)
2025-09-05 14:58:03 [    INFO] [cached since 2.752s ago] ('quotes', 'r', 'p', 'f', 'v', 'm', 'pg_catalog') (base.py:1840)
2025-09-05 14:58:03 [    INFO] SELECT pg_catalog.pg_class.relname 
FROM pg_catalog.pg_class JOIN pg_catalog.pg_namespace ON pg_catalog.pg_namespace.oid = pg_catalog.pg_class.relnamespace 
WHERE pg_catalog.pg_class.relname = $1::VARCHAR AND pg_catalog.pg_class.relkind = ANY (ARRAY[$2::VARCHAR, $3::VARCHAR, $4::VARCHAR, $5::VARCHAR, $6::VARCHAR]) AND pg_catalog.pg_table_is_visible(pg_catalog.pg_class.oid) AND pg_catalog.pg_namespace.nspname != $7::VARCHAR (base.py:1840)
2025-09-05 14:58:03 [    INFO] [cached since 2.754s ago] ('subscription_plans', 'r', 'p', 'f', 'v', 'm', 'pg_catalog') (base.py:1840)
2025-09-05 14:58:03 [    INFO] SELECT pg_catalog.pg_class.relname 
FROM pg_catalog.pg_class JOIN pg_catalog.pg_namespace ON pg_catalog.pg_namespace.oid = pg_catalog.pg_class.relnamespace 
WHERE pg_catalog.pg_class.relname = $1::VARCHAR AND pg_catalog.pg_class.relkind = ANY (ARRAY[$2::VARCHAR, $3::VARCHAR, $4::VARCHAR, $5::VARCHAR, $6::VARCHAR]) AND pg_catalog.pg_table_is_visible(pg_catalog.pg_class.oid) AND pg_catalog.pg_namespace.nspname != $7::VARCHAR (base.py:1840)
2025-09-05 14:58:03 [    INFO] [cached since 2.756s ago] ('user_subscriptions', 'r', 'p', 'f', 'v', 'm', 'pg_catalog') (base.py:1840)
2025-09-05 14:58:03 [    INFO] SELECT pg_catalog.pg_type.typname 
FROM pg_catalog.pg_type JOIN pg_catalog.pg_namespace ON pg_catalog.pg_namespace.oid = pg_catalog.pg_type.typnamespace 
WHERE pg_catalog.pg_type.typname = $1::VARCHAR AND pg_catalog.pg_type_is_visible(pg_catalog.pg_type.oid) AND pg_catalog.pg_namespace.nspname != $2::VARCHAR (base.py:1840)
2025-09-05 14:58:03 [    INFO] [cached since 2.7s ago] ('adminrole', 'pg_catalog') (base.py:1840)
2025-09-05 14:58:03 [    INFO] SELECT pg_catalog.pg_type.typname 
FROM pg_catalog.pg_type JOIN pg_catalog.pg_namespace ON pg_catalog.pg_namespace.oid = pg_catalog.pg_type.typnamespace 
WHERE pg_catalog.pg_type.typname = $1::VARCHAR AND pg_catalog.pg_type_is_visible(pg_catalog.pg_type.oid) AND pg_catalog.pg_namespace.nspname != $2::VARCHAR (base.py:1840)
2025-09-05 14:58:03 [    INFO] [cached since 2.702s ago] ('adminactiontype', 'pg_catalog') (base.py:1840)
2025-09-05 14:58:03 [    INFO] SELECT pg_catalog.pg_type.typname 
FROM pg_catalog.pg_type JOIN pg_catalog.pg_namespace ON pg_catalog.pg_namespace.oid = pg_catalog.pg_type.typnamespace 
WHERE pg_catalog.pg_type.typname = $1::VARCHAR AND pg_catalog.pg_type_is_visible(pg_catalog.pg_type.oid) AND pg_catalog.pg_namespace.nspname != $2::VARCHAR (base.py:1840)
2025-09-05 14:58:03 [    INFO] [cached since 2.704s ago] ('adminactionstatus', 'pg_catalog') (base.py:1840)
2025-09-05 14:58:03 [    INFO] SELECT pg_catalog.pg_type.typname 
FROM pg_catalog.pg_type JOIN pg_catalog.pg_namespace ON pg_catalog.pg_namespace.oid = pg_catalog.pg_type.typnamespace 
WHERE pg_catalog.pg_type.typname = $1::VARCHAR AND pg_catalog.pg_type_is_visible(pg_catalog.pg_type.oid) AND pg_catalog.pg_namespace.nspname != $2::VARCHAR (base.py:1840)
2025-09-05 14:58:03 [    INFO] [cached since 2.706s ago] ('paymentstatus', 'pg_catalog') (base.py:1840)
2025-09-05 14:58:03 [    INFO] SELECT pg_catalog.pg_type.typname 
FROM pg_catalog.pg_type JOIN pg_catalog.pg_namespace ON pg_catalog.pg_namespace.oid = pg_catalog.pg_type.typnamespace 
WHERE pg_catalog.pg_type.typname = $1::VARCHAR AND pg_catalog.pg_type_is_visible(pg_catalog.pg_type.oid) AND pg_catalog.pg_namespace.nspname != $2::VARCHAR (base.py:1840)
2025-09-05 14:58:03 [    INFO] [cached since 2.707s ago] ('paymentmethod', 'pg_catalog') (base.py:1840)
2025-09-05 14:58:03 [    INFO] SELECT pg_catalog.pg_type.typname 
FROM pg_catalog.pg_type JOIN pg_catalog.pg_namespace ON pg_catalog.pg_namespace.oid = pg_catalog.pg_type.typnamespace 
WHERE pg_catalog.pg_type.typname = $1::VARCHAR AND pg_catalog.pg_type_is_visible(pg_catalog.pg_type.oid) AND pg_catalog.pg_namespace.nspname != $2::VARCHAR (base.py:1840)
2025-09-05 14:58:03 [    INFO] [cached since 2.71s ago] ('paymenttype', 'pg_catalog') (base.py:1840)
2025-09-05 14:58:03 [    INFO] SELECT pg_catalog.pg_type.typname 
FROM pg_catalog.pg_type JOIN pg_catalog.pg_namespace ON pg_catalog.pg_namespace.oid = pg_catalog.pg_type.typnamespace 
WHERE pg_catalog.pg_type.typname = $1::VARCHAR AND pg_catalog.pg_type_is_visible(pg_catalog.pg_type.oid) AND pg_catalog.pg_namespace.nspname != $2::VARCHAR (base.py:1840)
2025-09-05 14:58:03 [    INFO] [cached since 2.712s ago] ('orderstatus', 'pg_catalog') (base.py:1840)
2025-09-05 14:58:03 [    INFO] SELECT pg_catalog.pg_type.typname 
FROM pg_catalog.pg_type JOIN pg_catalog.pg_namespace ON pg_catalog.pg_namespace.oid = pg_catalog.pg_type.typnamespace 
WHERE pg_catalog.pg_type.typname = $1::VARCHAR AND pg_catalog.pg_type_is_visible(pg_catalog.pg_type.oid) AND pg_catalog.pg_namespace.nspname != $2::VARCHAR (base.py:1840)
2025-09-05 14:58:03 [    INFO] [cached since 2.715s ago] ('adtype', 'pg_catalog') (base.py:1840)
2025-09-05 14:58:03 [    INFO] SELECT pg_catalog.pg_type.typname 
FROM pg_catalog.pg_type JOIN pg_catalog.pg_namespace ON pg_catalog.pg_namespace.oid = pg_catalog.pg_type.typnamespace 
WHERE pg_catalog.pg_type.typname = $1::VARCHAR AND pg_catalog.pg_type_is_visible(pg_catalog.pg_type.oid) AND pg_catalog.pg_namespace.nspname != $2::VARCHAR (base.py:1840)
2025-09-05 14:58:03 [    INFO] [cached since 2.717s ago] ('adstatus', 'pg_catalog') (base.py:1840)
2025-09-05 14:58:03 [    INFO] SELECT pg_catalog.pg_type.typname 
FROM pg_catalog.pg_type JOIN pg_catalog.pg_namespace ON pg_catalog.pg_namespace.oid = pg_catalog.pg_type.typnamespace 
WHERE pg_catalog.pg_type.typname = $1::VARCHAR AND pg_catalog.pg_type_is_visible(pg_catalog.pg_type.oid) AND pg_catalog.pg_namespace.nspname != $2::VARCHAR (base.py:1840)
2025-09-05 14:58:03 [    INFO] [cached since 2.719s ago] ('biddingtype', 'pg_catalog') (base.py:1840)
2025-09-05 14:58:03 [    INFO] SELECT pg_catalog.pg_type.typname 
FROM pg_catalog.pg_type JOIN pg_catalog.pg_namespace ON pg_catalog.pg_namespace.oid = pg_catalog.pg_type.typnamespace 
WHERE pg_catalog.pg_type.typname = $1::VARCHAR AND pg_catalog.pg_type_is_visible(pg_catalog.pg_type.oid) AND pg_catalog.pg_namespace.nspname != $2::VARCHAR (base.py:1840)
2025-09-05 14:58:03 [    INFO] [cached since 2.721s ago] ('badgetypeenum', 'pg_catalog') (base.py:1840)
2025-09-05 14:58:03 [    INFO] COMMIT (base.py:2702)
2025-09-05 14:58:04 [    INFO] BEGIN (implicit) (base.py:2696)
2025-09-05 14:58:04 [    INFO] SELECT pg_catalog.pg_class.relname 
FROM pg_catalog.pg_class JOIN pg_catalog.pg_namespace ON pg_catalog.pg_namespace.oid = pg_catalog.pg_class.relnamespace 
WHERE pg_catalog.pg_class.relname = $1::VARCHAR AND pg_catalog.pg_class.relkind = ANY (ARRAY[$2::VARCHAR, $3::VARCHAR, $4::VARCHAR, $5::VARCHAR, $6::VARCHAR]) AND pg_catalog.pg_table_is_visible(pg_catalog.pg_class.oid) AND pg_catalog.pg_namespace.nspname != $7::VARCHAR (base.py:1840)
2025-09-05 14:58:04 [    INFO] [cached since 3.204s ago] ('users', 'r', 'p', 'f', 'v', 'm', 'pg_catalog') (base.py:1840)
2025-09-05 14:58:04 [    INFO] SELECT pg_catalog.pg_class.relname 
FROM pg_catalog.pg_class JOIN pg_catalog.pg_namespace ON pg_catalog.pg_namespace.oid = pg_catalog.pg_class.relnamespace 
WHERE pg_catalog.pg_class.relname = $1::VARCHAR AND pg_catalog.pg_class.relkind = ANY (ARRAY[$2::VARCHAR, $3::VARCHAR, $4::VARCHAR, $5::VARCHAR, $6::VARCHAR]) AND pg_catalog.pg_table_is_visible(pg_catalog.pg_class.oid) AND pg_catalog.pg_namespace.nspname != $7::VARCHAR (base.py:1840)
2025-09-05 14:58:04 [    INFO] [cached since 3.206s ago] ('auth_tokens', 'r', 'p', 'f', 'v', 'm', 'pg_catalog') (base.py:1840)
2025-09-05 14:58:04 [    INFO] SELECT pg_catalog.pg_class.relname 
FROM pg_catalog.pg_class JOIN pg_catalog.pg_namespace ON pg_catalog.pg_namespace.oid = pg_catalog.pg_class.relnamespace 
WHERE pg_catalog.pg_class.relname = $1::VARCHAR AND pg_catalog.pg_class.relkind = ANY (ARRAY[$2::VARCHAR, $3::VARCHAR, $4::VARCHAR, $5::VARCHAR, $6::VARCHAR]) AND pg_catalog.pg_table_is_visible(pg_catalog.pg_class.oid) AND pg_catalog.pg_namespace.nspname != $7::VARCHAR (base.py:1840)
2025-09-05 14:58:04 [    INFO] [cached since 3.207s ago] ('user_sessions', 'r', 'p', 'f', 'v', 'm', 'pg_catalog') (base.py:1840)
2025-09-05 14:58:04 [    INFO] SELECT pg_catalog.pg_class.relname 
FROM pg_catalog.pg_class JOIN pg_catalog.pg_namespace ON pg_catalog.pg_namespace.oid = pg_catalog.pg_class.relnamespace 
WHERE pg_catalog.pg_class.relname = $1::VARCHAR AND pg_catalog.pg_class.relkind = ANY (ARRAY[$2::VARCHAR, $3::VARCHAR, $4::VARCHAR, $5::VARCHAR, $6::VARCHAR]) AND pg_catalog.pg_table_is_visible(pg_catalog.pg_class.oid) AND pg_catalog.pg_namespace.nspname != $7::VARCHAR (base.py:1840)
2025-09-05 14:58:04 [    INFO] [cached since 3.209s ago] ('user_profile_changes', 'r', 'p', 'f', 'v', 'm', 'pg_catalog') (base.py:1840)
2025-09-05 14:58:04 [    INFO] SELECT pg_catalog.pg_class.relname 
FROM pg_catalog.pg_class JOIN pg_catalog.pg_namespace ON pg_catalog.pg_namespace.oid = pg_catalog.pg_class.relnamespace 
WHERE pg_catalog.pg_class.relname = $1::VARCHAR AND pg_catalog.pg_class.relkind = ANY (ARRAY[$2::VARCHAR, $3::VARCHAR, $4::VARCHAR, $5::VARCHAR, $6::VARCHAR]) AND pg_catalog.pg_table_is_visible(pg_catalog.pg_class.oid) AND pg_catalog.pg_namespace.nspname != $7::VARCHAR (base.py:1840)
2025-09-05 14:58:04 [    INFO] [cached since 3.211s ago] ('admin_users', 'r', 'p', 'f', 'v', 'm', 'pg_catalog') (base.py:1840)
2025-09-05 14:58:04 [    INFO] SELECT pg_catalog.pg_class.relname 
FROM pg_catalog.pg_class JOIN pg_catalog.pg_namespace ON pg_catalog.pg_namespace.oid = pg_catalog.pg_class.relnamespace 
WHERE pg_catalog.pg_class.relname = $1::VARCHAR AND pg_catalog.pg_class.relkind = ANY (ARRAY[$2::VARCHAR, $3::VARCHAR, $4::VARCHAR, $5::VARCHAR, $6::VARCHAR]) AND pg_catalog.pg_table_is_visible(pg_catalog.pg_class.oid) AND pg_catalog.pg_namespace.nspname != $7::VARCHAR (base.py:1840)
2025-09-05 14:58:04 [    INFO] [cached since 3.213s ago] ('admin_actions', 'r', 'p', 'f', 'v', 'm', 'pg_catalog') (base.py:1840)
2025-09-05 14:58:04 [    INFO] SELECT pg_catalog.pg_class.relname 
FROM pg_catalog.pg_class JOIN pg_catalog.pg_namespace ON pg_catalog.pg_namespace.oid = pg_catalog.pg_class.relnamespace 
WHERE pg_catalog.pg_class.relname = $1::VARCHAR AND pg_catalog.pg_class.relkind = ANY (ARRAY[$2::VARCHAR, $3::VARCHAR, $4::VARCHAR, $5::VARCHAR, $6::VARCHAR]) AND pg_catalog.pg_table_is_visible(pg_catalog.pg_class.oid) AND pg_catalog.pg_namespace.nspname != $7::VARCHAR (base.py:1840)
2025-09-05 14:58:04 [    INFO] [cached since 3.214s ago] ('system_configs', 'r', 'p', 'f', 'v', 'm', 'pg_catalog') (base.py:1840)
2025-09-05 14:58:04 [    INFO] SELECT pg_catalog.pg_class.relname 
FROM pg_catalog.pg_class JOIN pg_catalog.pg_namespace ON pg_catalog.pg_namespace.oid = pg_catalog.pg_class.relnamespace 
WHERE pg_catalog.pg_class.relname = $1::VARCHAR AND pg_catalog.pg_class.relkind = ANY (ARRAY[$2::VARCHAR, $3::VARCHAR, $4::VARCHAR, $5::VARCHAR, $6::VARCHAR]) AND pg_catalog.pg_table_is_visible(pg_catalog.pg_class.oid) AND pg_catalog.pg_namespace.nspname != $7::VARCHAR (base.py:1840)
2025-09-05 14:58:04 [    INFO] [cached since 3.216s ago] ('audit_logs', 'r', 'p', 'f', 'v', 'm', 'pg_catalog') (base.py:1840)
2025-09-05 14:58:04 [    INFO] SELECT pg_catalog.pg_class.relname 
FROM pg_catalog.pg_class JOIN pg_catalog.pg_namespace ON pg_catalog.pg_namespace.oid = pg_catalog.pg_class.relnamespace 
WHERE pg_catalog.pg_class.relname = $1::VARCHAR AND pg_catalog.pg_class.relkind = ANY (ARRAY[$2::VARCHAR, $3::VARCHAR, $4::VARCHAR, $5::VARCHAR, $6::VARCHAR]) AND pg_catalog.pg_table_is_visible(pg_catalog.pg_class.oid) AND pg_catalog.pg_namespace.nspname != $7::VARCHAR (base.py:1840)
2025-09-05 14:58:04 [    INFO] [cached since 3.218s ago] ('support_tickets', 'r', 'p', 'f', 'v', 'm', 'pg_catalog') (base.py:1840)
2025-09-05 14:58:04 [    INFO] SELECT pg_catalog.pg_class.relname 
FROM pg_catalog.pg_class JOIN pg_catalog.pg_namespace ON pg_catalog.pg_namespace.oid = pg_catalog.pg_class.relnamespace 
WHERE pg_catalog.pg_class.relname = $1::VARCHAR AND pg_catalog.pg_class.relkind = ANY (ARRAY[$2::VARCHAR, $3::VARCHAR, $4::VARCHAR, $5::VARCHAR, $6::VARCHAR]) AND pg_catalog.pg_table_is_visible(pg_catalog.pg_class.oid) AND pg_catalog.pg_namespace.nspname != $7::VARCHAR (base.py:1840)
2025-09-05 14:58:04 [    INFO] [cached since 3.221s ago] ('support_messages', 'r', 'p', 'f', 'v', 'm', 'pg_catalog') (base.py:1840)
2025-09-05 14:58:04 [    INFO] SELECT pg_catalog.pg_class.relname 
FROM pg_catalog.pg_class JOIN pg_catalog.pg_namespace ON pg_catalog.pg_namespace.oid = pg_catalog.pg_class.relnamespace 
WHERE pg_catalog.pg_class.relname = $1::VARCHAR AND pg_catalog.pg_class.relkind = ANY (ARRAY[$2::VARCHAR, $3::VARCHAR, $4::VARCHAR, $5::VARCHAR, $6::VARCHAR]) AND pg_catalog.pg_table_is_visible(pg_catalog.pg_class.oid) AND pg_catalog.pg_namespace.nspname != $7::VARCHAR (base.py:1840)
2025-09-05 14:58:04 [    INFO] [cached since 3.222s ago] ('content_moderation', 'r', 'p', 'f', 'v', 'm', 'pg_catalog') (base.py:1840)
2025-09-05 14:58:04 [    INFO] SELECT pg_catalog.pg_class.relname 
FROM pg_catalog.pg_class JOIN pg_catalog.pg_namespace ON pg_catalog.pg_namespace.oid = pg_catalog.pg_class.relnamespace 
WHERE pg_catalog.pg_class.relname = $1::VARCHAR AND pg_catalog.pg_class.relkind = ANY (ARRAY[$2::VARCHAR, $3::VARCHAR, $4::VARCHAR, $5::VARCHAR, $6::VARCHAR]) AND pg_catalog.pg_table_is_visible(pg_catalog.pg_class.oid) AND pg_catalog.pg_namespace.nspname != $7::VARCHAR (base.py:1840)
2025-09-05 14:58:04 [    INFO] [cached since 3.224s ago] ('system_metrics', 'r', 'p', 'f', 'v', 'm', 'pg_catalog') (base.py:1840)
2025-09-05 14:58:04 [    INFO] SELECT pg_catalog.pg_class.relname 
FROM pg_catalog.pg_class JOIN pg_catalog.pg_namespace ON pg_catalog.pg_namespace.oid = pg_catalog.pg_class.relnamespace 
WHERE pg_catalog.pg_class.relname = $1::VARCHAR AND pg_catalog.pg_class.relkind = ANY (ARRAY[$2::VARCHAR, $3::VARCHAR, $4::VARCHAR, $5::VARCHAR, $6::VARCHAR]) AND pg_catalog.pg_table_is_visible(pg_catalog.pg_class.oid) AND pg_catalog.pg_namespace.nspname != $7::VARCHAR (base.py:1840)
2025-09-05 14:58:04 [    INFO] [cached since 3.226s ago] ('admin_dashboards', 'r', 'p', 'f', 'v', 'm', 'pg_catalog') (base.py:1840)
2025-09-05 14:58:04 [    INFO] SELECT pg_catalog.pg_class.relname 
FROM pg_catalog.pg_class JOIN pg_catalog.pg_namespace ON pg_catalog.pg_namespace.oid = pg_catalog.pg_class.relnamespace 
WHERE pg_catalog.pg_class.relname = $1::VARCHAR AND pg_catalog.pg_class.relkind = ANY (ARRAY[$2::VARCHAR, $3::VARCHAR, $4::VARCHAR, $5::VARCHAR, $6::VARCHAR]) AND pg_catalog.pg_table_is_visible(pg_catalog.pg_class.oid) AND pg_catalog.pg_namespace.nspname != $7::VARCHAR (base.py:1840)
2025-09-05 14:58:04 [    INFO] [cached since 3.228s ago] ('admin_notifications', 'r', 'p', 'f', 'v', 'm', 'pg_catalog') (base.py:1840)
2025-09-05 14:58:04 [    INFO] SELECT pg_catalog.pg_class.relname 
FROM pg_catalog.pg_class JOIN pg_catalog.pg_namespace ON pg_catalog.pg_namespace.oid = pg_catalog.pg_class.relnamespace 
WHERE pg_catalog.pg_class.relname = $1::VARCHAR AND pg_catalog.pg_class.relkind = ANY (ARRAY[$2::VARCHAR, $3::VARCHAR, $4::VARCHAR, $5::VARCHAR, $6::VARCHAR]) AND pg_catalog.pg_table_is_visible(pg_catalog.pg_class.oid) AND pg_catalog.pg_namespace.nspname != $7::VARCHAR (base.py:1840)
2025-09-05 14:58:04 [    INFO] [cached since 3.229s ago] ('ip_blocklist', 'r', 'p', 'f', 'v', 'm', 'pg_catalog') (base.py:1840)
2025-09-05 14:58:04 [    INFO] SELECT pg_catalog.pg_class.relname 
FROM pg_catalog.pg_class JOIN pg_catalog.pg_namespace ON pg_catalog.pg_namespace.oid = pg_catalog.pg_class.relnamespace 
WHERE pg_catalog.pg_class.relname = $1::VARCHAR AND pg_catalog.pg_class.relkind = ANY (ARRAY[$2::VARCHAR, $3::VARCHAR, $4::VARCHAR, $5::VARCHAR, $6::VARCHAR]) AND pg_catalog.pg_table_is_visible(pg_catalog.pg_class.oid) AND pg_catalog.pg_namespace.nspname != $7::VARCHAR (base.py:1840)
2025-09-05 14:58:04 [    INFO] [cached since 3.231s ago] ('admin_reports', 'r', 'p', 'f', 'v', 'm', 'pg_catalog') (base.py:1840)
2025-09-05 14:58:04 [    INFO] SELECT pg_catalog.pg_class.relname 
FROM pg_catalog.pg_class JOIN pg_catalog.pg_namespace ON pg_catalog.pg_namespace.oid = pg_catalog.pg_class.relnamespace 
WHERE pg_catalog.pg_class.relname = $1::VARCHAR AND pg_catalog.pg_class.relkind = ANY (ARRAY[$2::VARCHAR, $3::VARCHAR, $4::VARCHAR, $5::VARCHAR, $6::VARCHAR]) AND pg_catalog.pg_table_is_visible(pg_catalog.pg_class.oid) AND pg_catalog.pg_namespace.nspname != $7::VARCHAR (base.py:1840)
2025-09-05 14:58:04 [    INFO] [cached since 3.233s ago] ('payments', 'r', 'p', 'f', 'v', 'm', 'pg_catalog') (base.py:1840)
2025-09-05 14:58:04 [    INFO] SELECT pg_catalog.pg_class.relname 
FROM pg_catalog.pg_class JOIN pg_catalog.pg_namespace ON pg_catalog.pg_namespace.oid = pg_catalog.pg_class.relnamespace 
WHERE pg_catalog.pg_class.relname = $1::VARCHAR AND pg_catalog.pg_class.relkind = ANY (ARRAY[$2::VARCHAR, $3::VARCHAR, $4::VARCHAR, $5::VARCHAR, $6::VARCHAR]) AND pg_catalog.pg_table_is_visible(pg_catalog.pg_class.oid) AND pg_catalog.pg_namespace.nspname != $7::VARCHAR (base.py:1840)
2025-09-05 14:58:04 [    INFO] [cached since 3.235s ago] ('payment_refunds', 'r', 'p', 'f', 'v', 'm', 'pg_catalog') (base.py:1840)
2025-09-05 14:58:04 [    INFO] SELECT pg_catalog.pg_class.relname 
FROM pg_catalog.pg_class JOIN pg_catalog.pg_namespace ON pg_catalog.pg_namespace.oid = pg_catalog.pg_class.relnamespace 
WHERE pg_catalog.pg_class.relname = $1::VARCHAR AND pg_catalog.pg_class.relkind = ANY (ARRAY[$2::VARCHAR, $3::VARCHAR, $4::VARCHAR, $5::VARCHAR, $6::VARCHAR]) AND pg_catalog.pg_table_is_visible(pg_catalog.pg_class.oid) AND pg_catalog.pg_namespace.nspname != $7::VARCHAR (base.py:1840)
2025-09-05 14:58:04 [    INFO] [cached since 3.236s ago] ('payment_webhooks', 'r', 'p', 'f', 'v', 'm', 'pg_catalog') (base.py:1840)
2025-09-05 14:58:04 [    INFO] SELECT pg_catalog.pg_class.relname 
FROM pg_catalog.pg_class JOIN pg_catalog.pg_namespace ON pg_catalog.pg_namespace.oid = pg_catalog.pg_class.relnamespace 
WHERE pg_catalog.pg_class.relname = $1::VARCHAR AND pg_catalog.pg_class.relkind = ANY (ARRAY[$2::VARCHAR, $3::VARCHAR, $4::VARCHAR, $5::VARCHAR, $6::VARCHAR]) AND pg_catalog.pg_table_is_visible(pg_catalog.pg_class.oid) AND pg_catalog.pg_namespace.nspname != $7::VARCHAR (base.py:1840)
2025-09-05 14:58:04 [    INFO] [cached since 3.238s ago] ('withdrawal_requests', 'r', 'p', 'f', 'v', 'm', 'pg_catalog') (base.py:1840)
2025-09-05 14:58:04 [    INFO] SELECT pg_catalog.pg_class.relname 
FROM pg_catalog.pg_class JOIN pg_catalog.pg_namespace ON pg_catalog.pg_namespace.oid = pg_catalog.pg_class.relnamespace 
WHERE pg_catalog.pg_class.relname = $1::VARCHAR AND pg_catalog.pg_class.relkind = ANY (ARRAY[$2::VARCHAR, $3::VARCHAR, $4::VARCHAR, $5::VARCHAR, $6::VARCHAR]) AND pg_catalog.pg_table_is_visible(pg_catalog.pg_class.oid) AND pg_catalog.pg_namespace.nspname != $7::VARCHAR (base.py:1840)
2025-09-05 14:58:04 [    INFO] [cached since 3.24s ago] ('sellers', 'r', 'p', 'f', 'v', 'm', 'pg_catalog') (base.py:1840)
2025-09-05 14:58:04 [    INFO] SELECT pg_catalog.pg_class.relname 
FROM pg_catalog.pg_class JOIN pg_catalog.pg_namespace ON pg_catalog.pg_namespace.oid = pg_catalog.pg_class.relnamespace 
WHERE pg_catalog.pg_class.relname = $1::VARCHAR AND pg_catalog.pg_class.relkind = ANY (ARRAY[$2::VARCHAR, $3::VARCHAR, $4::VARCHAR, $5::VARCHAR, $6::VARCHAR]) AND pg_catalog.pg_table_is_visible(pg_catalog.pg_class.oid) AND pg_catalog.pg_namespace.nspname != $7::VARCHAR (base.py:1840)
2025-09-05 14:58:04 [    INFO] [cached since 3.242s ago] ('orders', 'r', 'p', 'f', 'v', 'm', 'pg_catalog') (base.py:1840)
2025-09-05 14:58:04 [    INFO] SELECT pg_catalog.pg_class.relname 
FROM pg_catalog.pg_class JOIN pg_catalog.pg_namespace ON pg_catalog.pg_namespace.oid = pg_catalog.pg_class.relnamespace 
WHERE pg_catalog.pg_class.relname = $1::VARCHAR AND pg_catalog.pg_class.relkind = ANY (ARRAY[$2::VARCHAR, $3::VARCHAR, $4::VARCHAR, $5::VARCHAR, $6::VARCHAR]) AND pg_catalog.pg_table_is_visible(pg_catalog.pg_class.oid) AND pg_catalog.pg_namespace.nspname != $7::VARCHAR (base.py:1840)
2025-09-05 14:58:04 [    INFO] [cached since 3.243s ago] ('ads', 'r', 'p', 'f', 'v', 'm', 'pg_catalog') (base.py:1840)
2025-09-05 14:58:04 [    INFO] SELECT pg_catalog.pg_class.relname 
FROM pg_catalog.pg_class JOIN pg_catalog.pg_namespace ON pg_catalog.pg_namespace.oid = pg_catalog.pg_class.relnamespace 
WHERE pg_catalog.pg_class.relname = $1::VARCHAR AND pg_catalog.pg_class.relkind = ANY (ARRAY[$2::VARCHAR, $3::VARCHAR, $4::VARCHAR, $5::VARCHAR, $6::VARCHAR]) AND pg_catalog.pg_table_is_visible(pg_catalog.pg_class.oid) AND pg_catalog.pg_namespace.nspname != $7::VARCHAR (base.py:1840)
2025-09-05 14:58:04 [    INFO] [cached since 3.245s ago] ('ad_campaigns', 'r', 'p', 'f', 'v', 'm', 'pg_catalog') (base.py:1840)
2025-09-05 14:58:04 [    INFO] SELECT pg_catalog.pg_class.relname 
FROM pg_catalog.pg_class JOIN pg_catalog.pg_namespace ON pg_catalog.pg_namespace.oid = pg_catalog.pg_class.relnamespace 
WHERE pg_catalog.pg_class.relname = $1::VARCHAR AND pg_catalog.pg_class.relkind = ANY (ARRAY[$2::VARCHAR, $3::VARCHAR, $4::VARCHAR, $5::VARCHAR, $6::VARCHAR]) AND pg_catalog.pg_table_is_visible(pg_catalog.pg_class.oid) AND pg_catalog.pg_namespace.nspname != $7::VARCHAR (base.py:1840)
2025-09-05 14:58:04 [    INFO] [cached since 3.246s ago] ('ad_impressions', 'r', 'p', 'f', 'v', 'm', 'pg_catalog') (base.py:1840)
2025-09-05 14:58:04 [    INFO] SELECT pg_catalog.pg_class.relname 
FROM pg_catalog.pg_class JOIN pg_catalog.pg_namespace ON pg_catalog.pg_namespace.oid = pg_catalog.pg_class.relnamespace 
WHERE pg_catalog.pg_class.relname = $1::VARCHAR AND pg_catalog.pg_class.relkind = ANY (ARRAY[$2::VARCHAR, $3::VARCHAR, $4::VARCHAR, $5::VARCHAR, $6::VARCHAR]) AND pg_catalog.pg_table_is_visible(pg_catalog.pg_class.oid) AND pg_catalog.pg_namespace.nspname != $7::VARCHAR (base.py:1840)
2025-09-05 14:58:04 [    INFO] [cached since 3.248s ago] ('ad_clicks', 'r', 'p', 'f', 'v', 'm', 'pg_catalog') (base.py:1840)
2025-09-05 14:58:04 [    INFO] SELECT pg_catalog.pg_class.relname 
FROM pg_catalog.pg_class JOIN pg_catalog.pg_namespace ON pg_catalog.pg_namespace.oid = pg_catalog.pg_class.relnamespace 
WHERE pg_catalog.pg_class.relname = $1::VARCHAR AND pg_catalog.pg_class.relkind = ANY (ARRAY[$2::VARCHAR, $3::VARCHAR, $4::VARCHAR, $5::VARCHAR, $6::VARCHAR]) AND pg_catalog.pg_table_is_visible(pg_catalog.pg_class.oid) AND pg_catalog.pg_namespace.nspname != $7::VARCHAR (base.py:1840)
2025-09-05 14:58:04 [    INFO] [cached since 3.25s ago] ('ad_conversions', 'r', 'p', 'f', 'v', 'm', 'pg_catalog') (base.py:1840)
2025-09-05 14:58:04 [    INFO] SELECT pg_catalog.pg_class.relname 
FROM pg_catalog.pg_class JOIN pg_catalog.pg_namespace ON pg_catalog.pg_namespace.oid = pg_catalog.pg_class.relnamespace 
WHERE pg_catalog.pg_class.relname = $1::VARCHAR AND pg_catalog.pg_class.relkind = ANY (ARRAY[$2::VARCHAR, $3::VARCHAR, $4::VARCHAR, $5::VARCHAR, $6::VARCHAR]) AND pg_catalog.pg_table_is_visible(pg_catalog.pg_class.oid) AND pg_catalog.pg_namespace.nspname != $7::VARCHAR (base.py:1840)
2025-09-05 14:58:04 [    INFO] [cached since 3.252s ago] ('ad_bids', 'r', 'p', 'f', 'v', 'm', 'pg_catalog') (base.py:1840)
2025-09-05 14:58:04 [    INFO] SELECT pg_catalog.pg_class.relname 
FROM pg_catalog.pg_class JOIN pg_catalog.pg_namespace ON pg_catalog.pg_namespace.oid = pg_catalog.pg_class.relnamespace 
WHERE pg_catalog.pg_class.relname = $1::VARCHAR AND pg_catalog.pg_class.relkind = ANY (ARRAY[$2::VARCHAR, $3::VARCHAR, $4::VARCHAR, $5::VARCHAR, $6::VARCHAR]) AND pg_catalog.pg_table_is_visible(pg_catalog.pg_class.oid) AND pg_catalog.pg_namespace.nspname != $7::VARCHAR (base.py:1840)
2025-09-05 14:58:04 [    INFO] [cached since 3.254s ago] ('ad_spaces', 'r', 'p', 'f', 'v', 'm', 'pg_catalog') (base.py:1840)
2025-09-05 14:58:04 [    INFO] SELECT pg_catalog.pg_class.relname 
FROM pg_catalog.pg_class JOIN pg_catalog.pg_namespace ON pg_catalog.pg_namespace.oid = pg_catalog.pg_class.relnamespace 
WHERE pg_catalog.pg_class.relname = $1::VARCHAR AND pg_catalog.pg_class.relkind = ANY (ARRAY[$2::VARCHAR, $3::VARCHAR, $4::VARCHAR, $5::VARCHAR, $6::VARCHAR]) AND pg_catalog.pg_table_is_visible(pg_catalog.pg_class.oid) AND pg_catalog.pg_namespace.nspname != $7::VARCHAR (base.py:1840)
2025-09-05 14:58:04 [    INFO] [cached since 3.255s ago] ('ad_blocklist', 'r', 'p', 'f', 'v', 'm', 'pg_catalog') (base.py:1840)
2025-09-05 14:58:04 [    INFO] SELECT pg_catalog.pg_class.relname 
FROM pg_catalog.pg_class JOIN pg_catalog.pg_namespace ON pg_catalog.pg_namespace.oid = pg_catalog.pg_class.relnamespace 
WHERE pg_catalog.pg_class.relname = $1::VARCHAR AND pg_catalog.pg_class.relkind = ANY (ARRAY[$2::VARCHAR, $3::VARCHAR, $4::VARCHAR, $5::VARCHAR, $6::VARCHAR]) AND pg_catalog.pg_table_is_visible(pg_catalog.pg_class.oid) AND pg_catalog.pg_namespace.nspname != $7::VARCHAR (base.py:1840)
2025-09-05 14:58:04 [    INFO] [cached since 3.257s ago] ('ad_analytics', 'r', 'p', 'f', 'v', 'm', 'pg_catalog') (base.py:1840)
2025-09-05 14:58:04 [    INFO] SELECT pg_catalog.pg_class.relname 
FROM pg_catalog.pg_class JOIN pg_catalog.pg_namespace ON pg_catalog.pg_namespace.oid = pg_catalog.pg_class.relnamespace 
WHERE pg_catalog.pg_class.relname = $1::VARCHAR AND pg_catalog.pg_class.relkind = ANY (ARRAY[$2::VARCHAR, $3::VARCHAR, $4::VARCHAR, $5::VARCHAR, $6::VARCHAR]) AND pg_catalog.pg_table_is_visible(pg_catalog.pg_class.oid) AND pg_catalog.pg_namespace.nspname != $7::VARCHAR (base.py:1840)
2025-09-05 14:58:04 [    INFO] [cached since 3.259s ago] ('ai_tasks', 'r', 'p', 'f', 'v', 'm', 'pg_catalog') (base.py:1840)
2025-09-05 14:58:04 [    INFO] SELECT pg_catalog.pg_class.relname 
FROM pg_catalog.pg_class JOIN pg_catalog.pg_namespace ON pg_catalog.pg_namespace.oid = pg_catalog.pg_class.relnamespace 
WHERE pg_catalog.pg_class.relname = $1::VARCHAR AND pg_catalog.pg_class.relkind = ANY (ARRAY[$2::VARCHAR, $3::VARCHAR, $4::VARCHAR, $5::VARCHAR, $6::VARCHAR]) AND pg_catalog.pg_table_is_visible(pg_catalog.pg_class.oid) AND pg_catalog.pg_namespace.nspname != $7::VARCHAR (base.py:1840)
2025-09-05 14:58:04 [    INFO] [cached since 3.26s ago] ('carts', 'r', 'p', 'f', 'v', 'm', 'pg_catalog') (base.py:1840)
2025-09-05 14:58:04 [    INFO] SELECT pg_catalog.pg_class.relname 
FROM pg_catalog.pg_class JOIN pg_catalog.pg_namespace ON pg_catalog.pg_namespace.oid = pg_catalog.pg_class.relnamespace 
WHERE pg_catalog.pg_class.relname = $1::VARCHAR AND pg_catalog.pg_class.relkind = ANY (ARRAY[$2::VARCHAR, $3::VARCHAR, $4::VARCHAR, $5::VARCHAR, $6::VARCHAR]) AND pg_catalog.pg_table_is_visible(pg_catalog.pg_class.oid) AND pg_catalog.pg_namespace.nspname != $7::VARCHAR (base.py:1840)
2025-09-05 14:58:04 [    INFO] [cached since 3.262s ago] ('cart_items', 'r', 'p', 'f', 'v', 'm', 'pg_catalog') (base.py:1840)
2025-09-05 14:58:04 [    INFO] SELECT pg_catalog.pg_class.relname 
FROM pg_catalog.pg_class JOIN pg_catalog.pg_namespace ON pg_catalog.pg_namespace.oid = pg_catalog.pg_class.relnamespace 
WHERE pg_catalog.pg_class.relname = $1::VARCHAR AND pg_catalog.pg_class.relkind = ANY (ARRAY[$2::VARCHAR, $3::VARCHAR, $4::VARCHAR, $5::VARCHAR, $6::VARCHAR]) AND pg_catalog.pg_table_is_visible(pg_catalog.pg_class.oid) AND pg_catalog.pg_namespace.nspname != $7::VARCHAR (base.py:1840)
2025-09-05 14:58:04 [    INFO] [cached since 3.263s ago] ('cms_pages', 'r', 'p', 'f', 'v', 'm', 'pg_catalog') (base.py:1840)
2025-09-05 14:58:04 [    INFO] SELECT pg_catalog.pg_class.relname 
FROM pg_catalog.pg_class JOIN pg_catalog.pg_namespace ON pg_catalog.pg_namespace.oid = pg_catalog.pg_class.relnamespace 
WHERE pg_catalog.pg_class.relname = $1::VARCHAR AND pg_catalog.pg_class.relkind = ANY (ARRAY[$2::VARCHAR, $3::VARCHAR, $4::VARCHAR, $5::VARCHAR, $6::VARCHAR]) AND pg_catalog.pg_table_is_visible(pg_catalog.pg_class.oid) AND pg_catalog.pg_namespace.nspname != $7::VARCHAR (base.py:1840)
2025-09-05 14:58:04 [    INFO] [cached since 3.265s ago] ('banned_items', 'r', 'p', 'f', 'v', 'm', 'pg_catalog') (base.py:1840)
2025-09-05 14:58:04 [    INFO] SELECT pg_catalog.pg_class.relname 
FROM pg_catalog.pg_class JOIN pg_catalog.pg_namespace ON pg_catalog.pg_namespace.oid = pg_catalog.pg_class.relnamespace 
WHERE pg_catalog.pg_class.relname = $1::VARCHAR AND pg_catalog.pg_class.relkind = ANY (ARRAY[$2::VARCHAR, $3::VARCHAR, $4::VARCHAR, $5::VARCHAR, $6::VARCHAR]) AND pg_catalog.pg_table_is_visible(pg_catalog.pg_class.oid) AND pg_catalog.pg_namespace.nspname != $7::VARCHAR (base.py:1840)
2025-09-05 14:58:04 [    INFO] [cached since 3.267s ago] ('compliance_audit_logs', 'r', 'p', 'f', 'v', 'm', 'pg_catalog') (base.py:1840)
2025-09-05 14:58:04 [    INFO] SELECT pg_catalog.pg_class.relname 
FROM pg_catalog.pg_class JOIN pg_catalog.pg_namespace ON pg_catalog.pg_namespace.oid = pg_catalog.pg_class.relnamespace 
WHERE pg_catalog.pg_class.relname = $1::VARCHAR AND pg_catalog.pg_class.relkind = ANY (ARRAY[$2::VARCHAR, $3::VARCHAR, $4::VARCHAR, $5::VARCHAR, $6::VARCHAR]) AND pg_catalog.pg_table_is_visible(pg_catalog.pg_class.oid) AND pg_catalog.pg_namespace.nspname != $7::VARCHAR (base.py:1840)
2025-09-05 14:58:04 [    INFO] [cached since 3.269s ago] ('escrows', 'r', 'p', 'f', 'v', 'm', 'pg_catalog') (base.py:1840)
2025-09-05 14:58:04 [    INFO] SELECT pg_catalog.pg_class.relname 
FROM pg_catalog.pg_class JOIN pg_catalog.pg_namespace ON pg_catalog.pg_namespace.oid = pg_catalog.pg_class.relnamespace 
WHERE pg_catalog.pg_class.relname = $1::VARCHAR AND pg_catalog.pg_class.relkind = ANY (ARRAY[$2::VARCHAR, $3::VARCHAR, $4::VARCHAR, $5::VARCHAR, $6::VARCHAR]) AND pg_catalog.pg_table_is_visible(pg_catalog.pg_class.oid) AND pg_catalog.pg_namespace.nspname != $7::VARCHAR (base.py:1840)
2025-09-05 14:58:04 [    INFO] [cached since 3.27s ago] ('badges', 'r', 'p', 'f', 'v', 'm', 'pg_catalog') (base.py:1840)
2025-09-05 14:58:04 [    INFO] SELECT pg_catalog.pg_class.relname 
FROM pg_catalog.pg_class JOIN pg_catalog.pg_namespace ON pg_catalog.pg_namespace.oid = pg_catalog.pg_class.relnamespace 
WHERE pg_catalog.pg_class.relname = $1::VARCHAR AND pg_catalog.pg_class.relkind = ANY (ARRAY[$2::VARCHAR, $3::VARCHAR, $4::VARCHAR, $5::VARCHAR, $6::VARCHAR]) AND pg_catalog.pg_table_is_visible(pg_catalog.pg_class.oid) AND pg_catalog.pg_namespace.nspname != $7::VARCHAR (base.py:1840)
2025-09-05 14:58:04 [    INFO] [cached since 3.272s ago] ('user_badges', 'r', 'p', 'f', 'v', 'm', 'pg_catalog') (base.py:1840)
2025-09-05 14:58:04 [    INFO] SELECT pg_catalog.pg_class.relname 
FROM pg_catalog.pg_class JOIN pg_catalog.pg_namespace ON pg_catalog.pg_namespace.oid = pg_catalog.pg_class.relnamespace 
WHERE pg_catalog.pg_class.relname = $1::VARCHAR AND pg_catalog.pg_class.relkind = ANY (ARRAY[$2::VARCHAR, $3::VARCHAR, $4::VARCHAR, $5::VARCHAR, $6::VARCHAR]) AND pg_catalog.pg_table_is_visible(pg_catalog.pg_class.oid) AND pg_catalog.pg_namespace.nspname != $7::VARCHAR (base.py:1840)
2025-09-05 14:58:04 [    INFO] [cached since 3.274s ago] ('user_points', 'r', 'p', 'f', 'v', 'm', 'pg_catalog') (base.py:1840)
2025-09-05 14:58:04 [    INFO] SELECT pg_catalog.pg_class.relname 
FROM pg_catalog.pg_class JOIN pg_catalog.pg_namespace ON pg_catalog.pg_namespace.oid = pg_catalog.pg_class.relnamespace 
WHERE pg_catalog.pg_class.relname = $1::VARCHAR AND pg_catalog.pg_class.relkind = ANY (ARRAY[$2::VARCHAR, $3::VARCHAR, $4::VARCHAR, $5::VARCHAR, $6::VARCHAR]) AND pg_catalog.pg_table_is_visible(pg_catalog.pg_class.oid) AND pg_catalog.pg_namespace.nspname != $7::VARCHAR (base.py:1840)
2025-09-05 14:58:04 [    INFO] [cached since 3.275s ago] ('guilds', 'r', 'p', 'f', 'v', 'm', 'pg_catalog') (base.py:1840)
2025-09-05 14:58:04 [    INFO] SELECT pg_catalog.pg_class.relname 
FROM pg_catalog.pg_class JOIN pg_catalog.pg_namespace ON pg_catalog.pg_namespace.oid = pg_catalog.pg_class.relnamespace 
WHERE pg_catalog.pg_class.relname = $1::VARCHAR AND pg_catalog.pg_class.relkind = ANY (ARRAY[$2::VARCHAR, $3::VARCHAR, $4::VARCHAR, $5::VARCHAR, $6::VARCHAR]) AND pg_catalog.pg_table_is_visible(pg_catalog.pg_class.oid) AND pg_catalog.pg_namespace.nspname != $7::VARCHAR (base.py:1840)
2025-09-05 14:58:04 [    INFO] [cached since 3.277s ago] ('chat_rooms', 'r', 'p', 'f', 'v', 'm', 'pg_catalog') (base.py:1840)
2025-09-05 14:58:04 [    INFO] SELECT pg_catalog.pg_class.relname 
FROM pg_catalog.pg_class JOIN pg_catalog.pg_namespace ON pg_catalog.pg_namespace.oid = pg_catalog.pg_class.relnamespace 
WHERE pg_catalog.pg_class.relname = $1::VARCHAR AND pg_catalog.pg_class.relkind = ANY (ARRAY[$2::VARCHAR, $3::VARCHAR, $4::VARCHAR, $5::VARCHAR, $6::VARCHAR]) AND pg_catalog.pg_table_is_visible(pg_catalog.pg_class.oid) AND pg_catalog.pg_namespace.nspname != $7::VARCHAR (base.py:1840)
2025-09-05 14:58:04 [    INFO] [cached since 3.279s ago] ('chat_participants', 'r', 'p', 'f', 'v', 'm', 'pg_catalog') (base.py:1840)
2025-09-05 14:58:04 [    INFO] SELECT pg_catalog.pg_class.relname 
FROM pg_catalog.pg_class JOIN pg_catalog.pg_namespace ON pg_catalog.pg_namespace.oid = pg_catalog.pg_class.relnamespace 
WHERE pg_catalog.pg_class.relname = $1::VARCHAR AND pg_catalog.pg_class.relkind = ANY (ARRAY[$2::VARCHAR, $3::VARCHAR, $4::VARCHAR, $5::VARCHAR, $6::VARCHAR]) AND pg_catalog.pg_table_is_visible(pg_catalog.pg_class.oid) AND pg_catalog.pg_namespace.nspname != $7::VARCHAR (base.py:1840)
2025-09-05 14:58:04 [    INFO] [cached since 3.281s ago] ('messages', 'r', 'p', 'f', 'v', 'm', 'pg_catalog') (base.py:1840)
2025-09-05 14:58:04 [    INFO] SELECT pg_catalog.pg_class.relname 
FROM pg_catalog.pg_class JOIN pg_catalog.pg_namespace ON pg_catalog.pg_namespace.oid = pg_catalog.pg_class.relnamespace 
WHERE pg_catalog.pg_class.relname = $1::VARCHAR AND pg_catalog.pg_class.relkind = ANY (ARRAY[$2::VARCHAR, $3::VARCHAR, $4::VARCHAR, $5::VARCHAR, $6::VARCHAR]) AND pg_catalog.pg_table_is_visible(pg_catalog.pg_class.oid) AND pg_catalog.pg_namespace.nspname != $7::VARCHAR (base.py:1840)
2025-09-05 14:58:04 [    INFO] [cached since 3.282s ago] ('message_read_status', 'r', 'p', 'f', 'v', 'm', 'pg_catalog') (base.py:1840)
2025-09-05 14:58:04 [    INFO] SELECT pg_catalog.pg_class.relname 
FROM pg_catalog.pg_class JOIN pg_catalog.pg_namespace ON pg_catalog.pg_namespace.oid = pg_catalog.pg_class.relnamespace 
WHERE pg_catalog.pg_class.relname = $1::VARCHAR AND pg_catalog.pg_class.relkind = ANY (ARRAY[$2::VARCHAR, $3::VARCHAR, $4::VARCHAR, $5::VARCHAR, $6::VARCHAR]) AND pg_catalog.pg_table_is_visible(pg_catalog.pg_class.oid) AND pg_catalog.pg_namespace.nspname != $7::VARCHAR (base.py:1840)
2025-09-05 14:58:04 [    INFO] [cached since 3.284s ago] ('chat_invitations', 'r', 'p', 'f', 'v', 'm', 'pg_catalog') (base.py:1840)
2025-09-05 14:58:04 [    INFO] SELECT pg_catalog.pg_class.relname 
FROM pg_catalog.pg_class JOIN pg_catalog.pg_namespace ON pg_catalog.pg_namespace.oid = pg_catalog.pg_class.relnamespace 
WHERE pg_catalog.pg_class.relname = $1::VARCHAR AND pg_catalog.pg_class.relkind = ANY (ARRAY[$2::VARCHAR, $3::VARCHAR, $4::VARCHAR, $5::VARCHAR, $6::VARCHAR]) AND pg_catalog.pg_table_is_visible(pg_catalog.pg_class.oid) AND pg_catalog.pg_namespace.nspname != $7::VARCHAR (base.py:1840)
2025-09-05 14:58:04 [    INFO] [cached since 3.286s ago] ('mobile_app_sessions', 'r', 'p', 'f', 'v', 'm', 'pg_catalog') (base.py:1840)
2025-09-05 14:58:04 [    INFO] SELECT pg_catalog.pg_class.relname 
FROM pg_catalog.pg_class JOIN pg_catalog.pg_namespace ON pg_catalog.pg_namespace.oid = pg_catalog.pg_class.relnamespace 
WHERE pg_catalog.pg_class.relname = $1::VARCHAR AND pg_catalog.pg_class.relkind = ANY (ARRAY[$2::VARCHAR, $3::VARCHAR, $4::VARCHAR, $5::VARCHAR, $6::VARCHAR]) AND pg_catalog.pg_table_is_visible(pg_catalog.pg_class.oid) AND pg_catalog.pg_namespace.nspname != $7::VARCHAR (base.py:1840)
2025-09-05 14:58:04 [    INFO] [cached since 3.287s ago] ('mobile_api_calls', 'r', 'p', 'f', 'v', 'm', 'pg_catalog') (base.py:1840)
2025-09-05 14:58:04 [    INFO] SELECT pg_catalog.pg_class.relname 
FROM pg_catalog.pg_class JOIN pg_catalog.pg_namespace ON pg_catalog.pg_namespace.oid = pg_catalog.pg_class.relnamespace 
WHERE pg_catalog.pg_class.relname = $1::VARCHAR AND pg_catalog.pg_class.relkind = ANY (ARRAY[$2::VARCHAR, $3::VARCHAR, $4::VARCHAR, $5::VARCHAR, $6::VARCHAR]) AND pg_catalog.pg_table_is_visible(pg_catalog.pg_class.oid) AND pg_catalog.pg_namespace.nspname != $7::VARCHAR (base.py:1840)
2025-09-05 14:58:04 [    INFO] [cached since 3.289s ago] ('api_cache', 'r', 'p', 'f', 'v', 'm', 'pg_catalog') (base.py:1840)
2025-09-05 14:58:04 [    INFO] SELECT pg_catalog.pg_class.relname 
FROM pg_catalog.pg_class JOIN pg_catalog.pg_namespace ON pg_catalog.pg_namespace.oid = pg_catalog.pg_class.relnamespace 
WHERE pg_catalog.pg_class.relname = $1::VARCHAR AND pg_catalog.pg_class.relkind = ANY (ARRAY[$2::VARCHAR, $3::VARCHAR, $4::VARCHAR, $5::VARCHAR, $6::VARCHAR]) AND pg_catalog.pg_table_is_visible(pg_catalog.pg_class.oid) AND pg_catalog.pg_namespace.nspname != $7::VARCHAR (base.py:1840)
2025-09-05 14:58:04 [    INFO] [cached since 3.291s ago] ('mobile_app_configs', 'r', 'p', 'f', 'v', 'm', 'pg_catalog') (base.py:1840)
2025-09-05 14:58:04 [    INFO] SELECT pg_catalog.pg_class.relname 
FROM pg_catalog.pg_class JOIN pg_catalog.pg_namespace ON pg_catalog.pg_namespace.oid = pg_catalog.pg_class.relnamespace 
WHERE pg_catalog.pg_class.relname = $1::VARCHAR AND pg_catalog.pg_class.relkind = ANY (ARRAY[$2::VARCHAR, $3::VARCHAR, $4::VARCHAR, $5::VARCHAR, $6::VARCHAR]) AND pg_catalog.pg_table_is_visible(pg_catalog.pg_class.oid) AND pg_catalog.pg_namespace.nspname != $7::VARCHAR (base.py:1840)
2025-09-05 14:58:04 [    INFO] [cached since 3.292s ago] ('mobile_feature_flags', 'r', 'p', 'f', 'v', 'm', 'pg_catalog') (base.py:1840)
2025-09-05 14:58:04 [    INFO] SELECT pg_catalog.pg_class.relname 
FROM pg_catalog.pg_class JOIN pg_catalog.pg_namespace ON pg_catalog.pg_namespace.oid = pg_catalog.pg_class.relnamespace 
WHERE pg_catalog.pg_class.relname = $1::VARCHAR AND pg_catalog.pg_class.relkind = ANY (ARRAY[$2::VARCHAR, $3::VARCHAR, $4::VARCHAR, $5::VARCHAR, $6::VARCHAR]) AND pg_catalog.pg_table_is_visible(pg_catalog.pg_class.oid) AND pg_catalog.pg_namespace.nspname != $7::VARCHAR (base.py:1840)
2025-09-05 14:58:04 [    INFO] [cached since 3.294s ago] ('mobile_performance_metrics', 'r', 'p', 'f', 'v', 'm', 'pg_catalog') (base.py:1840)
2025-09-05 14:58:04 [    INFO] SELECT pg_catalog.pg_class.relname 
FROM pg_catalog.pg_class JOIN pg_catalog.pg_namespace ON pg_catalog.pg_namespace.oid = pg_catalog.pg_class.relnamespace 
WHERE pg_catalog.pg_class.relname = $1::VARCHAR AND pg_catalog.pg_class.relkind = ANY (ARRAY[$2::VARCHAR, $3::VARCHAR, $4::VARCHAR, $5::VARCHAR, $6::VARCHAR]) AND pg_catalog.pg_table_is_visible(pg_catalog.pg_class.oid) AND pg_catalog.pg_namespace.nspname != $7::VARCHAR (base.py:1840)
2025-09-05 14:58:04 [    INFO] [cached since 3.296s ago] ('mobile_offline_queue', 'r', 'p', 'f', 'v', 'm', 'pg_catalog') (base.py:1840)
2025-09-05 14:58:04 [    INFO] SELECT pg_catalog.pg_class.relname 
FROM pg_catalog.pg_class JOIN pg_catalog.pg_namespace ON pg_catalog.pg_namespace.oid = pg_catalog.pg_class.relnamespace 
WHERE pg_catalog.pg_class.relname = $1::VARCHAR AND pg_catalog.pg_class.relkind = ANY (ARRAY[$2::VARCHAR, $3::VARCHAR, $4::VARCHAR, $5::VARCHAR, $6::VARCHAR]) AND pg_catalog.pg_table_is_visible(pg_catalog.pg_class.oid) AND pg_catalog.pg_namespace.nspname != $7::VARCHAR (base.py:1840)
2025-09-05 14:58:04 [    INFO] [cached since 3.298s ago] ('mobile_push_notifications', 'r', 'p', 'f', 'v', 'm', 'pg_catalog') (base.py:1840)
2025-09-05 14:58:04 [    INFO] SELECT pg_catalog.pg_class.relname 
FROM pg_catalog.pg_class JOIN pg_catalog.pg_namespace ON pg_catalog.pg_namespace.oid = pg_catalog.pg_class.relnamespace 
WHERE pg_catalog.pg_class.relname = $1::VARCHAR AND pg_catalog.pg_class.relkind = ANY (ARRAY[$2::VARCHAR, $3::VARCHAR, $4::VARCHAR, $5::VARCHAR, $6::VARCHAR]) AND pg_catalog.pg_table_is_visible(pg_catalog.pg_class.oid) AND pg_catalog.pg_namespace.nspname != $7::VARCHAR (base.py:1840)
2025-09-05 14:58:04 [    INFO] [cached since 3.299s ago] ('mobile_sync_states', 'r', 'p', 'f', 'v', 'm', 'pg_catalog') (base.py:1840)
2025-09-05 14:58:04 [    INFO] SELECT pg_catalog.pg_class.relname 
FROM pg_catalog.pg_class JOIN pg_catalog.pg_namespace ON pg_catalog.pg_namespace.oid = pg_catalog.pg_class.relnamespace 
WHERE pg_catalog.pg_class.relname = $1::VARCHAR AND pg_catalog.pg_class.relkind = ANY (ARRAY[$2::VARCHAR, $3::VARCHAR, $4::VARCHAR, $5::VARCHAR, $6::VARCHAR]) AND pg_catalog.pg_table_is_visible(pg_catalog.pg_class.oid) AND pg_catalog.pg_namespace.nspname != $7::VARCHAR (base.py:1840)
2025-09-05 14:58:04 [    INFO] [cached since 3.301s ago] ('notifications', 'r', 'p', 'f', 'v', 'm', 'pg_catalog') (base.py:1840)
2025-09-05 14:58:04 [    INFO] SELECT pg_catalog.pg_class.relname 
FROM pg_catalog.pg_class JOIN pg_catalog.pg_namespace ON pg_catalog.pg_namespace.oid = pg_catalog.pg_class.relnamespace 
WHERE pg_catalog.pg_class.relname = $1::VARCHAR AND pg_catalog.pg_class.relkind = ANY (ARRAY[$2::VARCHAR, $3::VARCHAR, $4::VARCHAR, $5::VARCHAR, $6::VARCHAR]) AND pg_catalog.pg_table_is_visible(pg_catalog.pg_class.oid) AND pg_catalog.pg_namespace.nspname != $7::VARCHAR (base.py:1840)
2025-09-05 14:58:04 [    INFO] [cached since 3.303s ago] ('notification_delivery_attempts', 'r', 'p', 'f', 'v', 'm', 'pg_catalog') (base.py:1840)
2025-09-05 14:58:04 [    INFO] SELECT pg_catalog.pg_class.relname 
FROM pg_catalog.pg_class JOIN pg_catalog.pg_namespace ON pg_catalog.pg_namespace.oid = pg_catalog.pg_class.relnamespace 
WHERE pg_catalog.pg_class.relname = $1::VARCHAR AND pg_catalog.pg_class.relkind = ANY (ARRAY[$2::VARCHAR, $3::VARCHAR, $4::VARCHAR, $5::VARCHAR, $6::VARCHAR]) AND pg_catalog.pg_table_is_visible(pg_catalog.pg_class.oid) AND pg_catalog.pg_namespace.nspname != $7::VARCHAR (base.py:1840)
2025-09-05 14:58:04 [    INFO] [cached since 3.305s ago] ('notification_templates', 'r', 'p', 'f', 'v', 'm', 'pg_catalog') (base.py:1840)
2025-09-05 14:58:04 [    INFO] SELECT pg_catalog.pg_class.relname 
FROM pg_catalog.pg_class JOIN pg_catalog.pg_namespace ON pg_catalog.pg_namespace.oid = pg_catalog.pg_class.relnamespace 
WHERE pg_catalog.pg_class.relname = $1::VARCHAR AND pg_catalog.pg_class.relkind = ANY (ARRAY[$2::VARCHAR, $3::VARCHAR, $4::VARCHAR, $5::VARCHAR, $6::VARCHAR]) AND pg_catalog.pg_table_is_visible(pg_catalog.pg_class.oid) AND pg_catalog.pg_namespace.nspname != $7::VARCHAR (base.py:1840)
2025-09-05 14:58:04 [    INFO] [cached since 3.306s ago] ('user_notification_preferences', 'r', 'p', 'f', 'v', 'm', 'pg_catalog') (base.py:1840)
2025-09-05 14:58:04 [    INFO] SELECT pg_catalog.pg_class.relname 
FROM pg_catalog.pg_class JOIN pg_catalog.pg_namespace ON pg_catalog.pg_namespace.oid = pg_catalog.pg_class.relnamespace 
WHERE pg_catalog.pg_class.relname = $1::VARCHAR AND pg_catalog.pg_class.relkind = ANY (ARRAY[$2::VARCHAR, $3::VARCHAR, $4::VARCHAR, $5::VARCHAR, $6::VARCHAR]) AND pg_catalog.pg_table_is_visible(pg_catalog.pg_class.oid) AND pg_catalog.pg_namespace.nspname != $7::VARCHAR (base.py:1840)
2025-09-05 14:58:04 [    INFO] [cached since 3.308s ago] ('notification_subscriptions', 'r', 'p', 'f', 'v', 'm', 'pg_catalog') (base.py:1840)
2025-09-05 14:58:04 [    INFO] SELECT pg_catalog.pg_class.relname 
FROM pg_catalog.pg_class JOIN pg_catalog.pg_namespace ON pg_catalog.pg_namespace.oid = pg_catalog.pg_class.relnamespace 
WHERE pg_catalog.pg_class.relname = $1::VARCHAR AND pg_catalog.pg_class.relkind = ANY (ARRAY[$2::VARCHAR, $3::VARCHAR, $4::VARCHAR, $5::VARCHAR, $6::VARCHAR]) AND pg_catalog.pg_table_is_visible(pg_catalog.pg_class.oid) AND pg_catalog.pg_namespace.nspname != $7::VARCHAR (base.py:1840)
2025-09-05 14:58:04 [    INFO] [cached since 3.31s ago] ('notification_batches', 'r', 'p', 'f', 'v', 'm', 'pg_catalog') (base.py:1840)
2025-09-05 14:58:04 [    INFO] SELECT pg_catalog.pg_class.relname 
FROM pg_catalog.pg_class JOIN pg_catalog.pg_namespace ON pg_catalog.pg_namespace.oid = pg_catalog.pg_class.relnamespace 
WHERE pg_catalog.pg_class.relname = $1::VARCHAR AND pg_catalog.pg_class.relkind = ANY (ARRAY[$2::VARCHAR, $3::VARCHAR, $4::VARCHAR, $5::VARCHAR, $6::VARCHAR]) AND pg_catalog.pg_table_is_visible(pg_catalog.pg_class.oid) AND pg_catalog.pg_namespace.nspname != $7::VARCHAR (base.py:1840)
2025-09-05 14:58:04 [    INFO] [cached since 3.311s ago] ('notification_webhooks', 'r', 'p', 'f', 'v', 'm', 'pg_catalog') (base.py:1840)
2025-09-05 14:58:04 [    INFO] SELECT pg_catalog.pg_class.relname 
FROM pg_catalog.pg_class JOIN pg_catalog.pg_namespace ON pg_catalog.pg_namespace.oid = pg_catalog.pg_class.relnamespace 
WHERE pg_catalog.pg_class.relname = $1::VARCHAR AND pg_catalog.pg_class.relkind = ANY (ARRAY[$2::VARCHAR, $3::VARCHAR, $4::VARCHAR, $5::VARCHAR, $6::VARCHAR]) AND pg_catalog.pg_table_is_visible(pg_catalog.pg_class.oid) AND pg_catalog.pg_namespace.nspname != $7::VARCHAR (base.py:1840)
2025-09-05 14:58:04 [    INFO] [cached since 3.313s ago] ('notification_analytics', 'r', 'p', 'f', 'v', 'm', 'pg_catalog') (base.py:1840)
2025-09-05 14:58:04 [    INFO] SELECT pg_catalog.pg_class.relname 
FROM pg_catalog.pg_class JOIN pg_catalog.pg_namespace ON pg_catalog.pg_namespace.oid = pg_catalog.pg_class.relnamespace 
WHERE pg_catalog.pg_class.relname = $1::VARCHAR AND pg_catalog.pg_class.relkind = ANY (ARRAY[$2::VARCHAR, $3::VARCHAR, $4::VARCHAR, $5::VARCHAR, $6::VARCHAR]) AND pg_catalog.pg_table_is_visible(pg_catalog.pg_class.oid) AND pg_catalog.pg_namespace.nspname != $7::VARCHAR (base.py:1840)
2025-09-05 14:58:04 [    INFO] [cached since 3.315s ago] ('ratings', 'r', 'p', 'f', 'v', 'm', 'pg_catalog') (base.py:1840)
2025-09-05 14:58:04 [    INFO] SELECT pg_catalog.pg_class.relname 
FROM pg_catalog.pg_class JOIN pg_catalog.pg_namespace ON pg_catalog.pg_namespace.oid = pg_catalog.pg_class.relnamespace 
WHERE pg_catalog.pg_class.relname = $1::VARCHAR AND pg_catalog.pg_class.relkind = ANY (ARRAY[$2::VARCHAR, $3::VARCHAR, $4::VARCHAR, $5::VARCHAR, $6::VARCHAR]) AND pg_catalog.pg_table_is_visible(pg_catalog.pg_class.oid) AND pg_catalog.pg_namespace.nspname != $7::VARCHAR (base.py:1840)
2025-09-05 14:58:04 [    INFO] [cached since 3.316s ago] ('reports', 'r', 'p', 'f', 'v', 'm', 'pg_catalog') (base.py:1840)
2025-09-05 14:58:04 [    INFO] SELECT pg_catalog.pg_class.relname 
FROM pg_catalog.pg_class JOIN pg_catalog.pg_namespace ON pg_catalog.pg_namespace.oid = pg_catalog.pg_class.relnamespace 
WHERE pg_catalog.pg_class.relname = $1::VARCHAR AND pg_catalog.pg_class.relkind = ANY (ARRAY[$2::VARCHAR, $3::VARCHAR, $4::VARCHAR, $5::VARCHAR, $6::VARCHAR]) AND pg_catalog.pg_table_is_visible(pg_catalog.pg_class.oid) AND pg_catalog.pg_namespace.nspname != $7::VARCHAR (base.py:1840)
2025-09-05 14:58:04 [    INFO] [cached since 3.318s ago] ('report_data', 'r', 'p', 'f', 'v', 'm', 'pg_catalog') (base.py:1840)
2025-09-05 14:58:04 [    INFO] SELECT pg_catalog.pg_class.relname 
FROM pg_catalog.pg_class JOIN pg_catalog.pg_namespace ON pg_catalog.pg_namespace.oid = pg_catalog.pg_class.relnamespace 
WHERE pg_catalog.pg_class.relname = $1::VARCHAR AND pg_catalog.pg_class.relkind = ANY (ARRAY[$2::VARCHAR, $3::VARCHAR, $4::VARCHAR, $5::VARCHAR, $6::VARCHAR]) AND pg_catalog.pg_table_is_visible(pg_catalog.pg_class.oid) AND pg_catalog.pg_namespace.nspname != $7::VARCHAR (base.py:1840)
2025-09-05 14:58:04 [    INFO] [cached since 3.319s ago] ('rfqs', 'r', 'p', 'f', 'v', 'm', 'pg_catalog') (base.py:1840)
2025-09-05 14:58:04 [    INFO] SELECT pg_catalog.pg_class.relname 
FROM pg_catalog.pg_class JOIN pg_catalog.pg_namespace ON pg_catalog.pg_namespace.oid = pg_catalog.pg_class.relnamespace 
WHERE pg_catalog.pg_class.relname = $1::VARCHAR AND pg_catalog.pg_class.relkind = ANY (ARRAY[$2::VARCHAR, $3::VARCHAR, $4::VARCHAR, $5::VARCHAR, $6::VARCHAR]) AND pg_catalog.pg_table_is_visible(pg_catalog.pg_class.oid) AND pg_catalog.pg_namespace.nspname != $7::VARCHAR (base.py:1840)
2025-09-05 14:58:04 [    INFO] [cached since 3.321s ago] ('quotes', 'r', 'p', 'f', 'v', 'm', 'pg_catalog') (base.py:1840)
2025-09-05 14:58:04 [    INFO] SELECT pg_catalog.pg_class.relname 
FROM pg_catalog.pg_class JOIN pg_catalog.pg_namespace ON pg_catalog.pg_namespace.oid = pg_catalog.pg_class.relnamespace 
WHERE pg_catalog.pg_class.relname = $1::VARCHAR AND pg_catalog.pg_class.relkind = ANY (ARRAY[$2::VARCHAR, $3::VARCHAR, $4::VARCHAR, $5::VARCHAR, $6::VARCHAR]) AND pg_catalog.pg_table_is_visible(pg_catalog.pg_class.oid) AND pg_catalog.pg_namespace.nspname != $7::VARCHAR (base.py:1840)
2025-09-05 14:58:04 [    INFO] [cached since 3.323s ago] ('subscription_plans', 'r', 'p', 'f', 'v', 'm', 'pg_catalog') (base.py:1840)
2025-09-05 14:58:04 [    INFO] SELECT pg_catalog.pg_class.relname 
FROM pg_catalog.pg_class JOIN pg_catalog.pg_namespace ON pg_catalog.pg_namespace.oid = pg_catalog.pg_class.relnamespace 
WHERE pg_catalog.pg_class.relname = $1::VARCHAR AND pg_catalog.pg_class.relkind = ANY (ARRAY[$2::VARCHAR, $3::VARCHAR, $4::VARCHAR, $5::VARCHAR, $6::VARCHAR]) AND pg_catalog.pg_table_is_visible(pg_catalog.pg_class.oid) AND pg_catalog.pg_namespace.nspname != $7::VARCHAR (base.py:1840)
2025-09-05 14:58:04 [    INFO] [cached since 3.325s ago] ('user_subscriptions', 'r', 'p', 'f', 'v', 'm', 'pg_catalog') (base.py:1840)
2025-09-05 14:58:04 [    INFO] SELECT pg_catalog.pg_class.relname 
FROM pg_catalog.pg_class JOIN pg_catalog.pg_namespace ON pg_catalog.pg_namespace.oid = pg_catalog.pg_class.relnamespace 
WHERE pg_catalog.pg_class.relname = $1::VARCHAR AND pg_catalog.pg_class.relkind = ANY (ARRAY[$2::VARCHAR, $3::VARCHAR, $4::VARCHAR, $5::VARCHAR, $6::VARCHAR]) AND pg_catalog.pg_table_is_visible(pg_catalog.pg_class.oid) AND pg_catalog.pg_namespace.nspname != $7::VARCHAR (base.py:1840)
2025-09-05 14:58:04 [    INFO] [cached since 3.326s ago] ('search_queries', 'r', 'p', 'f', 'v', 'm', 'pg_catalog') (base.py:1840)
2025-09-05 14:58:04 [    INFO] SELECT pg_catalog.pg_class.relname 
FROM pg_catalog.pg_class JOIN pg_catalog.pg_namespace ON pg_catalog.pg_namespace.oid = pg_catalog.pg_class.relnamespace 
WHERE pg_catalog.pg_class.relname = $1::VARCHAR AND pg_catalog.pg_class.relkind = ANY (ARRAY[$2::VARCHAR, $3::VARCHAR, $4::VARCHAR, $5::VARCHAR, $6::VARCHAR]) AND pg_catalog.pg_table_is_visible(pg_catalog.pg_class.oid) AND pg_catalog.pg_namespace.nspname != $7::VARCHAR (base.py:1840)
2025-09-05 14:58:04 [    INFO] [cached since 3.328s ago] ('search_index', 'r', 'p', 'f', 'v', 'm', 'pg_catalog') (base.py:1840)
2025-09-05 14:58:04 [    INFO] SELECT pg_catalog.pg_class.relname 
FROM pg_catalog.pg_class JOIN pg_catalog.pg_namespace ON pg_catalog.pg_namespace.oid = pg_catalog.pg_class.relnamespace 
WHERE pg_catalog.pg_class.relname = $1::VARCHAR AND pg_catalog.pg_class.relkind = ANY (ARRAY[$2::VARCHAR, $3::VARCHAR, $4::VARCHAR, $5::VARCHAR, $6::VARCHAR]) AND pg_catalog.pg_table_is_visible(pg_catalog.pg_class.oid) AND pg_catalog.pg_namespace.nspname != $7::VARCHAR (base.py:1840)
2025-09-05 14:58:04 [    INFO] [cached since 3.33s ago] ('search_filters', 'r', 'p', 'f', 'v', 'm', 'pg_catalog') (base.py:1840)
2025-09-05 14:58:04 [    INFO] SELECT pg_catalog.pg_class.relname 
FROM pg_catalog.pg_class JOIN pg_catalog.pg_namespace ON pg_catalog.pg_namespace.oid = pg_catalog.pg_class.relnamespace 
WHERE pg_catalog.pg_class.relname = $1::VARCHAR AND pg_catalog.pg_class.relkind = ANY (ARRAY[$2::VARCHAR, $3::VARCHAR, $4::VARCHAR, $5::VARCHAR, $6::VARCHAR]) AND pg_catalog.pg_table_is_visible(pg_catalog.pg_class.oid) AND pg_catalog.pg_namespace.nspname != $7::VARCHAR (base.py:1840)
2025-09-05 14:58:04 [    INFO] [cached since 3.332s ago] ('search_suggestions', 'r', 'p', 'f', 'v', 'm', 'pg_catalog') (base.py:1840)
2025-09-05 14:58:04 [    INFO] SELECT pg_catalog.pg_class.relname 
FROM pg_catalog.pg_class JOIN pg_catalog.pg_namespace ON pg_catalog.pg_namespace.oid = pg_catalog.pg_class.relnamespace 
WHERE pg_catalog.pg_class.relname = $1::VARCHAR AND pg_catalog.pg_class.relkind = ANY (ARRAY[$2::VARCHAR, $3::VARCHAR, $4::VARCHAR, $5::VARCHAR, $6::VARCHAR]) AND pg_catalog.pg_table_is_visible(pg_catalog.pg_class.oid) AND pg_catalog.pg_namespace.nspname != $7::VARCHAR (base.py:1840)
2025-09-05 14:58:04 [    INFO] [cached since 3.334s ago] ('search_analytics', 'r', 'p', 'f', 'v', 'm', 'pg_catalog') (base.py:1840)
2025-09-05 14:58:04 [    INFO] SELECT pg_catalog.pg_class.relname 
FROM pg_catalog.pg_class JOIN pg_catalog.pg_namespace ON pg_catalog.pg_namespace.oid = pg_catalog.pg_class.relnamespace 
WHERE pg_catalog.pg_class.relname = $1::VARCHAR AND pg_catalog.pg_class.relkind = ANY (ARRAY[$2::VARCHAR, $3::VARCHAR, $4::VARCHAR, $5::VARCHAR, $6::VARCHAR]) AND pg_catalog.pg_table_is_visible(pg_catalog.pg_class.oid) AND pg_catalog.pg_namespace.nspname != $7::VARCHAR (base.py:1840)
2025-09-05 14:58:04 [    INFO] [cached since 3.335s ago] ('search_synonyms', 'r', 'p', 'f', 'v', 'm', 'pg_catalog') (base.py:1840)
2025-09-05 14:58:04 [    INFO] SELECT pg_catalog.pg_class.relname 
FROM pg_catalog.pg_class JOIN pg_catalog.pg_namespace ON pg_catalog.pg_namespace.oid = pg_catalog.pg_class.relnamespace 
WHERE pg_catalog.pg_class.relname = $1::VARCHAR AND pg_catalog.pg_class.relkind = ANY (ARRAY[$2::VARCHAR, $3::VARCHAR, $4::VARCHAR, $5::VARCHAR, $6::VARCHAR]) AND pg_catalog.pg_table_is_visible(pg_catalog.pg_class.oid) AND pg_catalog.pg_namespace.nspname != $7::VARCHAR (base.py:1840)
2025-09-05 14:58:04 [    INFO] [cached since 3.337s ago] ('search_blacklist', 'r', 'p', 'f', 'v', 'm', 'pg_catalog') (base.py:1840)
2025-09-05 14:58:04 [    INFO] SELECT pg_catalog.pg_class.relname 
FROM pg_catalog.pg_class JOIN pg_catalog.pg_namespace ON pg_catalog.pg_namespace.oid = pg_catalog.pg_class.relnamespace 
WHERE pg_catalog.pg_class.relname = $1::VARCHAR AND pg_catalog.pg_class.relkind = ANY (ARRAY[$2::VARCHAR, $3::VARCHAR, $4::VARCHAR, $5::VARCHAR, $6::VARCHAR]) AND pg_catalog.pg_table_is_visible(pg_catalog.pg_class.oid) AND pg_catalog.pg_namespace.nspname != $7::VARCHAR (base.py:1840)
2025-09-05 14:58:04 [    INFO] [cached since 3.339s ago] ('search_boosts', 'r', 'p', 'f', 'v', 'm', 'pg_catalog') (base.py:1840)
2025-09-05 14:58:04 [    INFO] SELECT pg_catalog.pg_type.typname 
FROM pg_catalog.pg_type JOIN pg_catalog.pg_namespace ON pg_catalog.pg_namespace.oid = pg_catalog.pg_type.typnamespace 
WHERE pg_catalog.pg_type.typname = $1::VARCHAR AND pg_catalog.pg_type_is_visible(pg_catalog.pg_type.oid) AND pg_catalog.pg_namespace.nspname != $2::VARCHAR (base.py:1840)
2025-09-05 14:58:04 [    INFO] [cached since 3.281s ago] ('adminrole', 'pg_catalog') (base.py:1840)
2025-09-05 14:58:04 [    INFO] SELECT pg_catalog.pg_type.typname 
FROM pg_catalog.pg_type JOIN pg_catalog.pg_namespace ON pg_catalog.pg_namespace.oid = pg_catalog.pg_type.typnamespace 
WHERE pg_catalog.pg_type.typname = $1::VARCHAR AND pg_catalog.pg_type_is_visible(pg_catalog.pg_type.oid) AND pg_catalog.pg_namespace.nspname != $2::VARCHAR (base.py:1840)
2025-09-05 14:58:04 [    INFO] [cached since 3.283s ago] ('adminactiontype', 'pg_catalog') (base.py:1840)
2025-09-05 14:58:04 [    INFO] SELECT pg_catalog.pg_type.typname 
FROM pg_catalog.pg_type JOIN pg_catalog.pg_namespace ON pg_catalog.pg_namespace.oid = pg_catalog.pg_type.typnamespace 
WHERE pg_catalog.pg_type.typname = $1::VARCHAR AND pg_catalog.pg_type_is_visible(pg_catalog.pg_type.oid) AND pg_catalog.pg_namespace.nspname != $2::VARCHAR (base.py:1840)
2025-09-05 14:58:04 [    INFO] [cached since 3.285s ago] ('adminactionstatus', 'pg_catalog') (base.py:1840)
2025-09-05 14:58:04 [    INFO] SELECT pg_catalog.pg_type.typname 
FROM pg_catalog.pg_type JOIN pg_catalog.pg_namespace ON pg_catalog.pg_namespace.oid = pg_catalog.pg_type.typnamespace 
WHERE pg_catalog.pg_type.typname = $1::VARCHAR AND pg_catalog.pg_type_is_visible(pg_catalog.pg_type.oid) AND pg_catalog.pg_namespace.nspname != $2::VARCHAR (base.py:1840)
2025-09-05 14:58:04 [    INFO] [cached since 3.287s ago] ('paymentstatus', 'pg_catalog') (base.py:1840)
2025-09-05 14:58:04 [    INFO] SELECT pg_catalog.pg_type.typname 
FROM pg_catalog.pg_type JOIN pg_catalog.pg_namespace ON pg_catalog.pg_namespace.oid = pg_catalog.pg_type.typnamespace 
WHERE pg_catalog.pg_type.typname = $1::VARCHAR AND pg_catalog.pg_type_is_visible(pg_catalog.pg_type.oid) AND pg_catalog.pg_namespace.nspname != $2::VARCHAR (base.py:1840)
2025-09-05 14:58:04 [    INFO] [cached since 3.29s ago] ('paymentmethod', 'pg_catalog') (base.py:1840)
2025-09-05 14:58:04 [    INFO] SELECT pg_catalog.pg_type.typname 
FROM pg_catalog.pg_type JOIN pg_catalog.pg_namespace ON pg_catalog.pg_namespace.oid = pg_catalog.pg_type.typnamespace 
WHERE pg_catalog.pg_type.typname = $1::VARCHAR AND pg_catalog.pg_type_is_visible(pg_catalog.pg_type.oid) AND pg_catalog.pg_namespace.nspname != $2::VARCHAR (base.py:1840)
2025-09-05 14:58:04 [    INFO] [cached since 3.292s ago] ('paymenttype', 'pg_catalog') (base.py:1840)
2025-09-05 14:58:04 [    INFO] SELECT pg_catalog.pg_type.typname 
FROM pg_catalog.pg_type JOIN pg_catalog.pg_namespace ON pg_catalog.pg_namespace.oid = pg_catalog.pg_type.typnamespace 
WHERE pg_catalog.pg_type.typname = $1::VARCHAR AND pg_catalog.pg_type_is_visible(pg_catalog.pg_type.oid) AND pg_catalog.pg_namespace.nspname != $2::VARCHAR (base.py:1840)
2025-09-05 14:58:04 [    INFO] [cached since 3.294s ago] ('orderstatus', 'pg_catalog') (base.py:1840)
2025-09-05 14:58:04 [    INFO] SELECT pg_catalog.pg_type.typname 
FROM pg_catalog.pg_type JOIN pg_catalog.pg_namespace ON pg_catalog.pg_namespace.oid = pg_catalog.pg_type.typnamespace 
WHERE pg_catalog.pg_type.typname = $1::VARCHAR AND pg_catalog.pg_type_is_visible(pg_catalog.pg_type.oid) AND pg_catalog.pg_namespace.nspname != $2::VARCHAR (base.py:1840)
2025-09-05 14:58:04 [    INFO] [cached since 3.296s ago] ('adtype', 'pg_catalog') (base.py:1840)
2025-09-05 14:58:04 [    INFO] SELECT pg_catalog.pg_type.typname 
FROM pg_catalog.pg_type JOIN pg_catalog.pg_namespace ON pg_catalog.pg_namespace.oid = pg_catalog.pg_type.typnamespace 
WHERE pg_catalog.pg_type.typname = $1::VARCHAR AND pg_catalog.pg_type_is_visible(pg_catalog.pg_type.oid) AND pg_catalog.pg_namespace.nspname != $2::VARCHAR (base.py:1840)
2025-09-05 14:58:04 [    INFO] [cached since 3.298s ago] ('adstatus', 'pg_catalog') (base.py:1840)
2025-09-05 14:58:04 [    INFO] SELECT pg_catalog.pg_type.typname 
FROM pg_catalog.pg_type JOIN pg_catalog.pg_namespace ON pg_catalog.pg_namespace.oid = pg_catalog.pg_type.typnamespace 
WHERE pg_catalog.pg_type.typname = $1::VARCHAR AND pg_catalog.pg_type_is_visible(pg_catalog.pg_type.oid) AND pg_catalog.pg_namespace.nspname != $2::VARCHAR (base.py:1840)
2025-09-05 14:58:04 [    INFO] [cached since 3.3s ago] ('biddingtype', 'pg_catalog') (base.py:1840)
2025-09-05 14:58:04 [    INFO] SELECT pg_catalog.pg_type.typname 
FROM pg_catalog.pg_type JOIN pg_catalog.pg_namespace ON pg_catalog.pg_namespace.oid = pg_catalog.pg_type.typnamespace 
WHERE pg_catalog.pg_type.typname = $1::VARCHAR AND pg_catalog.pg_type_is_visible(pg_catalog.pg_type.oid) AND pg_catalog.pg_namespace.nspname != $2::VARCHAR (base.py:1840)
2025-09-05 14:58:04 [    INFO] [cached since 3.302s ago] ('badgetypeenum', 'pg_catalog') (base.py:1840)
2025-09-05 14:58:04 [    INFO] COMMIT (base.py:2702)
2025-09-05 14:58:05 [    INFO] BEGIN (implicit) (base.py:2696)
2025-09-05 14:58:05 [    INFO] SELECT pg_catalog.pg_class.relname 
FROM pg_catalog.pg_class JOIN pg_catalog.pg_namespace ON pg_catalog.pg_namespace.oid = pg_catalog.pg_class.relnamespace 
WHERE pg_catalog.pg_class.relname = $1::VARCHAR AND pg_catalog.pg_class.relkind = ANY (ARRAY[$2::VARCHAR, $3::VARCHAR, $4::VARCHAR, $5::VARCHAR, $6::VARCHAR]) AND pg_catalog.pg_table_is_visible(pg_catalog.pg_class.oid) AND pg_catalog.pg_namespace.nspname != $7::VARCHAR (base.py:1840)
2025-09-05 14:58:05 [    INFO] [cached since 4.609s ago] ('users', 'r', 'p', 'f', 'v', 'm', 'pg_catalog') (base.py:1840)
2025-09-05 14:58:05 [    INFO] SELECT pg_catalog.pg_class.relname 
FROM pg_catalog.pg_class JOIN pg_catalog.pg_namespace ON pg_catalog.pg_namespace.oid = pg_catalog.pg_class.relnamespace 
WHERE pg_catalog.pg_class.relname = $1::VARCHAR AND pg_catalog.pg_class.relkind = ANY (ARRAY[$2::VARCHAR, $3::VARCHAR, $4::VARCHAR, $5::VARCHAR, $6::VARCHAR]) AND pg_catalog.pg_table_is_visible(pg_catalog.pg_class.oid) AND pg_catalog.pg_namespace.nspname != $7::VARCHAR (base.py:1840)
2025-09-05 14:58:05 [    INFO] [cached since 4.611s ago] ('auth_tokens', 'r', 'p', 'f', 'v', 'm', 'pg_catalog') (base.py:1840)
2025-09-05 14:58:05 [    INFO] SELECT pg_catalog.pg_class.relname 
FROM pg_catalog.pg_class JOIN pg_catalog.pg_namespace ON pg_catalog.pg_namespace.oid = pg_catalog.pg_class.relnamespace 
WHERE pg_catalog.pg_class.relname = $1::VARCHAR AND pg_catalog.pg_class.relkind = ANY (ARRAY[$2::VARCHAR, $3::VARCHAR, $4::VARCHAR, $5::VARCHAR, $6::VARCHAR]) AND pg_catalog.pg_table_is_visible(pg_catalog.pg_class.oid) AND pg_catalog.pg_namespace.nspname != $7::VARCHAR (base.py:1840)
2025-09-05 14:58:05 [    INFO] [cached since 4.613s ago] ('user_sessions', 'r', 'p', 'f', 'v', 'm', 'pg_catalog') (base.py:1840)
2025-09-05 14:58:05 [    INFO] SELECT pg_catalog.pg_class.relname 
FROM pg_catalog.pg_class JOIN pg_catalog.pg_namespace ON pg_catalog.pg_namespace.oid = pg_catalog.pg_class.relnamespace 
WHERE pg_catalog.pg_class.relname = $1::VARCHAR AND pg_catalog.pg_class.relkind = ANY (ARRAY[$2::VARCHAR, $3::VARCHAR, $4::VARCHAR, $5::VARCHAR, $6::VARCHAR]) AND pg_catalog.pg_table_is_visible(pg_catalog.pg_class.oid) AND pg_catalog.pg_namespace.nspname != $7::VARCHAR (base.py:1840)
2025-09-05 14:58:05 [    INFO] [cached since 4.615s ago] ('user_profile_changes', 'r', 'p', 'f', 'v', 'm', 'pg_catalog') (base.py:1840)
2025-09-05 14:58:05 [    INFO] SELECT pg_catalog.pg_class.relname 
FROM pg_catalog.pg_class JOIN pg_catalog.pg_namespace ON pg_catalog.pg_namespace.oid = pg_catalog.pg_class.relnamespace 
WHERE pg_catalog.pg_class.relname = $1::VARCHAR AND pg_catalog.pg_class.relkind = ANY (ARRAY[$2::VARCHAR, $3::VARCHAR, $4::VARCHAR, $5::VARCHAR, $6::VARCHAR]) AND pg_catalog.pg_table_is_visible(pg_catalog.pg_class.oid) AND pg_catalog.pg_namespace.nspname != $7::VARCHAR (base.py:1840)
2025-09-05 14:58:05 [    INFO] [cached since 4.616s ago] ('admin_users', 'r', 'p', 'f', 'v', 'm', 'pg_catalog') (base.py:1840)
2025-09-05 14:58:05 [    INFO] SELECT pg_catalog.pg_class.relname 
FROM pg_catalog.pg_class JOIN pg_catalog.pg_namespace ON pg_catalog.pg_namespace.oid = pg_catalog.pg_class.relnamespace 
WHERE pg_catalog.pg_class.relname = $1::VARCHAR AND pg_catalog.pg_class.relkind = ANY (ARRAY[$2::VARCHAR, $3::VARCHAR, $4::VARCHAR, $5::VARCHAR, $6::VARCHAR]) AND pg_catalog.pg_table_is_visible(pg_catalog.pg_class.oid) AND pg_catalog.pg_namespace.nspname != $7::VARCHAR (base.py:1840)
2025-09-05 14:58:05 [    INFO] [cached since 4.618s ago] ('admin_actions', 'r', 'p', 'f', 'v', 'm', 'pg_catalog') (base.py:1840)
2025-09-05 14:58:05 [    INFO] SELECT pg_catalog.pg_class.relname 
FROM pg_catalog.pg_class JOIN pg_catalog.pg_namespace ON pg_catalog.pg_namespace.oid = pg_catalog.pg_class.relnamespace 
WHERE pg_catalog.pg_class.relname = $1::VARCHAR AND pg_catalog.pg_class.relkind = ANY (ARRAY[$2::VARCHAR, $3::VARCHAR, $4::VARCHAR, $5::VARCHAR, $6::VARCHAR]) AND pg_catalog.pg_table_is_visible(pg_catalog.pg_class.oid) AND pg_catalog.pg_namespace.nspname != $7::VARCHAR (base.py:1840)
2025-09-05 14:58:05 [    INFO] [cached since 4.619s ago] ('system_configs', 'r', 'p', 'f', 'v', 'm', 'pg_catalog') (base.py:1840)
2025-09-05 14:58:05 [    INFO] SELECT pg_catalog.pg_class.relname 
FROM pg_catalog.pg_class JOIN pg_catalog.pg_namespace ON pg_catalog.pg_namespace.oid = pg_catalog.pg_class.relnamespace 
WHERE pg_catalog.pg_class.relname = $1::VARCHAR AND pg_catalog.pg_class.relkind = ANY (ARRAY[$2::VARCHAR, $3::VARCHAR, $4::VARCHAR, $5::VARCHAR, $6::VARCHAR]) AND pg_catalog.pg_table_is_visible(pg_catalog.pg_class.oid) AND pg_catalog.pg_namespace.nspname != $7::VARCHAR (base.py:1840)
2025-09-05 14:58:05 [    INFO] [cached since 4.621s ago] ('audit_logs', 'r', 'p', 'f', 'v', 'm', 'pg_catalog') (base.py:1840)
2025-09-05 14:58:05 [    INFO] SELECT pg_catalog.pg_class.relname 
FROM pg_catalog.pg_class JOIN pg_catalog.pg_namespace ON pg_catalog.pg_namespace.oid = pg_catalog.pg_class.relnamespace 
WHERE pg_catalog.pg_class.relname = $1::VARCHAR AND pg_catalog.pg_class.relkind = ANY (ARRAY[$2::VARCHAR, $3::VARCHAR, $4::VARCHAR, $5::VARCHAR, $6::VARCHAR]) AND pg_catalog.pg_table_is_visible(pg_catalog.pg_class.oid) AND pg_catalog.pg_namespace.nspname != $7::VARCHAR (base.py:1840)
2025-09-05 14:58:05 [    INFO] [cached since 4.623s ago] ('support_tickets', 'r', 'p', 'f', 'v', 'm', 'pg_catalog') (base.py:1840)
2025-09-05 14:58:05 [    INFO] SELECT pg_catalog.pg_class.relname 
FROM pg_catalog.pg_class JOIN pg_catalog.pg_namespace ON pg_catalog.pg_namespace.oid = pg_catalog.pg_class.relnamespace 
WHERE pg_catalog.pg_class.relname = $1::VARCHAR AND pg_catalog.pg_class.relkind = ANY (ARRAY[$2::VARCHAR, $3::VARCHAR, $4::VARCHAR, $5::VARCHAR, $6::VARCHAR]) AND pg_catalog.pg_table_is_visible(pg_catalog.pg_class.oid) AND pg_catalog.pg_namespace.nspname != $7::VARCHAR (base.py:1840)
2025-09-05 14:58:05 [    INFO] [cached since 4.625s ago] ('support_messages', 'r', 'p', 'f', 'v', 'm', 'pg_catalog') (base.py:1840)
2025-09-05 14:58:05 [    INFO] SELECT pg_catalog.pg_class.relname 
FROM pg_catalog.pg_class JOIN pg_catalog.pg_namespace ON pg_catalog.pg_namespace.oid = pg_catalog.pg_class.relnamespace 
WHERE pg_catalog.pg_class.relname = $1::VARCHAR AND pg_catalog.pg_class.relkind = ANY (ARRAY[$2::VARCHAR, $3::VARCHAR, $4::VARCHAR, $5::VARCHAR, $6::VARCHAR]) AND pg_catalog.pg_table_is_visible(pg_catalog.pg_class.oid) AND pg_catalog.pg_namespace.nspname != $7::VARCHAR (base.py:1840)
2025-09-05 14:58:05 [    INFO] [cached since 4.627s ago] ('content_moderation', 'r', 'p', 'f', 'v', 'm', 'pg_catalog') (base.py:1840)
2025-09-05 14:58:05 [    INFO] SELECT pg_catalog.pg_class.relname 
FROM pg_catalog.pg_class JOIN pg_catalog.pg_namespace ON pg_catalog.pg_namespace.oid = pg_catalog.pg_class.relnamespace 
WHERE pg_catalog.pg_class.relname = $1::VARCHAR AND pg_catalog.pg_class.relkind = ANY (ARRAY[$2::VARCHAR, $3::VARCHAR, $4::VARCHAR, $5::VARCHAR, $6::VARCHAR]) AND pg_catalog.pg_table_is_visible(pg_catalog.pg_class.oid) AND pg_catalog.pg_namespace.nspname != $7::VARCHAR (base.py:1840)
2025-09-05 14:58:05 [    INFO] [cached since 4.628s ago] ('system_metrics', 'r', 'p', 'f', 'v', 'm', 'pg_catalog') (base.py:1840)
2025-09-05 14:58:05 [    INFO] SELECT pg_catalog.pg_class.relname 
FROM pg_catalog.pg_class JOIN pg_catalog.pg_namespace ON pg_catalog.pg_namespace.oid = pg_catalog.pg_class.relnamespace 
WHERE pg_catalog.pg_class.relname = $1::VARCHAR AND pg_catalog.pg_class.relkind = ANY (ARRAY[$2::VARCHAR, $3::VARCHAR, $4::VARCHAR, $5::VARCHAR, $6::VARCHAR]) AND pg_catalog.pg_table_is_visible(pg_catalog.pg_class.oid) AND pg_catalog.pg_namespace.nspname != $7::VARCHAR (base.py:1840)
2025-09-05 14:58:05 [    INFO] [cached since 4.63s ago] ('admin_dashboards', 'r', 'p', 'f', 'v', 'm', 'pg_catalog') (base.py:1840)
2025-09-05 14:58:05 [    INFO] SELECT pg_catalog.pg_class.relname 
FROM pg_catalog.pg_class JOIN pg_catalog.pg_namespace ON pg_catalog.pg_namespace.oid = pg_catalog.pg_class.relnamespace 
WHERE pg_catalog.pg_class.relname = $1::VARCHAR AND pg_catalog.pg_class.relkind = ANY (ARRAY[$2::VARCHAR, $3::VARCHAR, $4::VARCHAR, $5::VARCHAR, $6::VARCHAR]) AND pg_catalog.pg_table_is_visible(pg_catalog.pg_class.oid) AND pg_catalog.pg_namespace.nspname != $7::VARCHAR (base.py:1840)
2025-09-05 14:58:05 [    INFO] [cached since 4.632s ago] ('admin_notifications', 'r', 'p', 'f', 'v', 'm', 'pg_catalog') (base.py:1840)
2025-09-05 14:58:05 [    INFO] SELECT pg_catalog.pg_class.relname 
FROM pg_catalog.pg_class JOIN pg_catalog.pg_namespace ON pg_catalog.pg_namespace.oid = pg_catalog.pg_class.relnamespace 
WHERE pg_catalog.pg_class.relname = $1::VARCHAR AND pg_catalog.pg_class.relkind = ANY (ARRAY[$2::VARCHAR, $3::VARCHAR, $4::VARCHAR, $5::VARCHAR, $6::VARCHAR]) AND pg_catalog.pg_table_is_visible(pg_catalog.pg_class.oid) AND pg_catalog.pg_namespace.nspname != $7::VARCHAR (base.py:1840)
2025-09-05 14:58:05 [    INFO] [cached since 4.633s ago] ('ip_blocklist', 'r', 'p', 'f', 'v', 'm', 'pg_catalog') (base.py:1840)
2025-09-05 14:58:05 [    INFO] SELECT pg_catalog.pg_class.relname 
FROM pg_catalog.pg_class JOIN pg_catalog.pg_namespace ON pg_catalog.pg_namespace.oid = pg_catalog.pg_class.relnamespace 
WHERE pg_catalog.pg_class.relname = $1::VARCHAR AND pg_catalog.pg_class.relkind = ANY (ARRAY[$2::VARCHAR, $3::VARCHAR, $4::VARCHAR, $5::VARCHAR, $6::VARCHAR]) AND pg_catalog.pg_table_is_visible(pg_catalog.pg_class.oid) AND pg_catalog.pg_namespace.nspname != $7::VARCHAR (base.py:1840)
2025-09-05 14:58:05 [    INFO] [cached since 4.635s ago] ('admin_reports', 'r', 'p', 'f', 'v', 'm', 'pg_catalog') (base.py:1840)
2025-09-05 14:58:05 [    INFO] SELECT pg_catalog.pg_class.relname 
FROM pg_catalog.pg_class JOIN pg_catalog.pg_namespace ON pg_catalog.pg_namespace.oid = pg_catalog.pg_class.relnamespace 
WHERE pg_catalog.pg_class.relname = $1::VARCHAR AND pg_catalog.pg_class.relkind = ANY (ARRAY[$2::VARCHAR, $3::VARCHAR, $4::VARCHAR, $5::VARCHAR, $6::VARCHAR]) AND pg_catalog.pg_table_is_visible(pg_catalog.pg_class.oid) AND pg_catalog.pg_namespace.nspname != $7::VARCHAR (base.py:1840)
2025-09-05 14:58:05 [    INFO] [cached since 4.637s ago] ('payments', 'r', 'p', 'f', 'v', 'm', 'pg_catalog') (base.py:1840)
2025-09-05 14:58:05 [    INFO] SELECT pg_catalog.pg_class.relname 
FROM pg_catalog.pg_class JOIN pg_catalog.pg_namespace ON pg_catalog.pg_namespace.oid = pg_catalog.pg_class.relnamespace 
WHERE pg_catalog.pg_class.relname = $1::VARCHAR AND pg_catalog.pg_class.relkind = ANY (ARRAY[$2::VARCHAR, $3::VARCHAR, $4::VARCHAR, $5::VARCHAR, $6::VARCHAR]) AND pg_catalog.pg_table_is_visible(pg_catalog.pg_class.oid) AND pg_catalog.pg_namespace.nspname != $7::VARCHAR (base.py:1840)
2025-09-05 14:58:05 [    INFO] [cached since 4.638s ago] ('payment_refunds', 'r', 'p', 'f', 'v', 'm', 'pg_catalog') (base.py:1840)
2025-09-05 14:58:05 [    INFO] SELECT pg_catalog.pg_class.relname 
FROM pg_catalog.pg_class JOIN pg_catalog.pg_namespace ON pg_catalog.pg_namespace.oid = pg_catalog.pg_class.relnamespace 
WHERE pg_catalog.pg_class.relname = $1::VARCHAR AND pg_catalog.pg_class.relkind = ANY (ARRAY[$2::VARCHAR, $3::VARCHAR, $4::VARCHAR, $5::VARCHAR, $6::VARCHAR]) AND pg_catalog.pg_table_is_visible(pg_catalog.pg_class.oid) AND pg_catalog.pg_namespace.nspname != $7::VARCHAR (base.py:1840)
2025-09-05 14:58:05 [    INFO] [cached since 4.641s ago] ('payment_webhooks', 'r', 'p', 'f', 'v', 'm', 'pg_catalog') (base.py:1840)
2025-09-05 14:58:05 [    INFO] SELECT pg_catalog.pg_class.relname 
FROM pg_catalog.pg_class JOIN pg_catalog.pg_namespace ON pg_catalog.pg_namespace.oid = pg_catalog.pg_class.relnamespace 
WHERE pg_catalog.pg_class.relname = $1::VARCHAR AND pg_catalog.pg_class.relkind = ANY (ARRAY[$2::VARCHAR, $3::VARCHAR, $4::VARCHAR, $5::VARCHAR, $6::VARCHAR]) AND pg_catalog.pg_table_is_visible(pg_catalog.pg_class.oid) AND pg_catalog.pg_namespace.nspname != $7::VARCHAR (base.py:1840)
2025-09-05 14:58:05 [    INFO] [cached since 4.642s ago] ('withdrawal_requests', 'r', 'p', 'f', 'v', 'm', 'pg_catalog') (base.py:1840)
2025-09-05 14:58:05 [    INFO] SELECT pg_catalog.pg_class.relname 
FROM pg_catalog.pg_class JOIN pg_catalog.pg_namespace ON pg_catalog.pg_namespace.oid = pg_catalog.pg_class.relnamespace 
WHERE pg_catalog.pg_class.relname = $1::VARCHAR AND pg_catalog.pg_class.relkind = ANY (ARRAY[$2::VARCHAR, $3::VARCHAR, $4::VARCHAR, $5::VARCHAR, $6::VARCHAR]) AND pg_catalog.pg_table_is_visible(pg_catalog.pg_class.oid) AND pg_catalog.pg_namespace.nspname != $7::VARCHAR (base.py:1840)
2025-09-05 14:58:05 [    INFO] [cached since 4.644s ago] ('sellers', 'r', 'p', 'f', 'v', 'm', 'pg_catalog') (base.py:1840)
2025-09-05 14:58:05 [    INFO] SELECT pg_catalog.pg_class.relname 
FROM pg_catalog.pg_class JOIN pg_catalog.pg_namespace ON pg_catalog.pg_namespace.oid = pg_catalog.pg_class.relnamespace 
WHERE pg_catalog.pg_class.relname = $1::VARCHAR AND pg_catalog.pg_class.relkind = ANY (ARRAY[$2::VARCHAR, $3::VARCHAR, $4::VARCHAR, $5::VARCHAR, $6::VARCHAR]) AND pg_catalog.pg_table_is_visible(pg_catalog.pg_class.oid) AND pg_catalog.pg_namespace.nspname != $7::VARCHAR (base.py:1840)
2025-09-05 14:58:05 [    INFO] [cached since 4.646s ago] ('orders', 'r', 'p', 'f', 'v', 'm', 'pg_catalog') (base.py:1840)
2025-09-05 14:58:05 [    INFO] SELECT pg_catalog.pg_class.relname 
FROM pg_catalog.pg_class JOIN pg_catalog.pg_namespace ON pg_catalog.pg_namespace.oid = pg_catalog.pg_class.relnamespace 
WHERE pg_catalog.pg_class.relname = $1::VARCHAR AND pg_catalog.pg_class.relkind = ANY (ARRAY[$2::VARCHAR, $3::VARCHAR, $4::VARCHAR, $5::VARCHAR, $6::VARCHAR]) AND pg_catalog.pg_table_is_visible(pg_catalog.pg_class.oid) AND pg_catalog.pg_namespace.nspname != $7::VARCHAR (base.py:1840)
2025-09-05 14:58:05 [    INFO] [cached since 4.647s ago] ('ads', 'r', 'p', 'f', 'v', 'm', 'pg_catalog') (base.py:1840)
2025-09-05 14:58:05 [    INFO] SELECT pg_catalog.pg_class.relname 
FROM pg_catalog.pg_class JOIN pg_catalog.pg_namespace ON pg_catalog.pg_namespace.oid = pg_catalog.pg_class.relnamespace 
WHERE pg_catalog.pg_class.relname = $1::VARCHAR AND pg_catalog.pg_class.relkind = ANY (ARRAY[$2::VARCHAR, $3::VARCHAR, $4::VARCHAR, $5::VARCHAR, $6::VARCHAR]) AND pg_catalog.pg_table_is_visible(pg_catalog.pg_class.oid) AND pg_catalog.pg_namespace.nspname != $7::VARCHAR (base.py:1840)
2025-09-05 14:58:05 [    INFO] [cached since 4.649s ago] ('ad_campaigns', 'r', 'p', 'f', 'v', 'm', 'pg_catalog') (base.py:1840)
2025-09-05 14:58:05 [    INFO] SELECT pg_catalog.pg_class.relname 
FROM pg_catalog.pg_class JOIN pg_catalog.pg_namespace ON pg_catalog.pg_namespace.oid = pg_catalog.pg_class.relnamespace 
WHERE pg_catalog.pg_class.relname = $1::VARCHAR AND pg_catalog.pg_class.relkind = ANY (ARRAY[$2::VARCHAR, $3::VARCHAR, $4::VARCHAR, $5::VARCHAR, $6::VARCHAR]) AND pg_catalog.pg_table_is_visible(pg_catalog.pg_class.oid) AND pg_catalog.pg_namespace.nspname != $7::VARCHAR (base.py:1840)
2025-09-05 14:58:05 [    INFO] [cached since 4.65s ago] ('ad_impressions', 'r', 'p', 'f', 'v', 'm', 'pg_catalog') (base.py:1840)
2025-09-05 14:58:05 [    INFO] SELECT pg_catalog.pg_class.relname 
FROM pg_catalog.pg_class JOIN pg_catalog.pg_namespace ON pg_catalog.pg_namespace.oid = pg_catalog.pg_class.relnamespace 
WHERE pg_catalog.pg_class.relname = $1::VARCHAR AND pg_catalog.pg_class.relkind = ANY (ARRAY[$2::VARCHAR, $3::VARCHAR, $4::VARCHAR, $5::VARCHAR, $6::VARCHAR]) AND pg_catalog.pg_table_is_visible(pg_catalog.pg_class.oid) AND pg_catalog.pg_namespace.nspname != $7::VARCHAR (base.py:1840)
2025-09-05 14:58:05 [    INFO] [cached since 4.652s ago] ('ad_clicks', 'r', 'p', 'f', 'v', 'm', 'pg_catalog') (base.py:1840)
2025-09-05 14:58:05 [    INFO] SELECT pg_catalog.pg_class.relname 
FROM pg_catalog.pg_class JOIN pg_catalog.pg_namespace ON pg_catalog.pg_namespace.oid = pg_catalog.pg_class.relnamespace 
WHERE pg_catalog.pg_class.relname = $1::VARCHAR AND pg_catalog.pg_class.relkind = ANY (ARRAY[$2::VARCHAR, $3::VARCHAR, $4::VARCHAR, $5::VARCHAR, $6::VARCHAR]) AND pg_catalog.pg_table_is_visible(pg_catalog.pg_class.oid) AND pg_catalog.pg_namespace.nspname != $7::VARCHAR (base.py:1840)
2025-09-05 14:58:05 [    INFO] [cached since 4.654s ago] ('ad_conversions', 'r', 'p', 'f', 'v', 'm', 'pg_catalog') (base.py:1840)
2025-09-05 14:58:05 [    INFO] SELECT pg_catalog.pg_class.relname 
FROM pg_catalog.pg_class JOIN pg_catalog.pg_namespace ON pg_catalog.pg_namespace.oid = pg_catalog.pg_class.relnamespace 
WHERE pg_catalog.pg_class.relname = $1::VARCHAR AND pg_catalog.pg_class.relkind = ANY (ARRAY[$2::VARCHAR, $3::VARCHAR, $4::VARCHAR, $5::VARCHAR, $6::VARCHAR]) AND pg_catalog.pg_table_is_visible(pg_catalog.pg_class.oid) AND pg_catalog.pg_namespace.nspname != $7::VARCHAR (base.py:1840)
2025-09-05 14:58:05 [    INFO] [cached since 4.656s ago] ('ad_bids', 'r', 'p', 'f', 'v', 'm', 'pg_catalog') (base.py:1840)
2025-09-05 14:58:05 [    INFO] SELECT pg_catalog.pg_class.relname 
FROM pg_catalog.pg_class JOIN pg_catalog.pg_namespace ON pg_catalog.pg_namespace.oid = pg_catalog.pg_class.relnamespace 
WHERE pg_catalog.pg_class.relname = $1::VARCHAR AND pg_catalog.pg_class.relkind = ANY (ARRAY[$2::VARCHAR, $3::VARCHAR, $4::VARCHAR, $5::VARCHAR, $6::VARCHAR]) AND pg_catalog.pg_table_is_visible(pg_catalog.pg_class.oid) AND pg_catalog.pg_namespace.nspname != $7::VARCHAR (base.py:1840)
2025-09-05 14:58:05 [    INFO] [cached since 4.658s ago] ('ad_spaces', 'r', 'p', 'f', 'v', 'm', 'pg_catalog') (base.py:1840)
2025-09-05 14:58:05 [    INFO] SELECT pg_catalog.pg_class.relname 
FROM pg_catalog.pg_class JOIN pg_catalog.pg_namespace ON pg_catalog.pg_namespace.oid = pg_catalog.pg_class.relnamespace 
WHERE pg_catalog.pg_class.relname = $1::VARCHAR AND pg_catalog.pg_class.relkind = ANY (ARRAY[$2::VARCHAR, $3::VARCHAR, $4::VARCHAR, $5::VARCHAR, $6::VARCHAR]) AND pg_catalog.pg_table_is_visible(pg_catalog.pg_class.oid) AND pg_catalog.pg_namespace.nspname != $7::VARCHAR (base.py:1840)
2025-09-05 14:58:05 [    INFO] [cached since 4.66s ago] ('ad_blocklist', 'r', 'p', 'f', 'v', 'm', 'pg_catalog') (base.py:1840)
2025-09-05 14:58:05 [    INFO] SELECT pg_catalog.pg_class.relname 
FROM pg_catalog.pg_class JOIN pg_catalog.pg_namespace ON pg_catalog.pg_namespace.oid = pg_catalog.pg_class.relnamespace 
WHERE pg_catalog.pg_class.relname = $1::VARCHAR AND pg_catalog.pg_class.relkind = ANY (ARRAY[$2::VARCHAR, $3::VARCHAR, $4::VARCHAR, $5::VARCHAR, $6::VARCHAR]) AND pg_catalog.pg_table_is_visible(pg_catalog.pg_class.oid) AND pg_catalog.pg_namespace.nspname != $7::VARCHAR (base.py:1840)
2025-09-05 14:58:05 [    INFO] [cached since 4.662s ago] ('ad_analytics', 'r', 'p', 'f', 'v', 'm', 'pg_catalog') (base.py:1840)
2025-09-05 14:58:05 [    INFO] SELECT pg_catalog.pg_class.relname 
FROM pg_catalog.pg_class JOIN pg_catalog.pg_namespace ON pg_catalog.pg_namespace.oid = pg_catalog.pg_class.relnamespace 
WHERE pg_catalog.pg_class.relname = $1::VARCHAR AND pg_catalog.pg_class.relkind = ANY (ARRAY[$2::VARCHAR, $3::VARCHAR, $4::VARCHAR, $5::VARCHAR, $6::VARCHAR]) AND pg_catalog.pg_table_is_visible(pg_catalog.pg_class.oid) AND pg_catalog.pg_namespace.nspname != $7::VARCHAR (base.py:1840)
2025-09-05 14:58:05 [    INFO] [cached since 4.663s ago] ('ai_tasks', 'r', 'p', 'f', 'v', 'm', 'pg_catalog') (base.py:1840)
2025-09-05 14:58:05 [    INFO] SELECT pg_catalog.pg_class.relname 
FROM pg_catalog.pg_class JOIN pg_catalog.pg_namespace ON pg_catalog.pg_namespace.oid = pg_catalog.pg_class.relnamespace 
WHERE pg_catalog.pg_class.relname = $1::VARCHAR AND pg_catalog.pg_class.relkind = ANY (ARRAY[$2::VARCHAR, $3::VARCHAR, $4::VARCHAR, $5::VARCHAR, $6::VARCHAR]) AND pg_catalog.pg_table_is_visible(pg_catalog.pg_class.oid) AND pg_catalog.pg_namespace.nspname != $7::VARCHAR (base.py:1840)
2025-09-05 14:58:05 [    INFO] [cached since 4.665s ago] ('carts', 'r', 'p', 'f', 'v', 'm', 'pg_catalog') (base.py:1840)
2025-09-05 14:58:05 [    INFO] SELECT pg_catalog.pg_class.relname 
FROM pg_catalog.pg_class JOIN pg_catalog.pg_namespace ON pg_catalog.pg_namespace.oid = pg_catalog.pg_class.relnamespace 
WHERE pg_catalog.pg_class.relname = $1::VARCHAR AND pg_catalog.pg_class.relkind = ANY (ARRAY[$2::VARCHAR, $3::VARCHAR, $4::VARCHAR, $5::VARCHAR, $6::VARCHAR]) AND pg_catalog.pg_table_is_visible(pg_catalog.pg_class.oid) AND pg_catalog.pg_namespace.nspname != $7::VARCHAR (base.py:1840)
2025-09-05 14:58:05 [    INFO] [cached since 4.666s ago] ('cart_items', 'r', 'p', 'f', 'v', 'm', 'pg_catalog') (base.py:1840)
2025-09-05 14:58:05 [    INFO] SELECT pg_catalog.pg_class.relname 
FROM pg_catalog.pg_class JOIN pg_catalog.pg_namespace ON pg_catalog.pg_namespace.oid = pg_catalog.pg_class.relnamespace 
WHERE pg_catalog.pg_class.relname = $1::VARCHAR AND pg_catalog.pg_class.relkind = ANY (ARRAY[$2::VARCHAR, $3::VARCHAR, $4::VARCHAR, $5::VARCHAR, $6::VARCHAR]) AND pg_catalog.pg_table_is_visible(pg_catalog.pg_class.oid) AND pg_catalog.pg_namespace.nspname != $7::VARCHAR (base.py:1840)
2025-09-05 14:58:05 [    INFO] [cached since 4.668s ago] ('cms_pages', 'r', 'p', 'f', 'v', 'm', 'pg_catalog') (base.py:1840)
2025-09-05 14:58:05 [    INFO] SELECT pg_catalog.pg_class.relname 
FROM pg_catalog.pg_class JOIN pg_catalog.pg_namespace ON pg_catalog.pg_namespace.oid = pg_catalog.pg_class.relnamespace 
WHERE pg_catalog.pg_class.relname = $1::VARCHAR AND pg_catalog.pg_class.relkind = ANY (ARRAY[$2::VARCHAR, $3::VARCHAR, $4::VARCHAR, $5::VARCHAR, $6::VARCHAR]) AND pg_catalog.pg_table_is_visible(pg_catalog.pg_class.oid) AND pg_catalog.pg_namespace.nspname != $7::VARCHAR (base.py:1840)
2025-09-05 14:58:05 [    INFO] [cached since 4.67s ago] ('banned_items', 'r', 'p', 'f', 'v', 'm', 'pg_catalog') (base.py:1840)
2025-09-05 14:58:05 [    INFO] SELECT pg_catalog.pg_class.relname 
FROM pg_catalog.pg_class JOIN pg_catalog.pg_namespace ON pg_catalog.pg_namespace.oid = pg_catalog.pg_class.relnamespace 
WHERE pg_catalog.pg_class.relname = $1::VARCHAR AND pg_catalog.pg_class.relkind = ANY (ARRAY[$2::VARCHAR, $3::VARCHAR, $4::VARCHAR, $5::VARCHAR, $6::VARCHAR]) AND pg_catalog.pg_table_is_visible(pg_catalog.pg_class.oid) AND pg_catalog.pg_namespace.nspname != $7::VARCHAR (base.py:1840)
2025-09-05 14:58:05 [    INFO] [cached since 4.672s ago] ('compliance_audit_logs', 'r', 'p', 'f', 'v', 'm', 'pg_catalog') (base.py:1840)
2025-09-05 14:58:05 [    INFO] SELECT pg_catalog.pg_class.relname 
FROM pg_catalog.pg_class JOIN pg_catalog.pg_namespace ON pg_catalog.pg_namespace.oid = pg_catalog.pg_class.relnamespace 
WHERE pg_catalog.pg_class.relname = $1::VARCHAR AND pg_catalog.pg_class.relkind = ANY (ARRAY[$2::VARCHAR, $3::VARCHAR, $4::VARCHAR, $5::VARCHAR, $6::VARCHAR]) AND pg_catalog.pg_table_is_visible(pg_catalog.pg_class.oid) AND pg_catalog.pg_namespace.nspname != $7::VARCHAR (base.py:1840)
2025-09-05 14:58:05 [    INFO] [cached since 4.674s ago] ('escrows', 'r', 'p', 'f', 'v', 'm', 'pg_catalog') (base.py:1840)
2025-09-05 14:58:05 [    INFO] SELECT pg_catalog.pg_class.relname 
FROM pg_catalog.pg_class JOIN pg_catalog.pg_namespace ON pg_catalog.pg_namespace.oid = pg_catalog.pg_class.relnamespace 
WHERE pg_catalog.pg_class.relname = $1::VARCHAR AND pg_catalog.pg_class.relkind = ANY (ARRAY[$2::VARCHAR, $3::VARCHAR, $4::VARCHAR, $5::VARCHAR, $6::VARCHAR]) AND pg_catalog.pg_table_is_visible(pg_catalog.pg_class.oid) AND pg_catalog.pg_namespace.nspname != $7::VARCHAR (base.py:1840)
2025-09-05 14:58:05 [    INFO] [cached since 4.675s ago] ('badges', 'r', 'p', 'f', 'v', 'm', 'pg_catalog') (base.py:1840)
2025-09-05 14:58:05 [    INFO] SELECT pg_catalog.pg_class.relname 
FROM pg_catalog.pg_class JOIN pg_catalog.pg_namespace ON pg_catalog.pg_namespace.oid = pg_catalog.pg_class.relnamespace 
WHERE pg_catalog.pg_class.relname = $1::VARCHAR AND pg_catalog.pg_class.relkind = ANY (ARRAY[$2::VARCHAR, $3::VARCHAR, $4::VARCHAR, $5::VARCHAR, $6::VARCHAR]) AND pg_catalog.pg_table_is_visible(pg_catalog.pg_class.oid) AND pg_catalog.pg_namespace.nspname != $7::VARCHAR (base.py:1840)
2025-09-05 14:58:05 [    INFO] [cached since 4.677s ago] ('user_badges', 'r', 'p', 'f', 'v', 'm', 'pg_catalog') (base.py:1840)
2025-09-05 14:58:05 [    INFO] SELECT pg_catalog.pg_class.relname 
FROM pg_catalog.pg_class JOIN pg_catalog.pg_namespace ON pg_catalog.pg_namespace.oid = pg_catalog.pg_class.relnamespace 
WHERE pg_catalog.pg_class.relname = $1::VARCHAR AND pg_catalog.pg_class.relkind = ANY (ARRAY[$2::VARCHAR, $3::VARCHAR, $4::VARCHAR, $5::VARCHAR, $6::VARCHAR]) AND pg_catalog.pg_table_is_visible(pg_catalog.pg_class.oid) AND pg_catalog.pg_namespace.nspname != $7::VARCHAR (base.py:1840)
2025-09-05 14:58:05 [    INFO] [cached since 4.679s ago] ('user_points', 'r', 'p', 'f', 'v', 'm', 'pg_catalog') (base.py:1840)
2025-09-05 14:58:05 [    INFO] SELECT pg_catalog.pg_class.relname 
FROM pg_catalog.pg_class JOIN pg_catalog.pg_namespace ON pg_catalog.pg_namespace.oid = pg_catalog.pg_class.relnamespace 
WHERE pg_catalog.pg_class.relname = $1::VARCHAR AND pg_catalog.pg_class.relkind = ANY (ARRAY[$2::VARCHAR, $3::VARCHAR, $4::VARCHAR, $5::VARCHAR, $6::VARCHAR]) AND pg_catalog.pg_table_is_visible(pg_catalog.pg_class.oid) AND pg_catalog.pg_namespace.nspname != $7::VARCHAR (base.py:1840)
2025-09-05 14:58:05 [    INFO] [cached since 4.68s ago] ('guilds', 'r', 'p', 'f', 'v', 'm', 'pg_catalog') (base.py:1840)
2025-09-05 14:58:05 [    INFO] SELECT pg_catalog.pg_class.relname 
FROM pg_catalog.pg_class JOIN pg_catalog.pg_namespace ON pg_catalog.pg_namespace.oid = pg_catalog.pg_class.relnamespace 
WHERE pg_catalog.pg_class.relname = $1::VARCHAR AND pg_catalog.pg_class.relkind = ANY (ARRAY[$2::VARCHAR, $3::VARCHAR, $4::VARCHAR, $5::VARCHAR, $6::VARCHAR]) AND pg_catalog.pg_table_is_visible(pg_catalog.pg_class.oid) AND pg_catalog.pg_namespace.nspname != $7::VARCHAR (base.py:1840)
2025-09-05 14:58:05 [    INFO] [cached since 4.682s ago] ('chat_rooms', 'r', 'p', 'f', 'v', 'm', 'pg_catalog') (base.py:1840)
2025-09-05 14:58:05 [    INFO] SELECT pg_catalog.pg_class.relname 
FROM pg_catalog.pg_class JOIN pg_catalog.pg_namespace ON pg_catalog.pg_namespace.oid = pg_catalog.pg_class.relnamespace 
WHERE pg_catalog.pg_class.relname = $1::VARCHAR AND pg_catalog.pg_class.relkind = ANY (ARRAY[$2::VARCHAR, $3::VARCHAR, $4::VARCHAR, $5::VARCHAR, $6::VARCHAR]) AND pg_catalog.pg_table_is_visible(pg_catalog.pg_class.oid) AND pg_catalog.pg_namespace.nspname != $7::VARCHAR (base.py:1840)
2025-09-05 14:58:05 [    INFO] [cached since 4.684s ago] ('chat_participants', 'r', 'p', 'f', 'v', 'm', 'pg_catalog') (base.py:1840)
2025-09-05 14:58:05 [    INFO] SELECT pg_catalog.pg_class.relname 
FROM pg_catalog.pg_class JOIN pg_catalog.pg_namespace ON pg_catalog.pg_namespace.oid = pg_catalog.pg_class.relnamespace 
WHERE pg_catalog.pg_class.relname = $1::VARCHAR AND pg_catalog.pg_class.relkind = ANY (ARRAY[$2::VARCHAR, $3::VARCHAR, $4::VARCHAR, $5::VARCHAR, $6::VARCHAR]) AND pg_catalog.pg_table_is_visible(pg_catalog.pg_class.oid) AND pg_catalog.pg_namespace.nspname != $7::VARCHAR (base.py:1840)
2025-09-05 14:58:05 [    INFO] [cached since 4.685s ago] ('messages', 'r', 'p', 'f', 'v', 'm', 'pg_catalog') (base.py:1840)
2025-09-05 14:58:05 [    INFO] SELECT pg_catalog.pg_class.relname 
FROM pg_catalog.pg_class JOIN pg_catalog.pg_namespace ON pg_catalog.pg_namespace.oid = pg_catalog.pg_class.relnamespace 
WHERE pg_catalog.pg_class.relname = $1::VARCHAR AND pg_catalog.pg_class.relkind = ANY (ARRAY[$2::VARCHAR, $3::VARCHAR, $4::VARCHAR, $5::VARCHAR, $6::VARCHAR]) AND pg_catalog.pg_table_is_visible(pg_catalog.pg_class.oid) AND pg_catalog.pg_namespace.nspname != $7::VARCHAR (base.py:1840)
2025-09-05 14:58:05 [    INFO] [cached since 4.687s ago] ('message_read_status', 'r', 'p', 'f', 'v', 'm', 'pg_catalog') (base.py:1840)
2025-09-05 14:58:05 [    INFO] SELECT pg_catalog.pg_class.relname 
FROM pg_catalog.pg_class JOIN pg_catalog.pg_namespace ON pg_catalog.pg_namespace.oid = pg_catalog.pg_class.relnamespace 
WHERE pg_catalog.pg_class.relname = $1::VARCHAR AND pg_catalog.pg_class.relkind = ANY (ARRAY[$2::VARCHAR, $3::VARCHAR, $4::VARCHAR, $5::VARCHAR, $6::VARCHAR]) AND pg_catalog.pg_table_is_visible(pg_catalog.pg_class.oid) AND pg_catalog.pg_namespace.nspname != $7::VARCHAR (base.py:1840)
2025-09-05 14:58:05 [    INFO] [cached since 4.689s ago] ('chat_invitations', 'r', 'p', 'f', 'v', 'm', 'pg_catalog') (base.py:1840)
2025-09-05 14:58:05 [    INFO] SELECT pg_catalog.pg_class.relname 
FROM pg_catalog.pg_class JOIN pg_catalog.pg_namespace ON pg_catalog.pg_namespace.oid = pg_catalog.pg_class.relnamespace 
WHERE pg_catalog.pg_class.relname = $1::VARCHAR AND pg_catalog.pg_class.relkind = ANY (ARRAY[$2::VARCHAR, $3::VARCHAR, $4::VARCHAR, $5::VARCHAR, $6::VARCHAR]) AND pg_catalog.pg_table_is_visible(pg_catalog.pg_class.oid) AND pg_catalog.pg_namespace.nspname != $7::VARCHAR (base.py:1840)
2025-09-05 14:58:05 [    INFO] [cached since 4.691s ago] ('mobile_app_sessions', 'r', 'p', 'f', 'v', 'm', 'pg_catalog') (base.py:1840)
2025-09-05 14:58:05 [    INFO] SELECT pg_catalog.pg_class.relname 
FROM pg_catalog.pg_class JOIN pg_catalog.pg_namespace ON pg_catalog.pg_namespace.oid = pg_catalog.pg_class.relnamespace 
WHERE pg_catalog.pg_class.relname = $1::VARCHAR AND pg_catalog.pg_class.relkind = ANY (ARRAY[$2::VARCHAR, $3::VARCHAR, $4::VARCHAR, $5::VARCHAR, $6::VARCHAR]) AND pg_catalog.pg_table_is_visible(pg_catalog.pg_class.oid) AND pg_catalog.pg_namespace.nspname != $7::VARCHAR (base.py:1840)
2025-09-05 14:58:05 [    INFO] [cached since 4.693s ago] ('mobile_api_calls', 'r', 'p', 'f', 'v', 'm', 'pg_catalog') (base.py:1840)
2025-09-05 14:58:05 [    INFO] SELECT pg_catalog.pg_class.relname 
FROM pg_catalog.pg_class JOIN pg_catalog.pg_namespace ON pg_catalog.pg_namespace.oid = pg_catalog.pg_class.relnamespace 
WHERE pg_catalog.pg_class.relname = $1::VARCHAR AND pg_catalog.pg_class.relkind = ANY (ARRAY[$2::VARCHAR, $3::VARCHAR, $4::VARCHAR, $5::VARCHAR, $6::VARCHAR]) AND pg_catalog.pg_table_is_visible(pg_catalog.pg_class.oid) AND pg_catalog.pg_namespace.nspname != $7::VARCHAR (base.py:1840)
2025-09-05 14:58:05 [    INFO] [cached since 4.695s ago] ('api_cache', 'r', 'p', 'f', 'v', 'm', 'pg_catalog') (base.py:1840)
2025-09-05 14:58:05 [    INFO] SELECT pg_catalog.pg_class.relname 
FROM pg_catalog.pg_class JOIN pg_catalog.pg_namespace ON pg_catalog.pg_namespace.oid = pg_catalog.pg_class.relnamespace 
WHERE pg_catalog.pg_class.relname = $1::VARCHAR AND pg_catalog.pg_class.relkind = ANY (ARRAY[$2::VARCHAR, $3::VARCHAR, $4::VARCHAR, $5::VARCHAR, $6::VARCHAR]) AND pg_catalog.pg_table_is_visible(pg_catalog.pg_class.oid) AND pg_catalog.pg_namespace.nspname != $7::VARCHAR (base.py:1840)
2025-09-05 14:58:05 [    INFO] [cached since 4.696s ago] ('mobile_app_configs', 'r', 'p', 'f', 'v', 'm', 'pg_catalog') (base.py:1840)
2025-09-05 14:58:05 [    INFO] SELECT pg_catalog.pg_class.relname 
FROM pg_catalog.pg_class JOIN pg_catalog.pg_namespace ON pg_catalog.pg_namespace.oid = pg_catalog.pg_class.relnamespace 
WHERE pg_catalog.pg_class.relname = $1::VARCHAR AND pg_catalog.pg_class.relkind = ANY (ARRAY[$2::VARCHAR, $3::VARCHAR, $4::VARCHAR, $5::VARCHAR, $6::VARCHAR]) AND pg_catalog.pg_table_is_visible(pg_catalog.pg_class.oid) AND pg_catalog.pg_namespace.nspname != $7::VARCHAR (base.py:1840)
2025-09-05 14:58:05 [    INFO] [cached since 4.698s ago] ('mobile_feature_flags', 'r', 'p', 'f', 'v', 'm', 'pg_catalog') (base.py:1840)
2025-09-05 14:58:05 [    INFO] SELECT pg_catalog.pg_class.relname 
FROM pg_catalog.pg_class JOIN pg_catalog.pg_namespace ON pg_catalog.pg_namespace.oid = pg_catalog.pg_class.relnamespace 
WHERE pg_catalog.pg_class.relname = $1::VARCHAR AND pg_catalog.pg_class.relkind = ANY (ARRAY[$2::VARCHAR, $3::VARCHAR, $4::VARCHAR, $5::VARCHAR, $6::VARCHAR]) AND pg_catalog.pg_table_is_visible(pg_catalog.pg_class.oid) AND pg_catalog.pg_namespace.nspname != $7::VARCHAR (base.py:1840)
2025-09-05 14:58:05 [    INFO] [cached since 4.7s ago] ('mobile_performance_metrics', 'r', 'p', 'f', 'v', 'm', 'pg_catalog') (base.py:1840)
2025-09-05 14:58:05 [    INFO] SELECT pg_catalog.pg_class.relname 
FROM pg_catalog.pg_class JOIN pg_catalog.pg_namespace ON pg_catalog.pg_namespace.oid = pg_catalog.pg_class.relnamespace 
WHERE pg_catalog.pg_class.relname = $1::VARCHAR AND pg_catalog.pg_class.relkind = ANY (ARRAY[$2::VARCHAR, $3::VARCHAR, $4::VARCHAR, $5::VARCHAR, $6::VARCHAR]) AND pg_catalog.pg_table_is_visible(pg_catalog.pg_class.oid) AND pg_catalog.pg_namespace.nspname != $7::VARCHAR (base.py:1840)
2025-09-05 14:58:05 [    INFO] [cached since 4.701s ago] ('mobile_offline_queue', 'r', 'p', 'f', 'v', 'm', 'pg_catalog') (base.py:1840)
2025-09-05 14:58:05 [    INFO] SELECT pg_catalog.pg_class.relname 
FROM pg_catalog.pg_class JOIN pg_catalog.pg_namespace ON pg_catalog.pg_namespace.oid = pg_catalog.pg_class.relnamespace 
WHERE pg_catalog.pg_class.relname = $1::VARCHAR AND pg_catalog.pg_class.relkind = ANY (ARRAY[$2::VARCHAR, $3::VARCHAR, $4::VARCHAR, $5::VARCHAR, $6::VARCHAR]) AND pg_catalog.pg_table_is_visible(pg_catalog.pg_class.oid) AND pg_catalog.pg_namespace.nspname != $7::VARCHAR (base.py:1840)
2025-09-05 14:58:05 [    INFO] [cached since 4.703s ago] ('mobile_push_notifications', 'r', 'p', 'f', 'v', 'm', 'pg_catalog') (base.py:1840)
2025-09-05 14:58:05 [    INFO] SELECT pg_catalog.pg_class.relname 
FROM pg_catalog.pg_class JOIN pg_catalog.pg_namespace ON pg_catalog.pg_namespace.oid = pg_catalog.pg_class.relnamespace 
WHERE pg_catalog.pg_class.relname = $1::VARCHAR AND pg_catalog.pg_class.relkind = ANY (ARRAY[$2::VARCHAR, $3::VARCHAR, $4::VARCHAR, $5::VARCHAR, $6::VARCHAR]) AND pg_catalog.pg_table_is_visible(pg_catalog.pg_class.oid) AND pg_catalog.pg_namespace.nspname != $7::VARCHAR (base.py:1840)
2025-09-05 14:58:05 [    INFO] [cached since 4.705s ago] ('mobile_sync_states', 'r', 'p', 'f', 'v', 'm', 'pg_catalog') (base.py:1840)
2025-09-05 14:58:05 [    INFO] SELECT pg_catalog.pg_class.relname 
FROM pg_catalog.pg_class JOIN pg_catalog.pg_namespace ON pg_catalog.pg_namespace.oid = pg_catalog.pg_class.relnamespace 
WHERE pg_catalog.pg_class.relname = $1::VARCHAR AND pg_catalog.pg_class.relkind = ANY (ARRAY[$2::VARCHAR, $3::VARCHAR, $4::VARCHAR, $5::VARCHAR, $6::VARCHAR]) AND pg_catalog.pg_table_is_visible(pg_catalog.pg_class.oid) AND pg_catalog.pg_namespace.nspname != $7::VARCHAR (base.py:1840)
2025-09-05 14:58:05 [    INFO] [cached since 4.707s ago] ('notifications', 'r', 'p', 'f', 'v', 'm', 'pg_catalog') (base.py:1840)
2025-09-05 14:58:05 [    INFO] SELECT pg_catalog.pg_class.relname 
FROM pg_catalog.pg_class JOIN pg_catalog.pg_namespace ON pg_catalog.pg_namespace.oid = pg_catalog.pg_class.relnamespace 
WHERE pg_catalog.pg_class.relname = $1::VARCHAR AND pg_catalog.pg_class.relkind = ANY (ARRAY[$2::VARCHAR, $3::VARCHAR, $4::VARCHAR, $5::VARCHAR, $6::VARCHAR]) AND pg_catalog.pg_table_is_visible(pg_catalog.pg_class.oid) AND pg_catalog.pg_namespace.nspname != $7::VARCHAR (base.py:1840)
2025-09-05 14:58:05 [    INFO] [cached since 4.708s ago] ('notification_delivery_attempts', 'r', 'p', 'f', 'v', 'm', 'pg_catalog') (base.py:1840)
2025-09-05 14:58:05 [    INFO] SELECT pg_catalog.pg_class.relname 
FROM pg_catalog.pg_class JOIN pg_catalog.pg_namespace ON pg_catalog.pg_namespace.oid = pg_catalog.pg_class.relnamespace 
WHERE pg_catalog.pg_class.relname = $1::VARCHAR AND pg_catalog.pg_class.relkind = ANY (ARRAY[$2::VARCHAR, $3::VARCHAR, $4::VARCHAR, $5::VARCHAR, $6::VARCHAR]) AND pg_catalog.pg_table_is_visible(pg_catalog.pg_class.oid) AND pg_catalog.pg_namespace.nspname != $7::VARCHAR (base.py:1840)
2025-09-05 14:58:05 [    INFO] [cached since 4.71s ago] ('notification_templates', 'r', 'p', 'f', 'v', 'm', 'pg_catalog') (base.py:1840)
2025-09-05 14:58:05 [    INFO] SELECT pg_catalog.pg_class.relname 
FROM pg_catalog.pg_class JOIN pg_catalog.pg_namespace ON pg_catalog.pg_namespace.oid = pg_catalog.pg_class.relnamespace 
WHERE pg_catalog.pg_class.relname = $1::VARCHAR AND pg_catalog.pg_class.relkind = ANY (ARRAY[$2::VARCHAR, $3::VARCHAR, $4::VARCHAR, $5::VARCHAR, $6::VARCHAR]) AND pg_catalog.pg_table_is_visible(pg_catalog.pg_class.oid) AND pg_catalog.pg_namespace.nspname != $7::VARCHAR (base.py:1840)
2025-09-05 14:58:05 [    INFO] [cached since 4.711s ago] ('user_notification_preferences', 'r', 'p', 'f', 'v', 'm', 'pg_catalog') (base.py:1840)
2025-09-05 14:58:05 [    INFO] SELECT pg_catalog.pg_class.relname 
FROM pg_catalog.pg_class JOIN pg_catalog.pg_namespace ON pg_catalog.pg_namespace.oid = pg_catalog.pg_class.relnamespace 
WHERE pg_catalog.pg_class.relname = $1::VARCHAR AND pg_catalog.pg_class.relkind = ANY (ARRAY[$2::VARCHAR, $3::VARCHAR, $4::VARCHAR, $5::VARCHAR, $6::VARCHAR]) AND pg_catalog.pg_table_is_visible(pg_catalog.pg_class.oid) AND pg_catalog.pg_namespace.nspname != $7::VARCHAR (base.py:1840)
2025-09-05 14:58:05 [    INFO] [cached since 4.713s ago] ('notification_subscriptions', 'r', 'p', 'f', 'v', 'm', 'pg_catalog') (base.py:1840)
2025-09-05 14:58:05 [    INFO] SELECT pg_catalog.pg_class.relname 
FROM pg_catalog.pg_class JOIN pg_catalog.pg_namespace ON pg_catalog.pg_namespace.oid = pg_catalog.pg_class.relnamespace 
WHERE pg_catalog.pg_class.relname = $1::VARCHAR AND pg_catalog.pg_class.relkind = ANY (ARRAY[$2::VARCHAR, $3::VARCHAR, $4::VARCHAR, $5::VARCHAR, $6::VARCHAR]) AND pg_catalog.pg_table_is_visible(pg_catalog.pg_class.oid) AND pg_catalog.pg_namespace.nspname != $7::VARCHAR (base.py:1840)
2025-09-05 14:58:05 [    INFO] [cached since 4.715s ago] ('notification_batches', 'r', 'p', 'f', 'v', 'm', 'pg_catalog') (base.py:1840)
2025-09-05 14:58:05 [    INFO] SELECT pg_catalog.pg_class.relname 
FROM pg_catalog.pg_class JOIN pg_catalog.pg_namespace ON pg_catalog.pg_namespace.oid = pg_catalog.pg_class.relnamespace 
WHERE pg_catalog.pg_class.relname = $1::VARCHAR AND pg_catalog.pg_class.relkind = ANY (ARRAY[$2::VARCHAR, $3::VARCHAR, $4::VARCHAR, $5::VARCHAR, $6::VARCHAR]) AND pg_catalog.pg_table_is_visible(pg_catalog.pg_class.oid) AND pg_catalog.pg_namespace.nspname != $7::VARCHAR (base.py:1840)
2025-09-05 14:58:05 [    INFO] [cached since 4.717s ago] ('notification_webhooks', 'r', 'p', 'f', 'v', 'm', 'pg_catalog') (base.py:1840)
2025-09-05 14:58:05 [    INFO] SELECT pg_catalog.pg_class.relname 
FROM pg_catalog.pg_class JOIN pg_catalog.pg_namespace ON pg_catalog.pg_namespace.oid = pg_catalog.pg_class.relnamespace 
WHERE pg_catalog.pg_class.relname = $1::VARCHAR AND pg_catalog.pg_class.relkind = ANY (ARRAY[$2::VARCHAR, $3::VARCHAR, $4::VARCHAR, $5::VARCHAR, $6::VARCHAR]) AND pg_catalog.pg_table_is_visible(pg_catalog.pg_class.oid) AND pg_catalog.pg_namespace.nspname != $7::VARCHAR (base.py:1840)
2025-09-05 14:58:05 [    INFO] [cached since 4.718s ago] ('notification_analytics', 'r', 'p', 'f', 'v', 'm', 'pg_catalog') (base.py:1840)
2025-09-05 14:58:05 [    INFO] SELECT pg_catalog.pg_class.relname 
FROM pg_catalog.pg_class JOIN pg_catalog.pg_namespace ON pg_catalog.pg_namespace.oid = pg_catalog.pg_class.relnamespace 
WHERE pg_catalog.pg_class.relname = $1::VARCHAR AND pg_catalog.pg_class.relkind = ANY (ARRAY[$2::VARCHAR, $3::VARCHAR, $4::VARCHAR, $5::VARCHAR, $6::VARCHAR]) AND pg_catalog.pg_table_is_visible(pg_catalog.pg_class.oid) AND pg_catalog.pg_namespace.nspname != $7::VARCHAR (base.py:1840)
2025-09-05 14:58:05 [    INFO] [cached since 4.72s ago] ('ratings', 'r', 'p', 'f', 'v', 'm', 'pg_catalog') (base.py:1840)
2025-09-05 14:58:05 [    INFO] SELECT pg_catalog.pg_class.relname 
FROM pg_catalog.pg_class JOIN pg_catalog.pg_namespace ON pg_catalog.pg_namespace.oid = pg_catalog.pg_class.relnamespace 
WHERE pg_catalog.pg_class.relname = $1::VARCHAR AND pg_catalog.pg_class.relkind = ANY (ARRAY[$2::VARCHAR, $3::VARCHAR, $4::VARCHAR, $5::VARCHAR, $6::VARCHAR]) AND pg_catalog.pg_table_is_visible(pg_catalog.pg_class.oid) AND pg_catalog.pg_namespace.nspname != $7::VARCHAR (base.py:1840)
2025-09-05 14:58:05 [    INFO] [cached since 4.721s ago] ('reports', 'r', 'p', 'f', 'v', 'm', 'pg_catalog') (base.py:1840)
2025-09-05 14:58:05 [    INFO] SELECT pg_catalog.pg_class.relname 
FROM pg_catalog.pg_class JOIN pg_catalog.pg_namespace ON pg_catalog.pg_namespace.oid = pg_catalog.pg_class.relnamespace 
WHERE pg_catalog.pg_class.relname = $1::VARCHAR AND pg_catalog.pg_class.relkind = ANY (ARRAY[$2::VARCHAR, $3::VARCHAR, $4::VARCHAR, $5::VARCHAR, $6::VARCHAR]) AND pg_catalog.pg_table_is_visible(pg_catalog.pg_class.oid) AND pg_catalog.pg_namespace.nspname != $7::VARCHAR (base.py:1840)
2025-09-05 14:58:05 [    INFO] [cached since 4.723s ago] ('report_data', 'r', 'p', 'f', 'v', 'm', 'pg_catalog') (base.py:1840)
2025-09-05 14:58:05 [    INFO] SELECT pg_catalog.pg_class.relname 
FROM pg_catalog.pg_class JOIN pg_catalog.pg_namespace ON pg_catalog.pg_namespace.oid = pg_catalog.pg_class.relnamespace 
WHERE pg_catalog.pg_class.relname = $1::VARCHAR AND pg_catalog.pg_class.relkind = ANY (ARRAY[$2::VARCHAR, $3::VARCHAR, $4::VARCHAR, $5::VARCHAR, $6::VARCHAR]) AND pg_catalog.pg_table_is_visible(pg_catalog.pg_class.oid) AND pg_catalog.pg_namespace.nspname != $7::VARCHAR (base.py:1840)
2025-09-05 14:58:05 [    INFO] [cached since 4.725s ago] ('rfqs', 'r', 'p', 'f', 'v', 'm', 'pg_catalog') (base.py:1840)
2025-09-05 14:58:05 [    INFO] SELECT pg_catalog.pg_class.relname 
FROM pg_catalog.pg_class JOIN pg_catalog.pg_namespace ON pg_catalog.pg_namespace.oid = pg_catalog.pg_class.relnamespace 
WHERE pg_catalog.pg_class.relname = $1::VARCHAR AND pg_catalog.pg_class.relkind = ANY (ARRAY[$2::VARCHAR, $3::VARCHAR, $4::VARCHAR, $5::VARCHAR, $6::VARCHAR]) AND pg_catalog.pg_table_is_visible(pg_catalog.pg_class.oid) AND pg_catalog.pg_namespace.nspname != $7::VARCHAR (base.py:1840)
2025-09-05 14:58:05 [    INFO] [cached since 4.727s ago] ('quotes', 'r', 'p', 'f', 'v', 'm', 'pg_catalog') (base.py:1840)
2025-09-05 14:58:05 [    INFO] SELECT pg_catalog.pg_class.relname 
FROM pg_catalog.pg_class JOIN pg_catalog.pg_namespace ON pg_catalog.pg_namespace.oid = pg_catalog.pg_class.relnamespace 
WHERE pg_catalog.pg_class.relname = $1::VARCHAR AND pg_catalog.pg_class.relkind = ANY (ARRAY[$2::VARCHAR, $3::VARCHAR, $4::VARCHAR, $5::VARCHAR, $6::VARCHAR]) AND pg_catalog.pg_table_is_visible(pg_catalog.pg_class.oid) AND pg_catalog.pg_namespace.nspname != $7::VARCHAR (base.py:1840)
2025-09-05 14:58:05 [    INFO] [cached since 4.728s ago] ('subscription_plans', 'r', 'p', 'f', 'v', 'm', 'pg_catalog') (base.py:1840)
2025-09-05 14:58:05 [    INFO] SELECT pg_catalog.pg_class.relname 
FROM pg_catalog.pg_class JOIN pg_catalog.pg_namespace ON pg_catalog.pg_namespace.oid = pg_catalog.pg_class.relnamespace 
WHERE pg_catalog.pg_class.relname = $1::VARCHAR AND pg_catalog.pg_class.relkind = ANY (ARRAY[$2::VARCHAR, $3::VARCHAR, $4::VARCHAR, $5::VARCHAR, $6::VARCHAR]) AND pg_catalog.pg_table_is_visible(pg_catalog.pg_class.oid) AND pg_catalog.pg_namespace.nspname != $7::VARCHAR (base.py:1840)
2025-09-05 14:58:05 [    INFO] [cached since 4.73s ago] ('user_subscriptions', 'r', 'p', 'f', 'v', 'm', 'pg_catalog') (base.py:1840)
2025-09-05 14:58:05 [    INFO] SELECT pg_catalog.pg_class.relname 
FROM pg_catalog.pg_class JOIN pg_catalog.pg_namespace ON pg_catalog.pg_namespace.oid = pg_catalog.pg_class.relnamespace 
WHERE pg_catalog.pg_class.relname = $1::VARCHAR AND pg_catalog.pg_class.relkind = ANY (ARRAY[$2::VARCHAR, $3::VARCHAR, $4::VARCHAR, $5::VARCHAR, $6::VARCHAR]) AND pg_catalog.pg_table_is_visible(pg_catalog.pg_class.oid) AND pg_catalog.pg_namespace.nspname != $7::VARCHAR (base.py:1840)
2025-09-05 14:58:05 [    INFO] [cached since 4.731s ago] ('search_queries', 'r', 'p', 'f', 'v', 'm', 'pg_catalog') (base.py:1840)
2025-09-05 14:58:05 [    INFO] SELECT pg_catalog.pg_class.relname 
FROM pg_catalog.pg_class JOIN pg_catalog.pg_namespace ON pg_catalog.pg_namespace.oid = pg_catalog.pg_class.relnamespace 
WHERE pg_catalog.pg_class.relname = $1::VARCHAR AND pg_catalog.pg_class.relkind = ANY (ARRAY[$2::VARCHAR, $3::VARCHAR, $4::VARCHAR, $5::VARCHAR, $6::VARCHAR]) AND pg_catalog.pg_table_is_visible(pg_catalog.pg_class.oid) AND pg_catalog.pg_namespace.nspname != $7::VARCHAR (base.py:1840)
2025-09-05 14:58:05 [    INFO] [cached since 4.733s ago] ('search_index', 'r', 'p', 'f', 'v', 'm', 'pg_catalog') (base.py:1840)
2025-09-05 14:58:05 [    INFO] SELECT pg_catalog.pg_class.relname 
FROM pg_catalog.pg_class JOIN pg_catalog.pg_namespace ON pg_catalog.pg_namespace.oid = pg_catalog.pg_class.relnamespace 
WHERE pg_catalog.pg_class.relname = $1::VARCHAR AND pg_catalog.pg_class.relkind = ANY (ARRAY[$2::VARCHAR, $3::VARCHAR, $4::VARCHAR, $5::VARCHAR, $6::VARCHAR]) AND pg_catalog.pg_table_is_visible(pg_catalog.pg_class.oid) AND pg_catalog.pg_namespace.nspname != $7::VARCHAR (base.py:1840)
2025-09-05 14:58:05 [    INFO] [cached since 4.734s ago] ('search_filters', 'r', 'p', 'f', 'v', 'm', 'pg_catalog') (base.py:1840)
2025-09-05 14:58:05 [    INFO] SELECT pg_catalog.pg_class.relname 
FROM pg_catalog.pg_class JOIN pg_catalog.pg_namespace ON pg_catalog.pg_namespace.oid = pg_catalog.pg_class.relnamespace 
WHERE pg_catalog.pg_class.relname = $1::VARCHAR AND pg_catalog.pg_class.relkind = ANY (ARRAY[$2::VARCHAR, $3::VARCHAR, $4::VARCHAR, $5::VARCHAR, $6::VARCHAR]) AND pg_catalog.pg_table_is_visible(pg_catalog.pg_class.oid) AND pg_catalog.pg_namespace.nspname != $7::VARCHAR (base.py:1840)
2025-09-05 14:58:05 [    INFO] [cached since 4.736s ago] ('search_suggestions', 'r', 'p', 'f', 'v', 'm', 'pg_catalog') (base.py:1840)
2025-09-05 14:58:05 [    INFO] SELECT pg_catalog.pg_class.relname 
FROM pg_catalog.pg_class JOIN pg_catalog.pg_namespace ON pg_catalog.pg_namespace.oid = pg_catalog.pg_class.relnamespace 
WHERE pg_catalog.pg_class.relname = $1::VARCHAR AND pg_catalog.pg_class.relkind = ANY (ARRAY[$2::VARCHAR, $3::VARCHAR, $4::VARCHAR, $5::VARCHAR, $6::VARCHAR]) AND pg_catalog.pg_table_is_visible(pg_catalog.pg_class.oid) AND pg_catalog.pg_namespace.nspname != $7::VARCHAR (base.py:1840)
2025-09-05 14:58:05 [    INFO] [cached since 4.737s ago] ('search_analytics', 'r', 'p', 'f', 'v', 'm', 'pg_catalog') (base.py:1840)
2025-09-05 14:58:05 [    INFO] SELECT pg_catalog.pg_class.relname 
FROM pg_catalog.pg_class JOIN pg_catalog.pg_namespace ON pg_catalog.pg_namespace.oid = pg_catalog.pg_class.relnamespace 
WHERE pg_catalog.pg_class.relname = $1::VARCHAR AND pg_catalog.pg_class.relkind = ANY (ARRAY[$2::VARCHAR, $3::VARCHAR, $4::VARCHAR, $5::VARCHAR, $6::VARCHAR]) AND pg_catalog.pg_table_is_visible(pg_catalog.pg_class.oid) AND pg_catalog.pg_namespace.nspname != $7::VARCHAR (base.py:1840)
2025-09-05 14:58:05 [    INFO] [cached since 4.739s ago] ('search_synonyms', 'r', 'p', 'f', 'v', 'm', 'pg_catalog') (base.py:1840)
2025-09-05 14:58:05 [    INFO] SELECT pg_catalog.pg_class.relname 
FROM pg_catalog.pg_class JOIN pg_catalog.pg_namespace ON pg_catalog.pg_namespace.oid = pg_catalog.pg_class.relnamespace 
WHERE pg_catalog.pg_class.relname = $1::VARCHAR AND pg_catalog.pg_class.relkind = ANY (ARRAY[$2::VARCHAR, $3::VARCHAR, $4::VARCHAR, $5::VARCHAR, $6::VARCHAR]) AND pg_catalog.pg_table_is_visible(pg_catalog.pg_class.oid) AND pg_catalog.pg_namespace.nspname != $7::VARCHAR (base.py:1840)
2025-09-05 14:58:05 [    INFO] [cached since 4.741s ago] ('search_blacklist', 'r', 'p', 'f', 'v', 'm', 'pg_catalog') (base.py:1840)
2025-09-05 14:58:05 [    INFO] SELECT pg_catalog.pg_class.relname 
FROM pg_catalog.pg_class JOIN pg_catalog.pg_namespace ON pg_catalog.pg_namespace.oid = pg_catalog.pg_class.relnamespace 
WHERE pg_catalog.pg_class.relname = $1::VARCHAR AND pg_catalog.pg_class.relkind = ANY (ARRAY[$2::VARCHAR, $3::VARCHAR, $4::VARCHAR, $5::VARCHAR, $6::VARCHAR]) AND pg_catalog.pg_table_is_visible(pg_catalog.pg_class.oid) AND pg_catalog.pg_namespace.nspname != $7::VARCHAR (base.py:1840)
2025-09-05 14:58:05 [    INFO] [cached since 4.742s ago] ('search_boosts', 'r', 'p', 'f', 'v', 'm', 'pg_catalog') (base.py:1840)
2025-09-05 14:58:05 [    INFO] SELECT pg_catalog.pg_class.relname 
FROM pg_catalog.pg_class JOIN pg_catalog.pg_namespace ON pg_catalog.pg_namespace.oid = pg_catalog.pg_class.relnamespace 
WHERE pg_catalog.pg_class.relname = $1::VARCHAR AND pg_catalog.pg_class.relkind = ANY (ARRAY[$2::VARCHAR, $3::VARCHAR, $4::VARCHAR, $5::VARCHAR, $6::VARCHAR]) AND pg_catalog.pg_table_is_visible(pg_catalog.pg_class.oid) AND pg_catalog.pg_namespace.nspname != $7::VARCHAR (base.py:1840)
2025-09-05 14:58:05 [    INFO] [cached since 4.744s ago] ('products', 'r', 'p', 'f', 'v', 'm', 'pg_catalog') (base.py:1840)
2025-09-05 14:58:05 [    INFO] SELECT pg_catalog.pg_class.relname 
FROM pg_catalog.pg_class JOIN pg_catalog.pg_namespace ON pg_catalog.pg_namespace.oid = pg_catalog.pg_class.relnamespace 
WHERE pg_catalog.pg_class.relname = $1::VARCHAR AND pg_catalog.pg_class.relkind = ANY (ARRAY[$2::VARCHAR, $3::VARCHAR, $4::VARCHAR, $5::VARCHAR, $6::VARCHAR]) AND pg_catalog.pg_table_is_visible(pg_catalog.pg_class.oid) AND pg_catalog.pg_namespace.nspname != $7::VARCHAR (base.py:1840)
2025-09-05 14:58:05 [    INFO] [cached since 4.746s ago] ('analytics_events', 'r', 'p', 'f', 'v', 'm', 'pg_catalog') (base.py:1840)
2025-09-05 14:58:05 [    INFO] SELECT pg_catalog.pg_class.relname 
FROM pg_catalog.pg_class JOIN pg_catalog.pg_namespace ON pg_catalog.pg_namespace.oid = pg_catalog.pg_class.relnamespace 
WHERE pg_catalog.pg_class.relname = $1::VARCHAR AND pg_catalog.pg_class.relkind = ANY (ARRAY[$2::VARCHAR, $3::VARCHAR, $4::VARCHAR, $5::VARCHAR, $6::VARCHAR]) AND pg_catalog.pg_table_is_visible(pg_catalog.pg_class.oid) AND pg_catalog.pg_namespace.nspname != $7::VARCHAR (base.py:1840)
2025-09-05 14:58:05 [    INFO] [cached since 4.747s ago] ('business_metrics', 'r', 'p', 'f', 'v', 'm', 'pg_catalog') (base.py:1840)
2025-09-05 14:58:05 [    INFO] SELECT pg_catalog.pg_class.relname 
FROM pg_catalog.pg_class JOIN pg_catalog.pg_namespace ON pg_catalog.pg_namespace.oid = pg_catalog.pg_class.relnamespace 
WHERE pg_catalog.pg_class.relname = $1::VARCHAR AND pg_catalog.pg_class.relkind = ANY (ARRAY[$2::VARCHAR, $3::VARCHAR, $4::VARCHAR, $5::VARCHAR, $6::VARCHAR]) AND pg_catalog.pg_table_is_visible(pg_catalog.pg_class.oid) AND pg_catalog.pg_namespace.nspname != $7::VARCHAR (base.py:1840)
2025-09-05 14:58:05 [    INFO] [cached since 4.749s ago] ('user_analytics', 'r', 'p', 'f', 'v', 'm', 'pg_catalog') (base.py:1840)
2025-09-05 14:58:05 [    INFO] SELECT pg_catalog.pg_class.relname 
FROM pg_catalog.pg_class JOIN pg_catalog.pg_namespace ON pg_catalog.pg_namespace.oid = pg_catalog.pg_class.relnamespace 
WHERE pg_catalog.pg_class.relname = $1::VARCHAR AND pg_catalog.pg_class.relkind = ANY (ARRAY[$2::VARCHAR, $3::VARCHAR, $4::VARCHAR, $5::VARCHAR, $6::VARCHAR]) AND pg_catalog.pg_table_is_visible(pg_catalog.pg_class.oid) AND pg_catalog.pg_namespace.nspname != $7::VARCHAR (base.py:1840)
2025-09-05 14:58:05 [    INFO] [cached since 4.751s ago] ('seller_analytics', 'r', 'p', 'f', 'v', 'm', 'pg_catalog') (base.py:1840)
2025-09-05 14:58:05 [    INFO] SELECT pg_catalog.pg_class.relname 
FROM pg_catalog.pg_class JOIN pg_catalog.pg_namespace ON pg_catalog.pg_namespace.oid = pg_catalog.pg_class.relnamespace 
WHERE pg_catalog.pg_class.relname = $1::VARCHAR AND pg_catalog.pg_class.relkind = ANY (ARRAY[$2::VARCHAR, $3::VARCHAR, $4::VARCHAR, $5::VARCHAR, $6::VARCHAR]) AND pg_catalog.pg_table_is_visible(pg_catalog.pg_class.oid) AND pg_catalog.pg_namespace.nspname != $7::VARCHAR (base.py:1840)
2025-09-05 14:58:05 [    INFO] [cached since 4.752s ago] ('product_analytics', 'r', 'p', 'f', 'v', 'm', 'pg_catalog') (base.py:1840)
2025-09-05 14:58:05 [    INFO] SELECT pg_catalog.pg_class.relname 
FROM pg_catalog.pg_class JOIN pg_catalog.pg_namespace ON pg_catalog.pg_namespace.oid = pg_catalog.pg_class.relnamespace 
WHERE pg_catalog.pg_class.relname = $1::VARCHAR AND pg_catalog.pg_class.relkind = ANY (ARRAY[$2::VARCHAR, $3::VARCHAR, $4::VARCHAR, $5::VARCHAR, $6::VARCHAR]) AND pg_catalog.pg_table_is_visible(pg_catalog.pg_class.oid) AND pg_catalog.pg_namespace.nspname != $7::VARCHAR (base.py:1840)
2025-09-05 14:58:05 [    INFO] [cached since 4.754s ago] ('financial_reports', 'r', 'p', 'f', 'v', 'm', 'pg_catalog') (base.py:1840)
2025-09-05 14:58:05 [    INFO] SELECT pg_catalog.pg_class.relname 
FROM pg_catalog.pg_class JOIN pg_catalog.pg_namespace ON pg_catalog.pg_namespace.oid = pg_catalog.pg_class.relnamespace 
WHERE pg_catalog.pg_class.relname = $1::VARCHAR AND pg_catalog.pg_class.relkind = ANY (ARRAY[$2::VARCHAR, $3::VARCHAR, $4::VARCHAR, $5::VARCHAR, $6::VARCHAR]) AND pg_catalog.pg_table_is_visible(pg_catalog.pg_class.oid) AND pg_catalog.pg_namespace.nspname != $7::VARCHAR (base.py:1840)
2025-09-05 14:58:05 [    INFO] [cached since 4.756s ago] ('performance_metrics', 'r', 'p', 'f', 'v', 'm', 'pg_catalog') (base.py:1840)
2025-09-05 14:58:05 [    INFO] SELECT pg_catalog.pg_class.relname 
FROM pg_catalog.pg_class JOIN pg_catalog.pg_namespace ON pg_catalog.pg_namespace.oid = pg_catalog.pg_class.relnamespace 
WHERE pg_catalog.pg_class.relname = $1::VARCHAR AND pg_catalog.pg_class.relkind = ANY (ARRAY[$2::VARCHAR, $3::VARCHAR, $4::VARCHAR, $5::VARCHAR, $6::VARCHAR]) AND pg_catalog.pg_table_is_visible(pg_catalog.pg_class.oid) AND pg_catalog.pg_namespace.nspname != $7::VARCHAR (base.py:1840)
2025-09-05 14:58:05 [    INFO] [cached since 4.757s ago] ('report_templates', 'r', 'p', 'f', 'v', 'm', 'pg_catalog') (base.py:1840)
2025-09-05 14:58:05 [    INFO] SELECT pg_catalog.pg_class.relname 
FROM pg_catalog.pg_class JOIN pg_catalog.pg_namespace ON pg_catalog.pg_namespace.oid = pg_catalog.pg_class.relnamespace 
WHERE pg_catalog.pg_class.relname = $1::VARCHAR AND pg_catalog.pg_class.relkind = ANY (ARRAY[$2::VARCHAR, $3::VARCHAR, $4::VARCHAR, $5::VARCHAR, $6::VARCHAR]) AND pg_catalog.pg_table_is_visible(pg_catalog.pg_class.oid) AND pg_catalog.pg_namespace.nspname != $7::VARCHAR (base.py:1840)
2025-09-05 14:58:05 [    INFO] [cached since 4.759s ago] ('scheduled_reports', 'r', 'p', 'f', 'v', 'm', 'pg_catalog') (base.py:1840)
2025-09-05 14:58:05 [    INFO] SELECT pg_catalog.pg_class.relname 
FROM pg_catalog.pg_class JOIN pg_catalog.pg_namespace ON pg_catalog.pg_namespace.oid = pg_catalog.pg_class.relnamespace 
WHERE pg_catalog.pg_class.relname = $1::VARCHAR AND pg_catalog.pg_class.relkind = ANY (ARRAY[$2::VARCHAR, $3::VARCHAR, $4::VARCHAR, $5::VARCHAR, $6::VARCHAR]) AND pg_catalog.pg_table_is_visible(pg_catalog.pg_class.oid) AND pg_catalog.pg_namespace.nspname != $7::VARCHAR (base.py:1840)
2025-09-05 14:58:05 [    INFO] [cached since 4.761s ago] ('report_executions', 'r', 'p', 'f', 'v', 'm', 'pg_catalog') (base.py:1840)
2025-09-05 14:58:05 [    INFO] SELECT pg_catalog.pg_class.relname 
FROM pg_catalog.pg_class JOIN pg_catalog.pg_namespace ON pg_catalog.pg_namespace.oid = pg_catalog.pg_class.relnamespace 
WHERE pg_catalog.pg_class.relname = $1::VARCHAR AND pg_catalog.pg_class.relkind = ANY (ARRAY[$2::VARCHAR, $3::VARCHAR, $4::VARCHAR, $5::VARCHAR, $6::VARCHAR]) AND pg_catalog.pg_table_is_visible(pg_catalog.pg_class.oid) AND pg_catalog.pg_namespace.nspname != $7::VARCHAR (base.py:1840)
2025-09-05 14:58:05 [    INFO] [cached since 4.763s ago] ('dashboards', 'r', 'p', 'f', 'v', 'm', 'pg_catalog') (base.py:1840)
2025-09-05 14:58:05 [    INFO] SELECT pg_catalog.pg_class.relname 
FROM pg_catalog.pg_class JOIN pg_catalog.pg_namespace ON pg_catalog.pg_namespace.oid = pg_catalog.pg_class.relnamespace 
WHERE pg_catalog.pg_class.relname = $1::VARCHAR AND pg_catalog.pg_class.relkind = ANY (ARRAY[$2::VARCHAR, $3::VARCHAR, $4::VARCHAR, $5::VARCHAR, $6::VARCHAR]) AND pg_catalog.pg_table_is_visible(pg_catalog.pg_class.oid) AND pg_catalog.pg_namespace.nspname != $7::VARCHAR (base.py:1840)
2025-09-05 14:58:05 [    INFO] [cached since 4.764s ago] ('data_exports', 'r', 'p', 'f', 'v', 'm', 'pg_catalog') (base.py:1840)
2025-09-05 14:58:05 [    INFO] SELECT pg_catalog.pg_class.relname 
FROM pg_catalog.pg_class JOIN pg_catalog.pg_namespace ON pg_catalog.pg_namespace.oid = pg_catalog.pg_class.relnamespace 
WHERE pg_catalog.pg_class.relname = $1::VARCHAR AND pg_catalog.pg_class.relkind = ANY (ARRAY[$2::VARCHAR, $3::VARCHAR, $4::VARCHAR, $5::VARCHAR, $6::VARCHAR]) AND pg_catalog.pg_table_is_visible(pg_catalog.pg_class.oid) AND pg_catalog.pg_namespace.nspname != $7::VARCHAR (base.py:1840)
2025-09-05 14:58:05 [    INFO] [cached since 4.766s ago] ('wallets', 'r', 'p', 'f', 'v', 'm', 'pg_catalog') (base.py:1840)
2025-09-05 14:58:05 [    INFO] SELECT pg_catalog.pg_class.relname 
FROM pg_catalog.pg_class JOIN pg_catalog.pg_namespace ON pg_catalog.pg_namespace.oid = pg_catalog.pg_class.relnamespace 
WHERE pg_catalog.pg_class.relname = $1::VARCHAR AND pg_catalog.pg_class.relkind = ANY (ARRAY[$2::VARCHAR, $3::VARCHAR, $4::VARCHAR, $5::VARCHAR, $6::VARCHAR]) AND pg_catalog.pg_table_is_visible(pg_catalog.pg_class.oid) AND pg_catalog.pg_namespace.nspname != $7::VARCHAR (base.py:1840)
2025-09-05 14:58:05 [    INFO] [cached since 4.768s ago] ('transactions', 'r', 'p', 'f', 'v', 'm', 'pg_catalog') (base.py:1840)
2025-09-05 14:58:05 [    INFO] SELECT pg_catalog.pg_type.typname 
FROM pg_catalog.pg_type JOIN pg_catalog.pg_namespace ON pg_catalog.pg_namespace.oid = pg_catalog.pg_type.typnamespace 
WHERE pg_catalog.pg_type.typname = $1::VARCHAR AND pg_catalog.pg_type_is_visible(pg_catalog.pg_type.oid) AND pg_catalog.pg_namespace.nspname != $2::VARCHAR (base.py:1840)
2025-09-05 14:58:05 [    INFO] [cached since 4.711s ago] ('adminrole', 'pg_catalog') (base.py:1840)
2025-09-05 14:58:05 [    INFO] SELECT pg_catalog.pg_type.typname 
FROM pg_catalog.pg_type JOIN pg_catalog.pg_namespace ON pg_catalog.pg_namespace.oid = pg_catalog.pg_type.typnamespace 
WHERE pg_catalog.pg_type.typname = $1::VARCHAR AND pg_catalog.pg_type_is_visible(pg_catalog.pg_type.oid) AND pg_catalog.pg_namespace.nspname != $2::VARCHAR (base.py:1840)
2025-09-05 14:58:05 [    INFO] [cached since 4.713s ago] ('adminactiontype', 'pg_catalog') (base.py:1840)
2025-09-05 14:58:05 [    INFO] SELECT pg_catalog.pg_type.typname 
FROM pg_catalog.pg_type JOIN pg_catalog.pg_namespace ON pg_catalog.pg_namespace.oid = pg_catalog.pg_type.typnamespace 
WHERE pg_catalog.pg_type.typname = $1::VARCHAR AND pg_catalog.pg_type_is_visible(pg_catalog.pg_type.oid) AND pg_catalog.pg_namespace.nspname != $2::VARCHAR (base.py:1840)
2025-09-05 14:58:05 [    INFO] [cached since 4.715s ago] ('adminactionstatus', 'pg_catalog') (base.py:1840)
2025-09-05 14:58:05 [    INFO] SELECT pg_catalog.pg_type.typname 
FROM pg_catalog.pg_type JOIN pg_catalog.pg_namespace ON pg_catalog.pg_namespace.oid = pg_catalog.pg_type.typnamespace 
WHERE pg_catalog.pg_type.typname = $1::VARCHAR AND pg_catalog.pg_type_is_visible(pg_catalog.pg_type.oid) AND pg_catalog.pg_namespace.nspname != $2::VARCHAR (base.py:1840)
2025-09-05 14:58:05 [    INFO] [cached since 4.717s ago] ('paymentstatus', 'pg_catalog') (base.py:1840)
2025-09-05 14:58:05 [    INFO] SELECT pg_catalog.pg_type.typname 
FROM pg_catalog.pg_type JOIN pg_catalog.pg_namespace ON pg_catalog.pg_namespace.oid = pg_catalog.pg_type.typnamespace 
WHERE pg_catalog.pg_type.typname = $1::VARCHAR AND pg_catalog.pg_type_is_visible(pg_catalog.pg_type.oid) AND pg_catalog.pg_namespace.nspname != $2::VARCHAR (base.py:1840)
2025-09-05 14:58:05 [    INFO] [cached since 4.719s ago] ('paymentmethod', 'pg_catalog') (base.py:1840)
2025-09-05 14:58:05 [    INFO] SELECT pg_catalog.pg_type.typname 
FROM pg_catalog.pg_type JOIN pg_catalog.pg_namespace ON pg_catalog.pg_namespace.oid = pg_catalog.pg_type.typnamespace 
WHERE pg_catalog.pg_type.typname = $1::VARCHAR AND pg_catalog.pg_type_is_visible(pg_catalog.pg_type.oid) AND pg_catalog.pg_namespace.nspname != $2::VARCHAR (base.py:1840)
2025-09-05 14:58:05 [    INFO] [cached since 4.721s ago] ('paymenttype', 'pg_catalog') (base.py:1840)
2025-09-05 14:58:05 [    INFO] SELECT pg_catalog.pg_type.typname 
FROM pg_catalog.pg_type JOIN pg_catalog.pg_namespace ON pg_catalog.pg_namespace.oid = pg_catalog.pg_type.typnamespace 
WHERE pg_catalog.pg_type.typname = $1::VARCHAR AND pg_catalog.pg_type_is_visible(pg_catalog.pg_type.oid) AND pg_catalog.pg_namespace.nspname != $2::VARCHAR (base.py:1840)
2025-09-05 14:58:05 [    INFO] [cached since 4.723s ago] ('orderstatus', 'pg_catalog') (base.py:1840)
2025-09-05 14:58:05 [    INFO] SELECT pg_catalog.pg_type.typname 
FROM pg_catalog.pg_type JOIN pg_catalog.pg_namespace ON pg_catalog.pg_namespace.oid = pg_catalog.pg_type.typnamespace 
WHERE pg_catalog.pg_type.typname = $1::VARCHAR AND pg_catalog.pg_type_is_visible(pg_catalog.pg_type.oid) AND pg_catalog.pg_namespace.nspname != $2::VARCHAR (base.py:1840)
2025-09-05 14:58:05 [    INFO] [cached since 4.725s ago] ('adtype', 'pg_catalog') (base.py:1840)
2025-09-05 14:58:05 [    INFO] SELECT pg_catalog.pg_type.typname 
FROM pg_catalog.pg_type JOIN pg_catalog.pg_namespace ON pg_catalog.pg_namespace.oid = pg_catalog.pg_type.typnamespace 
WHERE pg_catalog.pg_type.typname = $1::VARCHAR AND pg_catalog.pg_type_is_visible(pg_catalog.pg_type.oid) AND pg_catalog.pg_namespace.nspname != $2::VARCHAR (base.py:1840)
2025-09-05 14:58:05 [    INFO] [cached since 4.728s ago] ('adstatus', 'pg_catalog') (base.py:1840)
2025-09-05 14:58:05 [    INFO] SELECT pg_catalog.pg_type.typname 
FROM pg_catalog.pg_type JOIN pg_catalog.pg_namespace ON pg_catalog.pg_namespace.oid = pg_catalog.pg_type.typnamespace 
WHERE pg_catalog.pg_type.typname = $1::VARCHAR AND pg_catalog.pg_type_is_visible(pg_catalog.pg_type.oid) AND pg_catalog.pg_namespace.nspname != $2::VARCHAR (base.py:1840)
2025-09-05 14:58:05 [    INFO] [cached since 4.73s ago] ('biddingtype', 'pg_catalog') (base.py:1840)
2025-09-05 14:58:05 [    INFO] SELECT pg_catalog.pg_type.typname 
FROM pg_catalog.pg_type JOIN pg_catalog.pg_namespace ON pg_catalog.pg_namespace.oid = pg_catalog.pg_type.typnamespace 
WHERE pg_catalog.pg_type.typname = $1::VARCHAR AND pg_catalog.pg_type_is_visible(pg_catalog.pg_type.oid) AND pg_catalog.pg_namespace.nspname != $2::VARCHAR (base.py:1840)
2025-09-05 14:58:05 [    INFO] [cached since 4.732s ago] ('badgetypeenum', 'pg_catalog') (base.py:1840)
2025-09-05 14:58:05 [    INFO] SELECT pg_catalog.pg_type.typname 
FROM pg_catalog.pg_type JOIN pg_catalog.pg_namespace ON pg_catalog.pg_namespace.oid = pg_catalog.pg_type.typnamespace 
WHERE pg_catalog.pg_type.typname = $1::VARCHAR AND pg_catalog.pg_type_is_visible(pg_catalog.pg_type.oid) AND pg_catalog.pg_namespace.nspname != $2::VARCHAR (base.py:1840)
2025-09-05 14:58:05 [    INFO] [cached since 4.734s ago] ('currencytype', 'pg_catalog') (base.py:1840)
2025-09-05 14:58:05 [    INFO] SELECT pg_catalog.pg_type.typname 
FROM pg_catalog.pg_type JOIN pg_catalog.pg_namespace ON pg_catalog.pg_namespace.oid = pg_catalog.pg_type.typnamespace 
WHERE pg_catalog.pg_type.typname = $1::VARCHAR AND pg_catalog.pg_type_is_visible(pg_catalog.pg_type.oid) AND pg_catalog.pg_namespace.nspname != $2::VARCHAR (base.py:1840)
2025-09-05 14:58:05 [    INFO] [cached since 4.736s ago] ('transactiontype', 'pg_catalog') (base.py:1840)
2025-09-05 14:58:05 [    INFO] COMMIT (base.py:2702)
PASSED                                                                   [ 25%]
tests/plugins/full_plugins_test.py::test_plugin_init_db 
-------------------------------- live log call ---------------------------------
2025-09-05 14:58:06 [    INFO] BEGIN (implicit) (base.py:2696)
2025-09-05 14:58:06 [    INFO] SELECT pg_catalog.pg_class.relname 
FROM pg_catalog.pg_class JOIN pg_catalog.pg_namespace ON pg_catalog.pg_namespace.oid = pg_catalog.pg_class.relnamespace 
WHERE pg_catalog.pg_class.relname = $1::VARCHAR AND pg_catalog.pg_class.relkind = ANY (ARRAY[$2::VARCHAR, $3::VARCHAR, $4::VARCHAR, $5::VARCHAR, $6::VARCHAR]) AND pg_catalog.pg_table_is_visible(pg_catalog.pg_class.oid) AND pg_catalog.pg_namespace.nspname != $7::VARCHAR (base.py:1840)
2025-09-05 14:58:06 [    INFO] [cached since 5.129s ago] ('users', 'r', 'p', 'f', 'v', 'm', 'pg_catalog') (base.py:1840)
2025-09-05 14:58:06 [    INFO] ROLLBACK (base.py:2699)
FAILED                                                                   [ 50%]
tests/plugins/full_plugins_test.py::test_plugin_endpoints PASSED         [ 75%]
tests/plugins/full_plugins_test.py::test_plugin_crud_methods PASSED      [100%]

=================================== FAILURES ===================================
_____________________________ test_plugin_init_db ______________________________

loaded_plugins = {'admin': <plugins.admin.Plugin object at 0x7248a099c8d0>, 'ads': <plugins.ads.Plugin object at 0x7248a09b4890>, 'adva...anced-features.Plugin object at 0x72489d902450>, 'analytics': <plugins.analytics.Plugin object at 0x72489cb88890>, ...}

>   ???

C:\b2b-marketplace\tests\plugins\full_plugins_test.py:43: 
_ _ _ _ _ _ _ _ _ _ _ _ _ _ _ _ _ _ _ _ _ _ _ _ _ _ _ _ _ _ _ _ _ _ _ _ _ _ _ _ 
plugins/advanced-features/__init__.py:52: in init_db
    await crud.init_tables(engine)
plugins/advanced-features/crud.py:8: in init_tables
    await conn.run_sync(AITask.metadata.create_all)
/usr/local/lib/python3.11/site-packages/sqlalchemy/ext/asyncio/engine.py:887: in run_sync
    return await greenlet_spawn(
/usr/local/lib/python3.11/site-packages/sqlalchemy/util/_concurrency_py3k.py:201: in greenlet_spawn
    result = context.throw(*sys.exc_info())
             ^^^^^^^^^^^^^^^^^^^^^^^^^^^^^^
/usr/local/lib/python3.11/site-packages/sqlalchemy/sql/schema.py:5924: in create_all
    bind._run_ddl_visitor(
/usr/local/lib/python3.11/site-packages/sqlalchemy/engine/base.py:2453: in _run_ddl_visitor
    ).traverse_single(element)
      ^^^^^^^^^^^^^^^^^^^^^^^^
/usr/local/lib/python3.11/site-packages/sqlalchemy/sql/visitors.py:661: in traverse_single
    return meth(obj, **kw)
           ^^^^^^^^^^^^^^^
/usr/local/lib/python3.11/site-packages/sqlalchemy/sql/ddl.py:963: in visit_metadata
    [t for t in tables if self._can_create_table(t)]
/usr/local/lib/python3.11/site-packages/sqlalchemy/sql/ddl.py:963: in <listcomp>
    [t for t in tables if self._can_create_table(t)]
                          ^^^^^^^^^^^^^^^^^^^^^^^^^
/usr/local/lib/python3.11/site-packages/sqlalchemy/sql/ddl.py:928: in _can_create_table
    return not self.checkfirst or not self.dialect.has_table(
<string>:2: in has_table
    ???
/usr/local/lib/python3.11/site-packages/sqlalchemy/engine/reflection.py:89: in cache
    return fn(self, con, *args, **kw)
           ^^^^^^^^^^^^^^^^^^^^^^^^^^
/usr/local/lib/python3.11/site-packages/sqlalchemy/dialects/postgresql/base.py:3494: in has_table
    return bool(connection.scalar(query, {"table_name": table_name}))
                ^^^^^^^^^^^^^^^^^^^^^^^^^^^^^^^^^^^^^^^^^^^^^^^^^^^^
/usr/local/lib/python3.11/site-packages/sqlalchemy/engine/base.py:1302: in scalar
    return meth(
/usr/local/lib/python3.11/site-packages/sqlalchemy/sql/elements.py:544: in _execute_on_scalar
    return self._execute_on_connection(
/usr/local/lib/python3.11/site-packages/sqlalchemy/sql/elements.py:526: in _execute_on_connection
    return connection._execute_clauseelement(
/usr/local/lib/python3.11/site-packages/sqlalchemy/engine/base.py:1635: in _execute_clauseelement
    ret = self._execute_context(
/usr/local/lib/python3.11/site-packages/sqlalchemy/engine/base.py:1840: in _execute_context
    return self._exec_single_context(
/usr/local/lib/python3.11/site-packages/sqlalchemy/engine/base.py:1980: in _exec_single_context
    self._handle_dbapi_exception(
/usr/local/lib/python3.11/site-packages/sqlalchemy/engine/base.py:2352: in _handle_dbapi_exception
    raise exc_info[1].with_traceback(exc_info[2])
/usr/local/lib/python3.11/site-packages/sqlalchemy/engine/base.py:1961: in _exec_single_context
    self.dialect.do_execute(
/usr/local/lib/python3.11/site-packages/sqlalchemy/engine/default.py:944: in do_execute
    cursor.execute(statement, parameters)
/usr/local/lib/python3.11/site-packages/sqlalchemy/dialects/postgresql/asyncpg.py:580: in execute
    self._adapt_connection.await_(
/usr/local/lib/python3.11/site-packages/sqlalchemy/util/_concurrency_py3k.py:132: in await_only
    return current.parent.switch(awaitable)  # type: ignore[no-any-return,attr-defined] # noqa: E501
           ^^^^^^^^^^^^^^^^^^^^^^^^^^^^^^^^
/usr/local/lib/python3.11/site-packages/sqlalchemy/util/_concurrency_py3k.py:196: in greenlet_spawn
    value = await result
            ^^^^^^^^^^^^
/usr/local/lib/python3.11/site-packages/sqlalchemy/dialects/postgresql/asyncpg.py:515: in _prepare_and_execute
    await adapt_connection._start_transaction()
/usr/local/lib/python3.11/site-packages/sqlalchemy/dialects/postgresql/asyncpg.py:845: in _start_transaction
    self._handle_exception(error)
/usr/local/lib/python3.11/site-packages/sqlalchemy/dialects/postgresql/asyncpg.py:794: in _handle_exception
    raise error
/usr/local/lib/python3.11/site-packages/sqlalchemy/dialects/postgresql/asyncpg.py:843: in _start_transaction
    await self._transaction.start()
/usr/local/lib/python3.11/site-packages/asyncpg/transaction.py:146: in start
    await self._connection.execute(query)
/usr/local/lib/python3.11/site-packages/asyncpg/connection.py:349: in execute
    result = await self._protocol.query(query, timeout)
             ^^^^^^^^^^^^^^^^^^^^^^^^^^^^^^^^^^^^^^^^^^
_ _ _ _ _ _ _ _ _ _ _ _ _ _ _ _ _ _ _ _ _ _ _ _ _ _ _ _ _ _ _ _ _ _ _ _ _ _ _ _ 

>   ???
E   RuntimeError: Task <Task pending name='Task-14' coro=<test_plugin_init_db() running at C:\b2b-marketplace\tests\plugins\full_plugins_test.py:43> cb=[_run_until_complete_cb() at /usr/local/lib/python3.11/asyncio/base_events.py:181]> got Future <Future pending cb=[BaseProtocol._on_waiter_completed()]> attached to a different loop

asyncpg/protocol/protocol.pyx:375: RuntimeError

During handling of the above exception, another exception occurred:

loaded_plugins = {'admin': <plugins.admin.Plugin object at 0x7248a099c8d0>, 'ads': <plugins.ads.Plugin object at 0x7248a09b4890>, 'adva...anced-features.Plugin object at 0x72489d902450>, 'analytics': <plugins.analytics.Plugin object at 0x72489cb88890>, ...}

>   ???
E   Failed: Plugin advanced-features init_db failed: Task <Task pending name='Task-14' coro=<test_plugin_init_db() running at C:\b2b-marketplace\tests\plugins\full_plugins_test.py:43> cb=[_run_until_complete_cb() at /usr/local/lib/python3.11/asyncio/base_events.py:181]> got Future <Future pending cb=[BaseProtocol._on_waiter_completed()]> attached to a different loop

C:\b2b-marketplace\tests\plugins\full_plugins_test.py:45: Failed
----------------------------- Captured stdout call -----------------------------
2025-09-05 14:58:06,267 INFO sqlalchemy.engine.Engine BEGIN (implicit)
2025-09-05 14:58:06,268 INFO sqlalchemy.engine.Engine SELECT pg_catalog.pg_class.relname 
FROM pg_catalog.pg_class JOIN pg_catalog.pg_namespace ON pg_catalog.pg_namespace.oid = pg_catalog.pg_class.relnamespace 
WHERE pg_catalog.pg_class.relname = $1::VARCHAR AND pg_catalog.pg_class.relkind = ANY (ARRAY[$2::VARCHAR, $3::VARCHAR, $4::VARCHAR, $5::VARCHAR, $6::VARCHAR]) AND pg_catalog.pg_table_is_visible(pg_catalog.pg_class.oid) AND pg_catalog.pg_namespace.nspname != $7::VARCHAR
2025-09-05 14:58:06,268 INFO sqlalchemy.engine.Engine [cached since 5.129s ago] ('users', 'r', 'p', 'f', 'v', 'm', 'pg_catalog')
2025-09-05 14:58:06,269 INFO sqlalchemy.engine.Engine ROLLBACK
----------------------------- Captured stderr call -----------------------------
INFO:sqlalchemy.engine.Engine:BEGIN (implicit)
INFO:sqlalchemy.engine.Engine:SELECT pg_catalog.pg_class.relname 
FROM pg_catalog.pg_class JOIN pg_catalog.pg_namespace ON pg_catalog.pg_namespace.oid = pg_catalog.pg_class.relnamespace 
WHERE pg_catalog.pg_class.relname = $1::VARCHAR AND pg_catalog.pg_class.relkind = ANY (ARRAY[$2::VARCHAR, $3::VARCHAR, $4::VARCHAR, $5::VARCHAR, $6::VARCHAR]) AND pg_catalog.pg_table_is_visible(pg_catalog.pg_class.oid) AND pg_catalog.pg_namespace.nspname != $7::VARCHAR
INFO:sqlalchemy.engine.Engine:[cached since 5.129s ago] ('users', 'r', 'p', 'f', 'v', 'm', 'pg_catalog')
INFO:sqlalchemy.engine.Engine:ROLLBACK
------------------------------ Captured log call -------------------------------
INFO     sqlalchemy.engine.Engine:base.py:2696 BEGIN (implicit)
INFO     sqlalchemy.engine.Engine:base.py:1840 SELECT pg_catalog.pg_class.relname 
FROM pg_catalog.pg_class JOIN pg_catalog.pg_namespace ON pg_catalog.pg_namespace.oid = pg_catalog.pg_class.relnamespace 
WHERE pg_catalog.pg_class.relname = $1::VARCHAR AND pg_catalog.pg_class.relkind = ANY (ARRAY[$2::VARCHAR, $3::VARCHAR, $4::VARCHAR, $5::VARCHAR, $6::VARCHAR]) AND pg_catalog.pg_table_is_visible(pg_catalog.pg_class.oid) AND pg_catalog.pg_namespace.nspname != $7::VARCHAR
INFO     sqlalchemy.engine.Engine:base.py:1840 [cached since 5.129s ago] ('users', 'r', 'p', 'f', 'v', 'm', 'pg_catalog')
INFO     sqlalchemy.engine.Engine:base.py:2699 ROLLBACK
=============================== warnings summary ===============================
../usr/local/lib/python3.11/site-packages/pydantic/_internal/_config.py:323: 1 warning
tests/plugins/full_plugins_test.py: 66 warnings
  /usr/local/lib/python3.11/site-packages/pydantic/_internal/_config.py:323: PydanticDeprecatedSince20: Support for class-based `config` is deprecated, use ConfigDict instead. Deprecated in Pydantic V2.0 to be removed in V3.0. See Pydantic V2 Migration Guide at https://errors.pydantic.dev/2.11/migration/
    warnings.warn(DEPRECATION_MESSAGE, DeprecationWarning)

tests/plugins/full_plugins_test.py::test_plugins_loaded
  /usr/local/lib/python3.11/site-packages/passlib/utils/__init__.py:854: DeprecationWarning: 'crypt' is deprecated and slated for removal in Python 3.13
    from crypt import crypt as _crypt

tests/plugins/full_plugins_test.py::test_plugins_loaded
  /code/plugins/user/routes.py:93: DeprecationWarning: `regex` has been deprecated, please use `pattern` instead
    sort_dir: str = Query("asc", regex="^(asc|desc)$"),

tests/plugins/full_plugins_test.py::test_plugins_loaded
  /code/plugins/admin/routes.py:726: DeprecationWarning: `regex` has been deprecated, please use `pattern` instead
    search_type: str = Query(..., regex="^(users|products|orders|payments|tickets)$"),

tests/plugins/full_plugins_test.py::test_plugins_loaded
  /code/plugins/advanced-features/__init__.py:39: DeprecationWarning: 
          on_event is deprecated, use lifespan event handlers instead.
  
          Read more about it in the
          [FastAPI docs for Lifespan Events](https://fastapi.tiangolo.com/advanced/events/).
          
    @app.on_event("startup")

tests/plugins/full_plugins_test.py: 32 warnings
  /usr/local/lib/python3.11/site-packages/fastapi/applications.py:4495: DeprecationWarning: 
          on_event is deprecated, use lifespan event handlers instead.
  
          Read more about it in the
          [FastAPI docs for Lifespan Events](https://fastapi.tiangolo.com/advanced/events/).
          
    return self.router.on_event(event_type)

tests/plugins/full_plugins_test.py::test_plugins_loaded
  /code/plugins/advanced-features/__init__.py:43: DeprecationWarning: 
          on_event is deprecated, use lifespan event handlers instead.
  
          Read more about it in the
          [FastAPI docs for Lifespan Events](https://fastapi.tiangolo.com/advanced/events/).
          
    @app.on_event("shutdown")

tests/plugins/full_plugins_test.py::test_plugins_loaded
  /code/plugins/cart/__init__.py:38: DeprecationWarning: 
          on_event is deprecated, use lifespan event handlers instead.
  
          Read more about it in the
          [FastAPI docs for Lifespan Events](https://fastapi.tiangolo.com/advanced/events/).
          
    @app.on_event("startup")

tests/plugins/full_plugins_test.py::test_plugins_loaded
  /code/plugins/cart/__init__.py:42: DeprecationWarning: 
          on_event is deprecated, use lifespan event handlers instead.
  
          Read more about it in the
          [FastAPI docs for Lifespan Events](https://fastapi.tiangolo.com/advanced/events/).
          
    @app.on_event("shutdown")

tests/plugins/full_plugins_test.py::test_plugins_loaded
  /code/plugins/gamification/__init__.py:50: DeprecationWarning: 
          on_event is deprecated, use lifespan event handlers instead.
  
          Read more about it in the
          [FastAPI docs for Lifespan Events](https://fastapi.tiangolo.com/advanced/events/).
          
    @app.on_event("startup")

tests/plugins/full_plugins_test.py::test_plugins_loaded
  /code/plugins/gamification/__init__.py:54: DeprecationWarning: 
          on_event is deprecated, use lifespan event handlers instead.
  
          Read more about it in the
          [FastAPI docs for Lifespan Events](https://fastapi.tiangolo.com/advanced/events/).
          
    @app.on_event("shutdown")

tests/plugins/full_plugins_test.py::test_plugins_loaded
tests/plugins/full_plugins_test.py::test_plugins_loaded
tests/plugins/full_plugins_test.py::test_plugins_loaded
tests/plugins/full_plugins_test.py::test_plugins_loaded
tests/plugins/full_plugins_test.py::test_plugins_loaded
tests/plugins/full_plugins_test.py::test_plugins_loaded
tests/plugins/full_plugins_test.py::test_plugins_loaded
tests/plugins/full_plugins_test.py::test_plugins_loaded
  /usr/local/lib/python3.11/site-packages/pydantic/fields.py:1068: PydanticDeprecatedSince20: `max_items` is deprecated and will be removed, use `max_length` instead. Deprecated in Pydantic V2.0 to be removed in V3.0. See Pydantic V2 Migration Guide at https://errors.pydantic.dev/2.11/migration/
    warn('`max_items` is deprecated and will be removed, use `max_length` instead', DeprecationWarning)

tests/plugins/full_plugins_test.py::test_plugins_loaded
  /code/plugins/auth/schemas.py:135: PydanticDeprecatedSince20: Pydantic V1 style `@validator` validators are deprecated. You should migrate to Pydantic V2 style `@field_validator` validators, see the migration guide for more details. Deprecated in Pydantic V2.0 to be removed in V3.0. See Pydantic V2 Migration Guide at https://errors.pydantic.dev/2.11/migration/
    @validator('business_phones')

tests/plugins/full_plugins_test.py::test_plugins_loaded
  /code/plugins/auth/schemas.py:143: PydanticDeprecatedSince20: Pydantic V1 style `@validator` validators are deprecated. You should migrate to Pydantic V2 style `@field_validator` validators, see the migration guide for more details. Deprecated in Pydantic V2.0 to be removed in V3.0. See Pydantic V2 Migration Guide at https://errors.pydantic.dev/2.11/migration/
    @validator('business_emails')

tests/plugins/full_plugins_test.py::test_plugins_loaded
tests/plugins/full_plugins_test.py::test_plugins_loaded
tests/plugins/full_plugins_test.py::test_plugins_loaded
tests/plugins/full_plugins_test.py::test_plugins_loaded
  /usr/local/lib/python3.11/site-packages/pydantic/fields.py:1062: PydanticDeprecatedSince20: `min_items` is deprecated and will be removed, use `min_length` instead. Deprecated in Pydantic V2.0 to be removed in V3.0. See Pydantic V2 Migration Guide at https://errors.pydantic.dev/2.11/migration/
    warn('`min_items` is deprecated and will be removed, use `min_length` instead', DeprecationWarning)

tests/plugins/full_plugins_test.py::test_plugins_loaded
  /code/plugins/mobile/__init__.py:56: DeprecationWarning: 
          on_event is deprecated, use lifespan event handlers instead.
  
          Read more about it in the
          [FastAPI docs for Lifespan Events](https://fastapi.tiangolo.com/advanced/events/).
          
    @app.on_event("startup")

tests/plugins/full_plugins_test.py::test_plugins_loaded
  /code/plugins/mobile/__init__.py:60: DeprecationWarning: 
          on_event is deprecated, use lifespan event handlers instead.
  
          Read more about it in the
          [FastAPI docs for Lifespan Events](https://fastapi.tiangolo.com/advanced/events/).
          
    @app.on_event("shutdown")

tests/plugins/full_plugins_test.py::test_plugins_loaded
  /code/plugins/notifications/schemas.py:233: PydanticDeprecatedSince20: Pydantic V1 style `@validator` validators are deprecated. You should migrate to Pydantic V2 style `@field_validator` validators, see the migration guide for more details. Deprecated in Pydantic V2.0 to be removed in V3.0. See Pydantic V2 Migration Guide at https://errors.pydantic.dev/2.11/migration/
    @validator('quiet_hours_start', 'quiet_hours_end')

tests/plugins/full_plugins_test.py::test_plugins_loaded
  /code/plugins/pricing/__init__.py:42: DeprecationWarning: 
          on_event is deprecated, use lifespan event handlers instead.
  
          Read more about it in the
          [FastAPI docs for Lifespan Events](https://fastapi.tiangolo.com/advanced/events/).
          
    @app.on_event("startup")

tests/plugins/full_plugins_test.py::test_plugins_loaded
  /code/plugins/pricing/__init__.py:46: DeprecationWarning: 
          on_event is deprecated, use lifespan event handlers instead.
  
          Read more about it in the
          [FastAPI docs for Lifespan Events](https://fastapi.tiangolo.com/advanced/events/).
          
    @app.on_event("shutdown")

tests/plugins/full_plugins_test.py::test_plugins_loaded
  /code/plugins/reports/__init__.py:38: DeprecationWarning: 
          on_event is deprecated, use lifespan event handlers instead.
  
          Read more about it in the
          [FastAPI docs for Lifespan Events](https://fastapi.tiangolo.com/advanced/events/).
          
    @app.on_event("startup")

tests/plugins/full_plugins_test.py::test_plugins_loaded
  /code/plugins/reports/__init__.py:42: DeprecationWarning: 
          on_event is deprecated, use lifespan event handlers instead.
  
          Read more about it in the
          [FastAPI docs for Lifespan Events](https://fastapi.tiangolo.com/advanced/events/).
          
    @app.on_event("shutdown")

tests/plugins/full_plugins_test.py::test_plugins_loaded
  /code/plugins/subscriptions/__init__.py:34: DeprecationWarning: 
          on_event is deprecated, use lifespan event handlers instead.
  
          Read more about it in the
          [FastAPI docs for Lifespan Events](https://fastapi.tiangolo.com/advanced/events/).
          
    @app.on_event("startup")

tests/plugins/full_plugins_test.py::test_plugins_loaded
  /code/plugins/subscriptions/__init__.py:38: DeprecationWarning: 
          on_event is deprecated, use lifespan event handlers instead.
  
          Read more about it in the
          [FastAPI docs for Lifespan Events](https://fastapi.tiangolo.com/advanced/events/).
          
    @app.on_event("shutdown")

tests/plugins/full_plugins_test.py::test_plugins_loaded
  /code/plugins/test_connections/__init__.py:29: DeprecationWarning: 
          on_event is deprecated, use lifespan event handlers instead.
  
          Read more about it in the
          [FastAPI docs for Lifespan Events](https://fastapi.tiangolo.com/advanced/events/).
          
    @app.on_event("startup")

tests/plugins/full_plugins_test.py::test_plugins_loaded
  /code/plugins/test_connections/__init__.py:33: DeprecationWarning: 
          on_event is deprecated, use lifespan event handlers instead.
  
          Read more about it in the
          [FastAPI docs for Lifespan Events](https://fastapi.tiangolo.com/advanced/events/).
          
    @app.on_event("shutdown")

tests/plugins/full_plugins_test.py::test_plugins_loaded
  /code/plugins/seller/routes.py:87: DeprecationWarning: `regex` has been deprecated, please use `pattern` instead
    sort_dir: str = Query("asc", regex="^(asc|desc)$", description="Sort direction"),

tests/plugins/full_plugins_test.py::test_plugins_loaded
  /code/plugins/seller/__init__.py:35: DeprecationWarning: 
          on_event is deprecated, use lifespan event handlers instead.
  
          Read more about it in the
          [FastAPI docs for Lifespan Events](https://fastapi.tiangolo.com/advanced/events/).
          
    @app.on_event("startup")

tests/plugins/full_plugins_test.py::test_plugins_loaded
  /code/plugins/seller/__init__.py:39: DeprecationWarning: 
          on_event is deprecated, use lifespan event handlers instead.
  
          Read more about it in the
          [FastAPI docs for Lifespan Events](https://fastapi.tiangolo.com/advanced/events/).
          
    @app.on_event("shutdown")

tests/plugins/full_plugins_test.py::test_plugins_loaded
  /code/plugins/analytics/__init__.py:49: DeprecationWarning: 
          on_event is deprecated, use lifespan event handlers instead.
  
          Read more about it in the
          [FastAPI docs for Lifespan Events](https://fastapi.tiangolo.com/advanced/events/).
          
    @app.on_event("startup")

tests/plugins/full_plugins_test.py::test_plugins_loaded
  /code/plugins/analytics/__init__.py:53: DeprecationWarning: 
          on_event is deprecated, use lifespan event handlers instead.
  
          Read more about it in the
          [FastAPI docs for Lifespan Events](https://fastapi.tiangolo.com/advanced/events/).
          
    @app.on_event("shutdown")

tests/plugins/full_plugins_test.py::test_plugins_loaded
  /code/plugins/payments/__init__.py:38: DeprecationWarning: 
          on_event is deprecated, use lifespan event handlers instead.
  
          Read more about it in the
          [FastAPI docs for Lifespan Events](https://fastapi.tiangolo.com/advanced/events/).
          
    @app.on_event("startup")

tests/plugins/full_plugins_test.py::test_plugins_loaded
  /code/plugins/payments/__init__.py:42: DeprecationWarning: 
          on_event is deprecated, use lifespan event handlers instead.
  
          Read more about it in the
          [FastAPI docs for Lifespan Events](https://fastapi.tiangolo.com/advanced/events/).
          
    @app.on_event("shutdown")

tests/plugins/full_plugins_test.py::test_plugins_loaded
  /code/plugins/auth/__init__.py:44: DeprecationWarning: 
          on_event is deprecated, use lifespan event handlers instead.
  
          Read more about it in the
          [FastAPI docs for Lifespan Events](https://fastapi.tiangolo.com/advanced/events/).
          
    @app.on_event("startup")

tests/plugins/full_plugins_test.py::test_plugins_loaded
  /code/plugins/auth/__init__.py:48: DeprecationWarning: 
          on_event is deprecated, use lifespan event handlers instead.
  
          Read more about it in the
          [FastAPI docs for Lifespan Events](https://fastapi.tiangolo.com/advanced/events/).
          
    @app.on_event("shutdown")

tests/plugins/full_plugins_test.py::test_plugins_loaded
  /code/plugins/user/__init__.py:36: DeprecationWarning: 
          on_event is deprecated, use lifespan event handlers instead.
  
          Read more about it in the
          [FastAPI docs for Lifespan Events](https://fastapi.tiangolo.com/advanced/events/).
          
    @app.on_event("startup")

tests/plugins/full_plugins_test.py::test_plugins_loaded
  /code/plugins/user/__init__.py:40: DeprecationWarning: 
          on_event is deprecated, use lifespan event handlers instead.
  
          Read more about it in the
          [FastAPI docs for Lifespan Events](https://fastapi.tiangolo.com/advanced/events/).
          
    @app.on_event("shutdown")

tests/plugins/full_plugins_test.py::test_plugins_loaded
  /code/plugins/orders/__init__.py:36: DeprecationWarning: 
          on_event is deprecated, use lifespan event handlers instead.
  
          Read more about it in the
          [FastAPI docs for Lifespan Events](https://fastapi.tiangolo.com/advanced/events/).
          
    @app.on_event("startup")

tests/plugins/full_plugins_test.py::test_plugins_loaded
  /code/plugins/orders/__init__.py:40: DeprecationWarning: 
          on_event is deprecated, use lifespan event handlers instead.
  
          Read more about it in the
          [FastAPI docs for Lifespan Events](https://fastapi.tiangolo.com/advanced/events/).
          
    @app.on_event("shutdown")

tests/plugins/full_plugins_test.py::test_plugins_loaded
  /code/plugins/products/routes.py:30: DeprecationWarning: `regex` has been deprecated, please use `pattern` instead
    sort_dir: str = Query("asc", regex="^(asc|desc)$", description="Sort direction"),

tests/plugins/full_plugins_test.py::test_plugins_loaded
  /code/plugins/products/routes.py:166: DeprecationWarning: `regex` has been deprecated, please use `pattern` instead
    sort_dir: str = Query("asc", regex="^(asc|desc)$", description="Sort direction"),

tests/plugins/full_plugins_test.py::test_plugins_loaded
  /code/plugins/products/__init__.py:28: DeprecationWarning: 
          on_event is deprecated, use lifespan event handlers instead.
  
          Read more about it in the
          [FastAPI docs for Lifespan Events](https://fastapi.tiangolo.com/advanced/events/).
          
    @app.on_event("startup")

tests/plugins/full_plugins_test.py::test_plugins_loaded
  /code/plugins/products/__init__.py:32: DeprecationWarning: 
          on_event is deprecated, use lifespan event handlers instead.
  
          Read more about it in the
          [FastAPI docs for Lifespan Events](https://fastapi.tiangolo.com/advanced/events/).
          
    @app.on_event("shutdown")

tests/plugins/full_plugins_test.py::test_plugins_loaded
  /code/plugins/buyer/routes.py:85: DeprecationWarning: `regex` has been deprecated, please use `pattern` instead
    sort_dir: str = Query("asc", regex="^(asc|desc)$"),

tests/plugins/full_plugins_test.py::test_plugins_loaded
  /code/plugins/buyer/__init__.py:40: DeprecationWarning: 
          on_event is deprecated, use lifespan event handlers instead.
  
          Read more about it in the
          [FastAPI docs for Lifespan Events](https://fastapi.tiangolo.com/advanced/events/).
          
    @app.on_event("startup")

tests/plugins/full_plugins_test.py::test_plugins_loaded
  /code/plugins/buyer/__init__.py:44: DeprecationWarning: 
          on_event is deprecated, use lifespan event handlers instead.
  
          Read more about it in the
          [FastAPI docs for Lifespan Events](https://fastapi.tiangolo.com/advanced/events/).
          
    @app.on_event("shutdown")

-- Docs: https://docs.pytest.org/en/stable/how-to/capture-warnings.html
=========================== short test summary info ============================
FAILED tests/plugins/full_plugins_test.py::test_plugin_init_db - Failed: Plug...
================== 1 failed, 3 passed, 153 warnings in 9.88s ===================
